=== System Info ===
Architecture:                            aarch64
CPU op-mode(s):                          64-bit
Byte Order:                              Little Endian
CPU(s):                                  8
On-line CPU(s) list:                     0-7
Vendor ID:                               Apple
Model name:                              Blizzard-M2
Model:                                   0
Thread(s) per core:                      1
Core(s) per socket:                      4
Socket(s):                               1
Stepping:                                0x1
Frequency boost:                         disabled
CPU(s) scaling MHz:                      100%
CPU max MHz:                             2424.0000
CPU min MHz:                             600.0000
BogoMIPS:                                48.00
Linux asahi-box 6.18.15-400.asahi.fc42.aarch64+16k #1 SMP PREEMPT_DYNAMIC Wed Mar  4 13:50:11 UTC 2026 aarch64 GNU/Linux
===================
compiling: AtomXYZ/xyz_tmp/xyz_Aerolysin.f90
compiling: AtomXYZ/xyz_tmp/xyz_AntiterminatorHairpin.f90
compiling: AtomXYZ/xyz_tmp/xyz_ArginaseI.f90
compiling: AtomXYZ/xyz_tmp/xyz_BacteriorhodopsinArEnv.f90
compiling: AtomXYZ/xyz_tmp/xyz_C60BuckyBallHe.f90
compiling: AtomXYZ/xyz_tmp/xyz_CoiledCoil.f90
compiling: AtomXYZ/xyz_tmp/xyz_CollagenLikePeptide.f90
compiling: AtomXYZ/xyz_tmp/xyz_CytosolAminopeptidase.f90
compiling: AtomXYZ/xyz_tmp/xyz_Elf2Nucleosome.f90
compiling: AtomXYZ/xyz_tmp/xyz_FM197H.f90
compiling: AtomXYZ/xyz_tmp/xyz_Gb1v29Sem.f90
compiling: AtomXYZ/xyz_tmp/xyz_GPx.f90
compiling: AtomXYZ/xyz_tmp/xyz_HelixBundle.f90
compiling: AtomXYZ/xyz_tmp/xyz_Lg3Endorepellin.f90
compiling: AtomXYZ/xyz_tmp/xyz_MtCorB.f90
compiling: AtomXYZ/xyz_tmp/xyz_MutSADPBeF3DNA.f90
compiling: AtomXYZ/xyz_tmp/xyz_MyosinII10s.f90
compiling: AtomXYZ/xyz_tmp/xyz_NanoBarrel.f90
compiling: AtomXYZ/xyz_tmp/xyz_NeonMOF.f90
compiling: AtomXYZ/xyz_tmp/xyz_NeuB.f90
compiling: AtomXYZ/xyz_tmp/xyz_PHGDH.f90
compiling: AtomXYZ/xyz_tmp/xyz_PhiTEBaseplate.f90
compiling: AtomXYZ/xyz_tmp/xyz_Plastocyanin.f90
compiling: AtomXYZ/xyz_tmp/xyz_PsGQuadraplex.f90
compiling: AtomXYZ/xyz_tmp/xyz_RhccCarborane.f90
compiling: AtomXYZ/xyz_tmp/xyz_RuBisCo.f90
compiling: AtomXYZ/xyz_tmp/xyz_Selenow.f90
compiling: AtomXYZ/xyz_tmp/xyz_Stripak.f90
compiling: AtomXYZ/xyz_tmp/xyz_TeicoplaninUbiquitin.f90
compiling: AtomXYZ/xyz_tmp/xyz_TetToxHcGT1b.f90
compiling: AtomXYZ/xyz_tmp/xyz_VancomycinLacticAcid.f90
compiling: AtomXYZ/xyz_tmp/xyz_VATPaseLiRotor.f90
compiling: AtomXYZ/xyz_tmp/xyz_XyloseIsomerase.f90
==================================
Compilation complete (Release)
Compiled xyz molecules: _build/release/xyz_modules.txt
Executable: _build/release/exe/SaxsEst
==================================
 
 ====================
 Analyzing:    Aerolysin
 Number of atoms (n):       23303
 
 
 Running debyeEst...
 timing:    1958.0571140000000      s
 
 Running stratEst  s=0.50...
 timing:    46.867541000000074      s
 
 Running stratEst  s=0.45...
 timing:    38.278413000000000      s
 
 Running stratEst  s=0.40...
 timing:    30.186187000000018      s
 
 Running stratEst  s=0.35...
 timing:    23.118721000000278      s
 
 Running stratEst  s=0.30...
 timing:    17.020329999999831      s
 
 Running stratEst  s=0.25...
 timing:    11.757084999999734      s
 
 Running stratEst  s=0.20...
 timing:    7.6121769999999742      s
 
 Running stratEst  s=0.15...
 timing:    4.2663600000000770      s
 
 Running propoEst  ε=0.450; ñ=       23303 ...
 timing:    218.88705100000016      s
 
 Running propoEst  ε=0.440; ñ=       23303 ...
 timing:    218.88549899999998      s
 
 Running propoEst  ε=0.430; ñ=       23303 ...
 timing:    218.82877899999994      s
 
 Running propoEst  ε=0.420; ñ=       23303 ...
 timing:    218.85122400000000      s
 
 Running propoEst  ε=0.410; ñ=       23303 ...
 timing:    218.88018199999988      s
 
 Running propoEst  ε=0.400; ñ=       23303 ...
 timing:    218.88633799999980      s
 
 Running propoEst  ε=0.390; ñ=       23303 ...
 timing:    218.96226799999977      s
 
 Running propoEst  ε=0.380; ñ=       23303 ...
 timing:    218.91539300000022      s
 
raw analysis saved at: Analysis/2026-03-13/analysis_Aerolysin.csv 
 Finished analysis of Aerolysin
STOP 0
 ====================
 
 ====================
 Analyzing:    AntiterminatorHairpin
 Number of atoms (n):        1027
 
 
 Running debyeEst...
 timing:    4.1301350000000001      s
 
 Running stratEst  s=0.50...
 timing:    8.8887000000000604E-002 s
 
 Running stratEst  s=0.45...
 timing:    7.2332000000000285E-002 s
 
 Running stratEst  s=0.40...
 timing:    5.7432999999999623E-002 s
 
 Running stratEst  s=0.35...
 timing:    4.4083999999999790E-002 s
 
 Running stratEst  s=0.30...
 timing:    3.2778999999999670E-002 s
 
 Running stratEst  s=0.25...
 timing:    2.2924999999999862E-002 s
 
 Running stratEst  s=0.20...
 timing:    1.5033999999999992E-002 s
 
 Running stratEst  s=0.15...
 timing:    8.7219999999996745E-003 s
 
 Running propoEst  ε=0.450; ñ=        1027 ...
 timing:   0.39316299999999949      s
 
 Running propoEst  ε=0.440; ñ=        1027 ...
 timing:   0.39298599999999961      s
 
 Running propoEst  ε=0.430; ñ=        1027 ...
 timing:   0.39306799999999953      s
 
 Running propoEst  ε=0.420; ñ=        1027 ...
 timing:   0.39282199999999978      s
 
 Running propoEst  ε=0.410; ñ=        1027 ...
 timing:   0.39284799999999986      s
 
 Running propoEst  ε=0.400; ñ=        1027 ...
 timing:   0.39319199999999999      s
 
 Running propoEst  ε=0.390; ñ=        1027 ...
 timing:   0.39287800000000050      s
 
 Running propoEst  ε=0.380; ñ=        1027 ...
 timing:   0.39304200000000034      s
 
raw analysis saved at: Analysis/2026-03-13/analysis_AntiterminatorHairpin.csv 
 Finished analysis of AntiterminatorHairpin
STOP 0
 ====================
 
 ====================
 Analyzing:    ArginaseI
 Number of atoms (n):        5075
 
 
 Running debyeEst...
 timing:    99.609344000000007      s
 
 Running stratEst  s=0.50...
 timing:    2.1045140000000089      s
 
 Running stratEst  s=0.45...
 timing:    1.7062889999999982      s
 
 Running stratEst  s=0.40...
 timing:    1.3510109999999997      s
 
 Running stratEst  s=0.35...
 timing:    1.0324039999999997      s
 
 Running stratEst  s=0.30...
 timing:   0.76011099999999487      s
 
 Running stratEst  s=0.25...
 timing:   0.53168599999999344      s
 
 Running stratEst  s=0.20...
 timing:   0.34096600000000876      s
 
 Running stratEst  s=0.15...
 timing:   0.19296200000000852      s
 
 Running propoEst  ε=0.450; ñ=        5075 ...
 timing:    10.769719999999992      s
 
 Running propoEst  ε=0.440; ñ=        5075 ...
 timing:    10.770000000000010      s
 
 Running propoEst  ε=0.430; ñ=        5075 ...
 timing:    10.769153000000017      s
 
 Running propoEst  ε=0.420; ñ=        5075 ...
 timing:    10.773482000000001      s
 
 Running propoEst  ε=0.410; ñ=        5075 ...
 timing:    10.773037999999985      s
 
 Running propoEst  ε=0.400; ñ=        5075 ...
 timing:    10.773325000000000      s
 
 Running propoEst  ε=0.390; ñ=        5075 ...
 timing:    10.766948999999983      s
 
 Running propoEst  ε=0.380; ñ=        5075 ...
 timing:    10.766693000000004      s
 
raw analysis saved at: Analysis/2026-03-13/analysis_ArginaseI.csv 
 Finished analysis of ArginaseI
STOP 0
 ====================
 
 ====================
 Analyzing:    BacteriorhodopsinArEnv
 Number of atoms (n):        2236
 
 
 Running debyeEst...
 timing:    17.700906000000000      s
 
 Running stratEst  s=0.50...
 timing:   0.41058200000000156      s
 
 Running stratEst  s=0.45...
 timing:   0.34264299999999892      s
 
 Running stratEst  s=0.40...
 timing:   0.26976500000000314      s
 
 Running stratEst  s=0.35...
 timing:   0.20513300000000001      s
 
 Running stratEst  s=0.30...
 timing:   0.15275400000000161      s
 
 Running stratEst  s=0.25...
 timing:   0.10619500000000315      s
 
 Running stratEst  s=0.20...
 timing:    6.9354000000000582E-002 s
 
 Running stratEst  s=0.15...
 timing:    3.8523000000001417E-002 s
 
 Running propoEst  ε=0.450; ñ=        2236 ...
 timing:    2.0528239999999975      s
 
 Running propoEst  ε=0.440; ñ=        2236 ...
 timing:    2.0531649999999999      s
 
 Running propoEst  ε=0.430; ñ=        2236 ...
 timing:    2.0535770000000007      s
 
 Running propoEst  ε=0.420; ñ=        2236 ...
 timing:    2.0529949999999992      s
 
 Running propoEst  ε=0.410; ñ=        2236 ...
 timing:    2.0535549999999994      s
 
 Running propoEst  ε=0.400; ñ=        2236 ...
 timing:    2.0541810000000034      s
 
 Running propoEst  ε=0.390; ñ=        2236 ...
 timing:    2.0545620000000042      s
 
 Running propoEst  ε=0.380; ñ=        2236 ...
 timing:    2.0541110000000060      s
 
raw analysis saved at: Analysis/2026-03-13/analysis_BacteriorhodopsinArEnv.csv 
 Finished analysis of BacteriorhodopsinArEnv
STOP 0
 ====================
 
 ====================
 Analyzing:    C60BuckyBallHe
 Number of atoms (n):       24947
 
 
 Running debyeEst...
 timing:    2179.1621579999996      s
 
 Running stratEst  s=0.50...
 timing:    52.825327000000016      s
 
 Running stratEst  s=0.45...
 timing:    43.043320000000222      s
 
 Running stratEst  s=0.40...
 timing:    33.810201999999663      s
 
 Running stratEst  s=0.35...
 timing:    26.134230000000116      s
 
 Running stratEst  s=0.30...
 timing:    19.130962000000181      s
 
 Running stratEst  s=0.25...
 timing:    13.229567999999745      s
 
 Running stratEst  s=0.20...
 timing:    8.5691579999997884      s
 
 Running stratEst  s=0.15...
 timing:    4.7640900000001238      s
 
 Running propoEst  ε=0.450; ñ=       24947 ...
 timing:    320.07388100000026      s
 
 Running propoEst  ε=0.440; ñ=       24947 ...
 timing:    320.02628300000015      s
 
 Running propoEst  ε=0.430; ñ=       24947 ...
 timing:    320.03067199999987      s
 
 Running propoEst  ε=0.420; ñ=       24947 ...
 timing:    320.03180300000031      s
 
 Running propoEst  ε=0.410; ñ=       24947 ...
 timing:    319.99232099999972      s
 
 Running propoEst  ε=0.400; ñ=       24947 ...
 timing:    320.07706399999961      s
 
 Running propoEst  ε=0.390; ñ=       24947 ...
 timing:    320.06921600000078      s
 
 Running propoEst  ε=0.380; ñ=       24947 ...
 timing:    320.01711700000033      s
 
raw analysis saved at: Analysis/2026-03-13/analysis_C60BuckyBallHe.csv 
 Finished analysis of C60BuckyBallHe
STOP 0
 ====================
 
 ====================
 Analyzing:    CoiledCoil
 Number of atoms (n):        1667
 
 
 Running debyeEst...
 timing:    10.136526999999999      s
 
 Running stratEst  s=0.50...
 timing:   0.23495199999999983      s
 
 Running stratEst  s=0.45...
 timing:   0.19052800000000047      s
 
 Running stratEst  s=0.40...
 timing:   0.15020399999999867      s
 
 Running stratEst  s=0.35...
 timing:   0.11593799999999987      s
 
 Running stratEst  s=0.30...
 timing:    8.5428999999999533E-002 s
 
 Running stratEst  s=0.25...
 timing:    5.9625000000000483E-002 s
 
 Running stratEst  s=0.20...
 timing:    3.8377999999999801E-002 s
 
 Running stratEst  s=0.15...
 timing:    2.2028000000000603E-002 s
 
 Running propoEst  ε=0.450; ñ=        1667 ...
 timing:    1.1085919999999998      s
 
 Running propoEst  ε=0.440; ñ=        1667 ...
 timing:    1.1087290000000003      s
 
 Running propoEst  ε=0.430; ñ=        1667 ...
 timing:    1.1090680000000006      s
 
 Running propoEst  ε=0.420; ñ=        1667 ...
 timing:    1.1088799999999992      s
 
 Running propoEst  ε=0.410; ñ=        1667 ...
 timing:    1.1086080000000003      s
 
 Running propoEst  ε=0.400; ñ=        1667 ...
 timing:    1.1088120000000004      s
 
 Running propoEst  ε=0.390; ñ=        1667 ...
 timing:    1.1090149999999994      s
 
 Running propoEst  ε=0.380; ñ=        1667 ...
 timing:    1.1090750000000007      s
 
raw analysis saved at: Analysis/2026-03-13/analysis_CoiledCoil.csv 
 Finished analysis of CoiledCoil
STOP 0
 ====================
 
 ====================
 Analyzing:    CollagenLikePeptide
 Number of atoms (n):         674
 
 
 Running debyeEst...
 timing:    1.7640669999999998      s
 
 Running stratEst  s=0.50...
 timing:    3.8357999999999892E-002 s
 
 Running stratEst  s=0.45...
 timing:    3.1320000000000014E-002 s
 
 Running stratEst  s=0.40...
 timing:    2.4801000000000073E-002 s
 
 Running stratEst  s=0.35...
 timing:    1.9150000000000000E-002 s
 
 Running stratEst  s=0.30...
 timing:    1.4312000000000102E-002 s
 
 Running stratEst  s=0.25...
 timing:    1.0059000000000040E-002 s
 
 Running stratEst  s=0.20...
 timing:    6.5540000000001708E-003 s
 
 Running stratEst  s=0.15...
 timing:    3.8379999999997860E-003 s
 
 Running propoEst  ε=0.450; ñ=         674 ...
 timing:   0.17441499999999976      s
 
 Running propoEst  ε=0.440; ñ=         674 ...
 timing:   0.17443499999999990      s
 
 Running propoEst  ε=0.430; ñ=         674 ...
 timing:   0.17444199999999999      s
 
 Running propoEst  ε=0.420; ñ=         674 ...
 timing:   0.17454400000000003      s
 
 Running propoEst  ε=0.410; ñ=         674 ...
 timing:   0.17442599999999997      s
 
 Running propoEst  ε=0.400; ñ=         674 ...
 timing:   0.17441599999999990      s
 
 Running propoEst  ε=0.390; ñ=         674 ...
 timing:   0.17447100000000004      s
 
 Running propoEst  ε=0.380; ñ=         674 ...
 timing:   0.17467400000000000      s
 
raw analysis saved at: Analysis/2026-03-13/analysis_CollagenLikePeptide.csv 
 Finished analysis of CollagenLikePeptide
STOP 0
 ====================
 
 ====================
 Analyzing:    CytosolAminopeptidase
 Number of atoms (n):       26148
 
 
 Running debyeEst...
 timing:    2608.8313000000003      s
 
 Running stratEst  s=0.50...
 timing:    58.988022000000001      s
 
 Running stratEst  s=0.45...
 timing:    47.350138000000243      s
 
 Running stratEst  s=0.40...
 timing:    37.899322000000211      s
 
 Running stratEst  s=0.35...
 timing:    28.893262999999934      s
 
 Running stratEst  s=0.30...
 timing:    21.372680999999830      s
 
 Running stratEst  s=0.25...
 timing:    14.666372000000138      s
 
 Running stratEst  s=0.20...
 timing:    9.6628580000001421      s
 
 Running stratEst  s=0.15...
 timing:    5.2747759999997470      s
 
 Running propoEst  ε=0.450; ñ=       26148 ...
 timing:    290.29595100000006      s
 
 Running propoEst  ε=0.440; ñ=       26148 ...
 timing:    290.34515600000032      s
 
 Running propoEst  ε=0.430; ñ=       26148 ...
 timing:    290.38439200000039      s
 
 Running propoEst  ε=0.420; ñ=       26148 ...
 timing:    290.39895099999967      s
 
 Running propoEst  ε=0.410; ñ=       26148 ...
 timing:    290.38110499999948      s
 
 Running propoEst  ε=0.400; ñ=       26148 ...
 timing:    290.35360300000048      s
 
 Running propoEst  ε=0.390; ñ=       26148 ...
 timing:    290.36289299999953      s
 
 Running propoEst  ε=0.380; ñ=       26148 ...
 timing:    290.40921999999955      s
 
raw analysis saved at: Analysis/2026-03-13/analysis_CytosolAminopeptidase.csv 
 Finished analysis of CytosolAminopeptidase
STOP 0
 ====================
 
 ====================
 Analyzing:    Elf2Nucleosome
 Number of atoms (n):       12529
 
 
 Running debyeEst...
 timing:    589.96540300000004      s
 
 Running stratEst  s=0.50...
 timing:    13.431453000000033      s
 
 Running stratEst  s=0.45...
 timing:    11.021675000000073      s
 
 Running stratEst  s=0.40...
 timing:    8.6158309999999574      s
 
 Running stratEst  s=0.35...
 timing:    6.5931499999999232      s
 
 Running stratEst  s=0.30...
 timing:    4.8459370000000490      s
 
 Running stratEst  s=0.25...
 timing:    3.3759059999999863      s
 
 Running stratEst  s=0.20...
 timing:    2.3087429999999358      s
 
 Running stratEst  s=0.15...
 timing:    1.2126029999999446      s
 
 Running propoEst  ε=0.450; ñ=       12529 ...
 timing:    62.296731999999906      s
 
 Running propoEst  ε=0.440; ñ=       12529 ...
 timing:    62.313324999999963      s
 
 Running propoEst  ε=0.430; ñ=       12529 ...
 timing:    62.297955000000002      s
 
 Running propoEst  ε=0.420; ñ=       12529 ...
 timing:    62.314557000000036      s
 
 Running propoEst  ε=0.410; ñ=       12529 ...
 timing:    62.308799000000022      s
 
 Running propoEst  ε=0.400; ñ=       12529 ...
 timing:    62.294637999999964      s
 
 Running propoEst  ε=0.390; ñ=       12529 ...
 timing:    62.308506000000079      s
 
 Running propoEst  ε=0.380; ñ=       12529 ...
 timing:    62.302483000000166      s
 
raw analysis saved at: Analysis/2026-03-13/analysis_Elf2Nucleosome.csv 
 Finished analysis of Elf2Nucleosome
STOP 0
 ====================
 
 ====================
 Analyzing:    FM197H
 Number of atoms (n):       14735
 
 
 Running debyeEst...
 timing:    816.25964899999997      s
 
 Running stratEst  s=0.50...
 timing:    18.337941999999998      s
 
 Running stratEst  s=0.45...
 timing:    15.408818999999994      s
 
 Running stratEst  s=0.40...
 timing:    11.737467999999922      s
 
 Running stratEst  s=0.35...
 timing:    9.0091310000000249      s
 
 Running stratEst  s=0.30...
 timing:    6.6380870000000414      s
 
 Running stratEst  s=0.25...
 timing:    4.5909179999999878      s
 
 Running stratEst  s=0.20...
 timing:    2.9775110000000495      s
 
 Running stratEst  s=0.15...
 timing:    1.6680069999999887      s
 
 Running propoEst  ε=0.450; ñ=       14735 ...
 timing:    91.693232999999964      s
 
 Running propoEst  ε=0.440; ñ=       14735 ...
 timing:    91.728315999999950      s
 
 Running propoEst  ε=0.430; ñ=       14735 ...
 timing:    91.745347000000038      s
 
 Running propoEst  ε=0.420; ñ=       14735 ...
 timing:    91.734841999999844      s
 
 Running propoEst  ε=0.410; ñ=       14735 ...
 timing:    91.728673000000072      s
 
 Running propoEst  ε=0.400; ñ=       14735 ...
 timing:    91.722883000000138      s
 
 Running propoEst  ε=0.390; ñ=       14735 ...
 timing:    91.732676000000083      s
 
 Running propoEst  ε=0.380; ñ=       14735 ...
 timing:    91.731969000000163      s
 
raw analysis saved at: Analysis/2026-03-13/analysis_FM197H.csv 
 Finished analysis of FM197H
Note: The following floating-point exceptions are signalling: IEEE_INVALID_FLAG
STOP 0
 ====================
 
 ====================
 Analyzing:    Gb1v29Sem
 Number of atoms (n):        1985
 
 
 Running debyeEst...
 timing:    15.572668999999999      s
 
 Running stratEst  s=0.50...
 timing:   0.32670599999999972      s
 
 Running stratEst  s=0.45...
 timing:   0.26551599999999986      s
 
 Running stratEst  s=0.40...
 timing:   0.21021700000000010      s
 
 Running stratEst  s=0.35...
 timing:   0.16081099999999893      s
 
 Running stratEst  s=0.30...
 timing:   0.11873900000000148      s
 
 Running stratEst  s=0.25...
 timing:    8.3300000000001262E-002 s
 
 Running stratEst  s=0.20...
 timing:    5.3660000000000707E-002 s
 
 Running stratEst  s=0.15...
 timing:    3.0456000000000927E-002 s
 
 Running propoEst  ε=0.450; ñ=        1985 ...
 timing:    1.6476730000000011      s
 
 Running propoEst  ε=0.440; ñ=        1985 ...
 timing:    1.6480379999999997      s
 
 Running propoEst  ε=0.430; ñ=        1985 ...
 timing:    1.6487270000000009      s
 
 Running propoEst  ε=0.420; ñ=        1985 ...
 timing:    1.6485890000000012      s
 
 Running propoEst  ε=0.410; ñ=        1985 ...
 timing:    1.6493979999999979      s
 
 Running propoEst  ε=0.400; ñ=        1985 ...
 timing:    1.6486580000000011      s
 
 Running propoEst  ε=0.390; ñ=        1985 ...
 timing:    1.6485730000000025      s
 
 Running propoEst  ε=0.380; ñ=        1985 ...
 timing:    1.6481490000000001      s
 
raw analysis saved at: Analysis/2026-03-13/analysis_Gb1v29Sem.csv 
 Finished analysis of Gb1v29Sem
STOP 0
 ====================
 
 ====================
 Analyzing:    GPx
 Number of atoms (n):        3111
 
 
 Running debyeEst...
 timing:    35.896555999999997      s
 
 Running stratEst  s=0.50...
 timing:   0.81757700000000000      s
 
 Running stratEst  s=0.45...
 timing:   0.65955500000000455      s
 
 Running stratEst  s=0.40...
 timing:   0.52144299999999788      s
 
 Running stratEst  s=0.35...
 timing:   0.40030499999999591      s
 
 Running stratEst  s=0.30...
 timing:   0.29470799999999997      s
 
 Running stratEst  s=0.25...
 timing:   0.20579399999999737      s
 
 Running stratEst  s=0.20...
 timing:   0.13241200000000219      s
 
 Running stratEst  s=0.15...
 timing:    7.4532999999995297E-002 s
 
 Running propoEst  ε=0.450; ñ=        3111 ...
 timing:    3.9282049999999984      s
 
 Running propoEst  ε=0.440; ñ=        3111 ...
 timing:    3.9296489999999977      s
 
 Running propoEst  ε=0.430; ñ=        3111 ...
 timing:    3.9296810000000022      s
 
 Running propoEst  ε=0.420; ñ=        3111 ...
 timing:    3.9300720000000027      s
 
 Running propoEst  ε=0.410; ñ=        3111 ...
 timing:    3.9287220000000005      s
 
 Running propoEst  ε=0.400; ñ=        3111 ...
 timing:    3.9292480000000012      s
 
 Running propoEst  ε=0.390; ñ=        3111 ...
 timing:    3.9290340000000015      s
 
 Running propoEst  ε=0.380; ñ=        3111 ...
 timing:    3.9277519999999981      s
 
raw analysis saved at: Analysis/2026-03-13/analysis_GPx.csv 
 Finished analysis of GPx
STOP 0
 ====================
 
 ====================
 Analyzing:    HelixBundle
 Number of atoms (n):       54985
 
 
 Running debyeEst...
 timing:    11701.801919000000      s
 
 Running stratEst  s=0.50...
 timing:    264.83409800000118      s
 
 Running stratEst  s=0.45...
 timing:    216.30399200000102      s
 
 Running stratEst  s=0.40...
 timing:    170.77170399999886      s
 
 Running stratEst  s=0.35...
 timing:    130.70276000000013      s
 
 Running stratEst  s=0.30...
 timing:    95.255208999999013      s
 
 Running stratEst  s=0.25...
 timing:    67.046154999999999      s
 
 Running stratEst  s=0.20...
 timing:    42.276945000001433      s
 
 Running stratEst  s=0.15...
 timing:    24.074926999999661      s
 
 Running propoEst  ε=0.450; ñ=       54985 ...
 timing:    1121.4118320000016      s
 
 Running propoEst  ε=0.440; ñ=       54985 ...
 timing:    1121.6750540000012      s
 
 Running propoEst  ε=0.430; ñ=       54985 ...
 timing:    1121.7069259999989      s
 
 Running propoEst  ε=0.420; ñ=       54985 ...
 timing:    1121.6680009999982      s
 
 Running propoEst  ε=0.410; ñ=       54985 ...
 timing:    1121.5595659999999      s
 
 Running propoEst  ε=0.400; ñ=       54985 ...
 timing:    1121.6529139999984      s
 
 Running propoEst  ε=0.390; ñ=       54985 ...
 timing:    1121.5764459999991      s
 
 Running propoEst  ε=0.380; ñ=       54985 ...
 timing:    1121.6583929999979      s
 
raw analysis saved at: Analysis/2026-03-13/analysis_HelixBundle.csv 
 Finished analysis of HelixBundle
STOP 0
 ====================
 
 ====================
 Analyzing:    Lg3Endorepellin
 Number of atoms (n):        1653
 
 
 Running debyeEst...
 timing:    10.619632000000001      s
 
 Running stratEst  s=0.50...
 timing:   0.22093100000000021      s
 
 Running stratEst  s=0.45...
 timing:   0.17919800000000130      s
 
 Running stratEst  s=0.40...
 timing:   0.14175600000000088      s
 
 Running stratEst  s=0.35...
 timing:   0.10876899999999878      s
 
 Running stratEst  s=0.30...
 timing:    8.0099000000000586E-002 s
 
 Running stratEst  s=0.25...
 timing:    5.6278000000000716E-002 s
 
 Running stratEst  s=0.20...
 timing:    3.6173000000001565E-002 s
 
 Running stratEst  s=0.15...
 timing:    2.0540000000000447E-002 s
 
 Running propoEst  ε=0.450; ñ=        1653 ...
 timing:    1.1357999999999997      s
 
 Running propoEst  ε=0.440; ñ=        1653 ...
 timing:    1.1360360000000007      s
 
 Running propoEst  ε=0.430; ñ=        1653 ...
 timing:    1.1368030000000005      s
 
 Running propoEst  ε=0.420; ñ=        1653 ...
 timing:    1.1367719999999988      s
 
 Running propoEst  ε=0.410; ñ=        1653 ...
 timing:    1.1355760000000004      s
 
 Running propoEst  ε=0.400; ñ=        1653 ...
 timing:    1.1364960000000011      s
 
 Running propoEst  ε=0.390; ñ=        1653 ...
 timing:    1.1361050000000006      s
 
 Running propoEst  ε=0.380; ñ=        1653 ...
 timing:    1.1366079999999990      s
 
raw analysis saved at: Analysis/2026-03-13/analysis_Lg3Endorepellin.csv 
 Finished analysis of Lg3Endorepellin
STOP 0
 ====================
 
 ====================
 Analyzing:    MtCorB
 Number of atoms (n):       10065
 
 
 Running debyeEst...
 timing:    383.66363600000000      s
 
 Running stratEst  s=0.50...
 timing:    8.6846330000000194      s
 
 Running stratEst  s=0.45...
 timing:    7.0320279999999684      s
 
 Running stratEst  s=0.40...
 timing:    5.5552640000000224      s
 
 Running stratEst  s=0.35...
 timing:    4.2720810000000142      s
 
 Running stratEst  s=0.30...
 timing:    3.1243699999999990      s
 
 Running stratEst  s=0.25...
 timing:    2.1979799999999727      s
 
 Running stratEst  s=0.20...
 timing:    1.3919809999999870      s
 
 Running stratEst  s=0.15...
 timing:   0.79429599999997436      s
 
 Running propoEst  ε=0.450; ñ=       10065 ...
 timing:    42.373286000000007      s
 
 Running propoEst  ε=0.440; ñ=       10065 ...
 timing:    42.382782999999961      s
 
 Running propoEst  ε=0.430; ñ=       10065 ...
 timing:    42.392523000000040      s
 
 Running propoEst  ε=0.420; ñ=       10065 ...
 timing:    42.384321000000000      s
 
 Running propoEst  ε=0.410; ñ=       10065 ...
 timing:    42.387241000000017      s
 
 Running propoEst  ε=0.400; ñ=       10065 ...
 timing:    42.386992999999961      s
 
 Running propoEst  ε=0.390; ñ=       10065 ...
 timing:    42.371626999999989      s
 
 Running propoEst  ε=0.380; ñ=       10065 ...
 timing:    42.389955999999984      s
 
raw analysis saved at: Analysis/2026-03-13/analysis_MtCorB.csv 
 Finished analysis of MtCorB
STOP 0
 ====================
 
 ====================
 Analyzing:    MutSADPBeF3DNA
 Number of atoms (n):       13089
 
 
 Running debyeEst...
 timing:    620.82521299999996      s
 
 Running stratEst  s=0.50...
 timing:    14.769451000000004      s
 
 Running stratEst  s=0.45...
 timing:    11.896409000000062      s
 
 Running stratEst  s=0.40...
 timing:    9.5025790000000825      s
 
 Running stratEst  s=0.35...
 timing:    7.2058389999999690      s
 
 Running stratEst  s=0.30...
 timing:    5.3090770000000020      s
 
 Running stratEst  s=0.25...
 timing:    3.6720369999999320      s
 
 Running stratEst  s=0.20...
 timing:    2.3544450000000552      s
 
 Running stratEst  s=0.15...
 timing:    1.3247660000000678      s
 
 Running propoEst  ε=0.450; ñ=       13089 ...
 timing:    68.380651000000057      s
 
 Running propoEst  ε=0.440; ñ=       13089 ...
 timing:    68.364352999999937      s
 
 Running propoEst  ε=0.430; ñ=       13089 ...
 timing:    68.394803000000024      s
 
 Running propoEst  ε=0.420; ñ=       13089 ...
 timing:    68.361037000000010      s
 
 Running propoEst  ε=0.410; ñ=       13089 ...
 timing:    68.384528000000046      s
 
 Running propoEst  ε=0.400; ñ=       13089 ...
 timing:    68.370151999999962      s
 
 Running propoEst  ε=0.390; ñ=       13089 ...
 timing:    68.407596000000012      s
 
 Running propoEst  ε=0.380; ñ=       13089 ...
 timing:    68.412499999999909      s
 
raw analysis saved at: Analysis/2026-03-13/analysis_MutSADPBeF3DNA.csv 
 Finished analysis of MutSADPBeF3DNA
Note: The following floating-point exceptions are signalling: IEEE_INVALID_FLAG
STOP 0
 ====================
 
 ====================
 Analyzing:    MyosinII10s
 Number of atoms (n):       22081
 
 
 Running debyeEst...
 timing:    1771.0398089999999      s
 
 Running stratEst  s=0.50...
 timing:    42.512521000000106      s
 
 Running stratEst  s=0.45...
 timing:    34.224330000000009      s
 
 Running stratEst  s=0.40...
 timing:    27.315488000000187      s
 
 Running stratEst  s=0.35...
 timing:    20.930591000000049      s
 
 Running stratEst  s=0.30...
 timing:    15.176327000000128      s
 
 Running stratEst  s=0.25...
 timing:    10.558814999999868      s
 
 Running stratEst  s=0.20...
 timing:    6.7603890000000320      s
 
 Running stratEst  s=0.15...
 timing:    3.7984169999999722      s
 
 Running propoEst  ε=0.450; ñ=       22081 ...
 timing:    197.12270599999988      s
 
 Running propoEst  ε=0.440; ñ=       22081 ...
 timing:    197.08624400000008      s
 
 Running propoEst  ε=0.430; ñ=       22081 ...
 timing:    197.19054000000006      s
 
 Running propoEst  ε=0.420; ñ=       22081 ...
 timing:    197.05086699999993      s
 
 Running propoEst  ε=0.410; ñ=       22081 ...
 timing:    197.12517299999990      s
 
 Running propoEst  ε=0.400; ñ=       22081 ...
 timing:    197.23086100000000      s
 
 Running propoEst  ε=0.390; ñ=       22081 ...
 timing:    197.13563299999987      s
 
 Running propoEst  ε=0.380; ñ=       22081 ...
 timing:    197.15655500000003      s
 
raw analysis saved at: Analysis/2026-03-13/analysis_MyosinII10s.csv 
 Finished analysis of MyosinII10s
STOP 0
 ====================
 
 ====================
 Analyzing:    NanoBarrel
 Number of atoms (n):      180167
 
 
 Running debyeEst...
 timing:    125336.86034699999      s
 
 Running stratEst  s=0.50...
 timing:    2849.3587980000011      s
 
 Running stratEst  s=0.45...
 timing:    2305.8738000000012      s
 
 Running stratEst  s=0.40...
 timing:    1837.5928859999985      s
 
 Running stratEst  s=0.35...
 timing:    1406.7495479999925      s
 
 Running stratEst  s=0.30...
 timing:    1033.2250750000239      s
 
 Running stratEst  s=0.25...
 timing:    718.29771100002108      s
 
 Running stratEst  s=0.20...
 timing:    457.47428799999761      s
 
 Running stratEst  s=0.15...
 timing:    257.75403000001097      s
 
 Running propoEst  ε=0.450; ñ=      180167 ...
 timing:    12549.158003999997      s
 
 Running propoEst  ε=0.440; ñ=      180167 ...
 timing:    12550.347777999996      s
 
 Running propoEst  ε=0.430; ñ=      180167 ...
 timing:    12550.960527999996      s
 
 Running propoEst  ε=0.420; ñ=      180167 ...
 timing:    12548.148254000000      s
 
 Running propoEst  ε=0.410; ñ=      180167 ...
 timing:    12542.675526999985      s
 
 Running propoEst  ε=0.400; ñ=      180167 ...
 timing:    12541.994894999982      s
 
 Running propoEst  ε=0.390; ñ=      180167 ...
 timing:    14165.977378999989      s
 
 Running propoEst  ε=0.380; ñ=      180167 ...
 timing:    14123.853013999993      s
 
raw analysis saved at: Analysis/2026-03-13/analysis_NanoBarrel.csv 
 Finished analysis of NanoBarrel
STOP 0
 ====================
 
 ====================
 Analyzing:    NeonMOF
 Number of atoms (n):        4941
 
 
 Running debyeEst...
 timing:    96.336055999999999      s
 
 Running stratEst  s=0.50...
 timing:    2.2056759999999969      s
 
 Running stratEst  s=0.45...
 timing:    2.1403179999999935      s
 
 Running stratEst  s=0.40...
 timing:    1.7810530000000000      s
 
 Running stratEst  s=0.35...
 timing:    1.0254199999999969      s
 
 Running stratEst  s=0.30...
 timing:   0.75408199999999681      s
 
 Running stratEst  s=0.25...
 timing:   0.52465600000000734      s
 
 Running stratEst  s=0.20...
 timing:   0.33765800000000468      s
 
 Running stratEst  s=0.15...
 timing:   0.19021000000000754      s
 
 Running propoEst  ε=0.450; ñ=        4941 ...
 timing:    12.841611000000000      s
 
 Running propoEst  ε=0.440; ñ=        4941 ...
 timing:    12.822176999999982      s
 
 Running propoEst  ε=0.430; ñ=        4941 ...
 timing:    13.184746999999987      s
 
 Running propoEst  ε=0.420; ñ=        4941 ...
 timing:    13.835920000000016      s
 
 Running propoEst  ε=0.410; ñ=        4941 ...
 timing:    14.429845000000000      s
 
 Running propoEst  ε=0.400; ñ=        4941 ...
 timing:    13.953047999999995      s
 
 Running propoEst  ε=0.390; ñ=        4941 ...
 timing:    14.262523999999985      s
 
 Running propoEst  ε=0.380; ñ=        4941 ...
 timing:    12.993349000000023      s
 
raw analysis saved at: Analysis/2026-03-13/analysis_NeonMOF.csv 
 Finished analysis of NeonMOF
STOP 0
 ====================
 
 ====================
 Analyzing:    NeuB
 Number of atoms (n):        2873
 
 
 Running debyeEst...
 timing:    31.096435000000000      s
 
 Running stratEst  s=0.50...
 timing:   0.69441299999999728      s
 
 Running stratEst  s=0.45...
 timing:   0.57757599999999698      s
 
 Running stratEst  s=0.40...
 timing:   0.52364999999999640      s
 
 Running stratEst  s=0.35...
 timing:   0.47148400000000379      s
 
 Running stratEst  s=0.30...
 timing:   0.35239800000000088      s
 
 Running stratEst  s=0.25...
 timing:   0.24008999999999503      s
 
 Running stratEst  s=0.20...
 timing:   0.13037999999999528      s
 
 Running stratEst  s=0.15...
 timing:    7.8262000000002274E-002 s
 
 Running propoEst  ε=0.450; ñ=        2873 ...
 timing:    3.9685020000000009      s
 
 Running propoEst  ε=0.440; ñ=        2873 ...
 timing:    3.3781180000000006      s
 
 Running propoEst  ε=0.430; ñ=        2873 ...
 timing:    3.3938839999999999      s
 
 Running propoEst  ε=0.420; ñ=        2873 ...
 timing:    3.4424250000000001      s
 
 Running propoEst  ε=0.410; ñ=        2873 ...
 timing:    3.4132650000000027      s
 
 Running propoEst  ε=0.400; ñ=        2873 ...
 timing:    3.3842029999999994      s
 
 Running propoEst  ε=0.390; ñ=        2873 ...
 timing:    3.4224330000000052      s
 
 Running propoEst  ε=0.380; ñ=        2873 ...
 timing:    3.7339490000000026      s
 
raw analysis saved at: Analysis/2026-03-13/analysis_NeuB.csv 
 Finished analysis of NeuB
STOP 0
 ====================
 
 ====================
 Analyzing:    PHGDH
 Number of atoms (n):        4847
 
 
 Running debyeEst...
 timing:    88.468849000000006      s
 
 Running stratEst  s=0.50...
 timing:    1.9765459999999990      s
 
 Running stratEst  s=0.45...
 timing:    1.6373989999999878      s
 
 Running stratEst  s=0.40...
 timing:    1.2687819999999874      s
 
 Running stratEst  s=0.35...
 timing:   0.97207500000000380      s
 
 Running stratEst  s=0.30...
 timing:   0.71724199999999882      s
 
 Running stratEst  s=0.25...
 timing:   0.49873599999999385      s
 
 Running stratEst  s=0.20...
 timing:   0.32019700000000739      s
 
 Running stratEst  s=0.15...
 timing:   0.18409700000000839      s
 
 Running propoEst  ε=0.450; ñ=        4847 ...
 timing:    9.9690409999999900      s
 
 Running propoEst  ε=0.440; ñ=        4847 ...
 timing:    9.7400039999999990      s
 
 Running propoEst  ε=0.430; ñ=        4847 ...
 timing:    9.9610150000000033      s
 
 Running propoEst  ε=0.420; ñ=        4847 ...
 timing:    11.334269999999989      s
 
 Running propoEst  ε=0.410; ñ=        4847 ...
 timing:    10.887798000000004      s
 
 Running propoEst  ε=0.400; ñ=        4847 ...
 timing:    9.8146090000000186      s
 
 Running propoEst  ε=0.390; ñ=        4847 ...
 timing:    11.636212999999998      s
 
 Running propoEst  ε=0.380; ñ=        4847 ...
 timing:    10.055735000000027      s
 
raw analysis saved at: Analysis/2026-03-13/analysis_PHGDH.csv 
 Finished analysis of PHGDH
STOP 0
 ====================
 
 ====================
 Analyzing:    PhiTEBaseplate
 Number of atoms (n):      191733
 
 
 Running debyeEst...
 timing:    133900.04712800001      s
 
 Running stratEst  s=0.50...
 timing:    3241.7485989999841      s
 
 Running stratEst  s=0.45...
 timing:    2915.6691529999953      s
 
 Running stratEst  s=0.40...
 timing:    2119.6012019999907      s
 
 Running stratEst  s=0.35...
 timing:    1577.6027780000004      s
 
 Running stratEst  s=0.30...
 timing:    1159.7179389999947      s
 
 Running stratEst  s=0.25...
 timing:    804.70136599999387      s
 
 Running stratEst  s=0.20...
 timing:    514.98879899998428      s
 
 Running stratEst  s=0.15...
 timing:    289.73993399998290      s
 
 Running propoEst  ε=0.450; ñ=      191733 ...
 timing:    14960.491692000011      s
 
 Running propoEst  ε=0.440; ñ=      191733 ...
 timing:    14956.771850999998      s
 
 Running propoEst  ε=0.430; ñ=      191733 ...
 timing:    14957.436433000024      s
 
 Running propoEst  ε=0.420; ñ=      191733 ...
 timing:    14958.972955999983      s
 
 Running propoEst  ε=0.410; ñ=      191733 ...
 timing:    14968.033051000006      s
 
 Running propoEst  ε=0.400; ñ=      191733 ...
TOTAL EXECUTION TIME: 505859 s

