=== System Info ===
Architecture:                            aarch64
CPU op-mode(s):                          64-bit
Byte Order:                              Little Endian
CPU(s):                                  8
On-line CPU(s) list:                     0-7
Vendor ID:                               Apple
Model name:                              Blizzard-M2
Model:                                   0
Thread(s) per core:                      1
Core(s) per socket:                      4
Socket(s):                               1
Stepping:                                0x1
Frequency boost:                         disabled
CPU(s) scaling MHz:                      100%
CPU max MHz:                             2424.0000
CPU min MHz:                             600.0000
BogoMIPS:                                48.00
Linux asahi-box 6.18.15-400.asahi.fc42.aarch64+16k #1 SMP PREEMPT_DYNAMIC Wed Mar  4 13:50:11 UTC 2026 aarch64 GNU/Linux
===================
compiling: AtomXYZ/xyz_tmp/xyz_Plastocyanin.f90
compiling: AtomXYZ/xyz_tmp/xyz_PsGQuadraplex.f90
compiling: AtomXYZ/xyz_tmp/xyz_RhccCarborane.f90
compiling: AtomXYZ/xyz_tmp/xyz_RuBisCo.f90
compiling: AtomXYZ/xyz_tmp/xyz_Selenow.f90
compiling: AtomXYZ/xyz_tmp/xyz_Stripak.f90
compiling: AtomXYZ/xyz_tmp/xyz_TeicoplaninUbiquitin.f90
compiling: AtomXYZ/xyz_tmp/xyz_TetToxHcGT1b.f90
compiling: AtomXYZ/xyz_tmp/xyz_VancomycinLacticAcid.f90
compiling: AtomXYZ/xyz_tmp/xyz_VATPaseLiRotor.f90
compiling: AtomXYZ/xyz_tmp/xyz_XyloseIsomerase.f90
==================================
Compilation complete (Release)
Compiled xyz molecules: _build/release/xyz_modules.txt
Executable: _build/release/exe/SaxsEst
==================================
 
 ====================
 Analyzing:    Plastocyanin
 Number of atoms (n):        1117
 
 
 Running debyeEst...
 timing:    5.0269139999999997      s
 
 Running stratEst  s=0.50...
 timing:    9.8779999999999646E-002 s
 
 Running stratEst  s=0.45...
 timing:    7.9992999999999981E-002 s
 
 Running stratEst  s=0.40...
 timing:    6.3867000000000118E-002 s
 
 Running stratEst  s=0.35...
 timing:    4.8975999999999686E-002 s
 
 Running stratEst  s=0.30...
 timing:    3.6306000000000616E-002 s
 
 Running stratEst  s=0.25...
 timing:    2.5387000000000270E-002 s
 
 Running stratEst  s=0.20...
 timing:    1.6486000000000445E-002 s
 
 Running stratEst  s=0.15...
 timing:    9.4449999999994816E-003 s
 
 Running propoEst  ε=0.450; ñ=        1117 ...
 timing:   0.51476500000000058      s
 
 Running propoEst  ε=0.440; ñ=        1117 ...
 timing:   0.51484199999999980      s
 
 Running propoEst  ε=0.430; ñ=        1117 ...
 timing:   0.51473099999999938      s
 
 Running propoEst  ε=0.420; ñ=        1117 ...
 timing:   0.51451400000000014      s
 
 Running propoEst  ε=0.410; ñ=        1117 ...
 timing:   0.51488699999999987      s
 
 Running propoEst  ε=0.400; ñ=        1117 ...
 timing:   0.51537500000000058      s
 
 Running propoEst  ε=0.390; ñ=        1117 ...
 timing:   0.51469900000000024      s
 
 Running propoEst  ε=0.380; ñ=        1117 ...
 timing:   0.51469200000000015      s
 
raw analysis saved at: Analysis/2026-03-19/analysis_Plastocyanin.csv 
 Finished analysis of Plastocyanin
STOP 0
 ====================
 
 ====================
 Analyzing:    PsGQuadraplex
 Number of atoms (n):         622
 
 
 Running debyeEst...
 timing:    1.6456860000000000      s
 
 Running stratEst  s=0.50...
 timing:    3.0462999999999907E-002 s
 
 Running stratEst  s=0.45...
 timing:    2.4756999999999918E-002 s
 
 Running stratEst  s=0.40...
 timing:    1.9864000000000104E-002 s
 
 Running stratEst  s=0.35...
 timing:    1.5293000000000001E-002 s
 
 Running stratEst  s=0.30...
 timing:    1.1163000000000034E-002 s
 
 Running stratEst  s=0.25...
 timing:    8.0130000000000479E-003 s
 
 Running stratEst  s=0.20...
 timing:    5.3529999999999411E-003 s
 
 Running stratEst  s=0.15...
 timing:    3.1539999999998791E-003 s
 
 Running propoEst  ε=0.450; ñ=         622 ...
 timing:   0.16296699999999986      s
 
 Running propoEst  ε=0.440; ñ=         622 ...
 timing:   0.16304699999999972      s
 
 Running propoEst  ε=0.430; ñ=         622 ...
 timing:   0.16323100000000013      s
 
 Running propoEst  ε=0.420; ñ=         622 ...
 timing:   0.16306600000000016      s
 
 Running propoEst  ε=0.410; ñ=         622 ...
 timing:   0.16295700000000002      s
 
 Running propoEst  ε=0.400; ñ=         622 ...
 timing:   0.16297399999999973      s
 
 Running propoEst  ε=0.390; ñ=         622 ...
 timing:   0.16308699999999998      s
 
 Running propoEst  ε=0.380; ñ=         622 ...
 timing:   0.16304900000000000      s
 
raw analysis saved at: Analysis/2026-03-19/analysis_PsGQuadraplex.csv 
 Finished analysis of PsGQuadraplex
STOP 0
 ====================
 
 ====================
 Analyzing:    RhccCarborane
 Number of atoms (n):        3426
 
 
 Running debyeEst...
 timing:    45.048550999999996      s
 
 Running stratEst  s=0.50...
 timing:   0.99036100000000005      s
 
 Running stratEst  s=0.45...
 timing:   0.80612500000000153      s
 
 Running stratEst  s=0.40...
 timing:   0.63475199999999887      s
 
 Running stratEst  s=0.35...
 timing:   0.48623299999999858      s
 
 Running stratEst  s=0.30...
 timing:   0.35755499999999785      s
 
 Running stratEst  s=0.25...
 timing:   0.24893700000000507      s
 
 Running stratEst  s=0.20...
 timing:   0.16050800000000010      s
 
 Running stratEst  s=0.15...
 timing:    9.0766000000002123E-002 s
 
 Running propoEst  ε=0.450; ñ=        3426 ...
 timing:    4.8937910000000002      s
 
 Running propoEst  ε=0.440; ñ=        3426 ...
 timing:    4.8901749999999993      s
 
 Running propoEst  ε=0.430; ñ=        3426 ...
 timing:    4.8890940000000001      s
 
 Running propoEst  ε=0.420; ñ=        3426 ...
 timing:    4.8893589999999989      s
 
 Running propoEst  ε=0.410; ñ=        3426 ...
 timing:    4.8891709999999904      s
 
 Running propoEst  ε=0.400; ñ=        3426 ...
 timing:    4.8917710000000056      s
 
 Running propoEst  ε=0.390; ñ=        3426 ...
 timing:    4.8934959999999990      s
 
 Running propoEst  ε=0.380; ñ=        3426 ...
 timing:    4.8949580000000026      s
 
raw analysis saved at: Analysis/2026-03-19/analysis_RhccCarborane.csv 
 Finished analysis of RhccCarborane
STOP 0
 ====================
 
 ====================
 Analyzing:    RuBisCo
 Number of atoms (n):       43657
 
 
 Running debyeEst...
 timing:    7399.7239479999998      s
 
 Running stratEst  s=0.50...
 timing:    165.34773600000062      s
 
 Running stratEst  s=0.45...
 timing:    132.72886300000027      s
 
 Running stratEst  s=0.40...
 timing:    104.93657299999995      s
 
 Running stratEst  s=0.35...
 timing:    80.726517999999487      s
 
 Running stratEst  s=0.30...
 timing:    59.018267000000378      s
 
 Running stratEst  s=0.25...
 timing:    41.437651999999616      s
 
 Running stratEst  s=0.20...
 timing:    26.196001000000251      s
 
 Running stratEst  s=0.15...
 timing:    14.991235999999844      s
 
 Running propoEst  ε=0.450; ñ=       43657 ...
 timing:    819.19292500000029      s
 
 Running propoEst  ε=0.440; ñ=       43657 ...
 timing:    819.21454099999937      s
 
 Running propoEst  ε=0.430; ñ=       43657 ...
 timing:    819.09294899999986      s
 
 Running propoEst  ε=0.420; ñ=       43657 ...
 timing:    819.24446100000023      s
 
 Running propoEst  ε=0.410; ñ=       43657 ...
 timing:    818.97951599999942      s
 
 Running propoEst  ε=0.400; ñ=       43657 ...
 timing:    819.26474400000006      s
 
 Running propoEst  ε=0.390; ñ=       43657 ...
 timing:    818.94568299999992      s
 
 Running propoEst  ε=0.380; ñ=       43657 ...
 timing:    819.10576300000139      s
 
raw analysis saved at: Analysis/2026-03-19/analysis_RuBisCo.csv 
 Finished analysis of RuBisCo
STOP 0
 ====================
 
 ====================
 Analyzing:    Selenow
 Number of atoms (n):        2773
 
 
 Running debyeEst...
 timing:    28.456299999999999      s
 
 Running stratEst  s=0.50...
 timing:   0.63275499999999951      s
 
 Running stratEst  s=0.45...
 timing:   0.52581800000000101      s
 
 Running stratEst  s=0.40...
 timing:   0.41370500000000021      s
 
 Running stratEst  s=0.35...
 timing:   0.32106199999999774      s
 
 Running stratEst  s=0.30...
 timing:   0.23741200000000262      s
 
 Running stratEst  s=0.25...
 timing:   0.16536100000000076      s
 
 Running stratEst  s=0.20...
 timing:   0.10632100000000122      s
 
 Running stratEst  s=0.15...
 timing:    5.9680999999997653E-002 s
 
 Running propoEst  ε=0.450; ñ=        2773 ...
 timing:    3.0522589999999958      s
 
 Running propoEst  ε=0.440; ñ=        2773 ...
 timing:    3.0523670000000038      s
 
 Running propoEst  ε=0.430; ñ=        2773 ...
 timing:    3.0519099999999995      s
 
 Running propoEst  ε=0.420; ñ=        2773 ...
 timing:    3.0523209999999992      s
 
 Running propoEst  ε=0.410; ñ=        2773 ...
 timing:    3.0529319999999984      s
 
 Running propoEst  ε=0.400; ñ=        2773 ...
 timing:    3.0524770000000032      s
 
 Running propoEst  ε=0.390; ñ=        2773 ...
 timing:    3.0513929999999974      s
 
 Running propoEst  ε=0.380; ñ=        2773 ...
 timing:    3.0524240000000020      s
 
raw analysis saved at: Analysis/2026-03-19/analysis_Selenow.csv 
 Finished analysis of Selenow
STOP 0
 ====================
 
 ====================
 Analyzing:    Stripak
 Number of atoms (n):       16613
 
 
 Running debyeEst...
ERROR in getF0: Element "Mn" not found
ERROR STOP 

Error termination. Backtrace:
#0  0xffff023e1797 in ???
#1  0xffff023e2577 in ???
#2  0xffff023e3b57 in ???
#3  0x40921b in ???
#4  0x408d27 in ???
#5  0x40a827 in ???
#6  0x411063 in ???
#7  0x4040db in ???
#8  0x408397 in ???
#9  0x403863 in ???
#10  0xffff0211621b in ???
#11  0xffff021162fb in ???
#12  0x4038ef in ???
#13  0xffffffffffffffff in ???
 
 **************************************
 ABORTING Stripak; CONTINUING ANALYSIS...
 **************************************
 ====================
 
 ====================
 Analyzing:    TeicoplaninUbiquitin
 Number of atoms (n):         768
 
 
 Running debyeEst...
 timing:    2.2793410000000001      s
 
 Running stratEst  s=0.50...
 timing:    4.8740000000000006E-002 s
 
 Running stratEst  s=0.45...
 timing:    3.9282999999999735E-002 s
 
 Running stratEst  s=0.40...
 timing:    3.1381000000000103E-002 s
 
 Running stratEst  s=0.35...
 timing:    2.4030999999999914E-002 s
 
 Running stratEst  s=0.30...
 timing:    1.7862000000000045E-002 s
 
 Running stratEst  s=0.25...
 timing:    1.2633000000000116E-002 s
 
 Running stratEst  s=0.20...
 timing:    8.2140000000001656E-003 s
 
 Running stratEst  s=0.15...
 timing:    4.7790000000000887E-003 s
 
 Running propoEst  ε=0.450; ñ=         768 ...
 timing:   0.23177199999999987      s
 
 Running propoEst  ε=0.440; ñ=         768 ...
 timing:   0.23180900000000015      s
 
 Running propoEst  ε=0.430; ñ=         768 ...
 timing:   0.23169199999999979      s
 
 Running propoEst  ε=0.420; ñ=         768 ...
 timing:   0.23193900000000012      s
 
 Running propoEst  ε=0.410; ñ=         768 ...
 timing:   0.23176399999999964      s
 
 Running propoEst  ε=0.400; ñ=         768 ...
 timing:   0.23182299999999989      s
 
 Running propoEst  ε=0.390; ñ=         768 ...
 timing:   0.23175599999999985      s
 
 Running propoEst  ε=0.380; ñ=         768 ...
 timing:   0.23170599999999997      s
 
raw analysis saved at: Analysis/2026-03-19/analysis_TeicoplaninUbiquitin.csv 
 Finished analysis of TeicoplaninUbiquitin
STOP 0
 ====================
 
 ====================
 Analyzing:    TetToxHcGT1b
 Number of atoms (n):        3859
 
 
 Running debyeEst...
 timing:    54.766449999999999      s
 
 Running stratEst  s=0.50...
 timing:    1.2504610000000014      s
 
 Running stratEst  s=0.45...
 timing:    1.0146750000000040      s
 
 Running stratEst  s=0.40...
 timing:   0.80124999999999602      s
 
 Running stratEst  s=0.35...
 timing:   0.61495800000000145      s
 
 Running stratEst  s=0.30...
 timing:   0.45130000000000337      s
 
 Running stratEst  s=0.25...
 timing:   0.31413400000000280      s
 
 Running stratEst  s=0.20...
 timing:   0.20154399999999839      s
 
 Running stratEst  s=0.15...
 timing:   0.11394400000000360      s
 
 Running propoEst  ε=0.450; ñ=        3859 ...
 timing:    5.9889390000000020      s
 
 Running propoEst  ε=0.440; ñ=        3859 ...
 timing:    5.9891639999999882      s
 
 Running propoEst  ε=0.430; ñ=        3859 ...
 timing:    5.9892490000000009      s
 
 Running propoEst  ε=0.420; ñ=        3859 ...
 timing:    5.9889080000000092      s
 
 Running propoEst  ε=0.410; ñ=        3859 ...
 timing:    5.9886940000000095      s
 
 Running propoEst  ε=0.400; ñ=        3859 ...
 timing:    5.9902830000000051      s
 
 Running propoEst  ε=0.390; ñ=        3859 ...
 timing:    5.9896570000000082      s
 
 Running propoEst  ε=0.380; ñ=        3859 ...
 timing:    5.9878590000000003      s
 
raw analysis saved at: Analysis/2026-03-19/analysis_TetToxHcGT1b.csv 
 Finished analysis of TetToxHcGT1b
Note: The following floating-point exceptions are signalling: IEEE_INVALID_FLAG
STOP 0
 ====================
 
 ====================
 Analyzing:    VancomycinLacticAcid
 Number of atoms (n):         536
 
 
 Running debyeEst...
 timing:    1.1368090000000000      s
 
 Running stratEst  s=0.50...
 timing:    2.3459999999999814E-002 s
 
 Running stratEst  s=0.45...
 timing:    1.8966000000000038E-002 s
 
 Running stratEst  s=0.40...
 timing:    1.5104999999999924E-002 s
 
 Running stratEst  s=0.35...
 timing:    1.1712999999999862E-002 s
 
 Running stratEst  s=0.30...
 timing:    8.6119999999998420E-003 s
 
 Running stratEst  s=0.25...
 timing:    6.1640000000000583E-003 s
 
 Running stratEst  s=0.20...
 timing:    4.1430000000000078E-003 s
 
 Running stratEst  s=0.15...
 timing:    2.4070000000000480E-003 s
 
 Running propoEst  ε=0.450; ñ=         536 ...
 timing:   0.12088100000000002      s
 
 Running propoEst  ε=0.440; ñ=         536 ...
 timing:   0.12092999999999998      s
 
 Running propoEst  ε=0.430; ñ=         536 ...
 timing:   0.12104800000000004      s
 
 Running propoEst  ε=0.420; ñ=         536 ...
 timing:   0.12097899999999995      s
 
 Running propoEst  ε=0.410; ñ=         536 ...
 timing:   0.12098199999999992      s
 
 Running propoEst  ε=0.400; ñ=         536 ...
 timing:   0.12096499999999999      s
 
 Running propoEst  ε=0.390; ñ=         536 ...
 timing:   0.12097800000000003      s
 
 Running propoEst  ε=0.380; ñ=         536 ...
 timing:   0.12094400000000016      s
 
raw analysis saved at: Analysis/2026-03-19/analysis_VancomycinLacticAcid.csv 
 Finished analysis of VancomycinLacticAcid
STOP 0
 ====================
 
 ====================
 Analyzing:    VATPaseLiRotor
 Number of atoms (n):       12831
 
 
 Running debyeEst...
 timing:    597.27621999999997      s
 
 Running stratEst  s=0.50...
 timing:    14.145048000000088      s
 
 Running stratEst  s=0.45...
 timing:    11.574119999999994      s
 
 Running stratEst  s=0.40...
 timing:    9.1143240000000105      s
 
 Running stratEst  s=0.35...
 timing:    7.0403189999999540      s
 
 Running stratEst  s=0.30...
 timing:    5.1808469999999716      s
 
 Running stratEst  s=0.25...
 timing:    3.5287379999999757      s
 
 Running stratEst  s=0.20...
 timing:    2.2723379999999906      s
 
 Running stratEst  s=0.15...
 timing:    1.2723740000000134      s
 
 Running propoEst  ε=0.450; ñ=       12831 ...
 timing:    67.211448999999902      s
 
 Running propoEst  ε=0.440; ñ=       12831 ...
 timing:    67.176853000000051      s
 
 Running propoEst  ε=0.430; ñ=       12831 ...
 timing:    67.155569000000014      s
 
 Running propoEst  ε=0.420; ñ=       12831 ...
 timing:    67.174669999999992      s
 
 Running propoEst  ε=0.410; ñ=       12831 ...
 timing:    67.162812000000031      s
 
 Running propoEst  ε=0.400; ñ=       12831 ...
 timing:    67.188525000000027      s
 
 Running propoEst  ε=0.390; ñ=       12831 ...
 timing:    67.201274000000012      s
 
 Running propoEst  ε=0.380; ñ=       12831 ...
 timing:    67.195472999999993      s
 
raw analysis saved at: Analysis/2026-03-19/analysis_VATPaseLiRotor.csv 
 Finished analysis of VATPaseLiRotor
STOP 0
 ====================
 
 ====================
 Analyzing:    XyloseIsomerase
 Number of atoms (n):        6614
 
 
 Running debyeEst...
 timing:    166.40022500000001      s
 
 Running stratEst  s=0.50...
 timing:    3.7483479999999929      s
 
 Running stratEst  s=0.45...
 timing:    3.0059139999999900      s
 
 Running stratEst  s=0.40...
 timing:    2.4039750000000026      s
 
 Running stratEst  s=0.35...
 timing:    1.8221790000000055      s
 
 Running stratEst  s=0.30...
 timing:    1.3515120000000138      s
 
 Running stratEst  s=0.25...
 timing:   0.92917099999999664      s
 
 Running stratEst  s=0.20...
 timing:   0.59536199999999440      s
 
 Running stratEst  s=0.15...
 timing:   0.33582400000000234      s
 
 Running propoEst  ε=0.450; ñ=        6614 ...
 timing:    18.167882000000020      s
 
 Running propoEst  ε=0.440; ñ=        6614 ...
 timing:    18.169211999999987      s
 
 Running propoEst  ε=0.430; ñ=        6614 ...
 timing:    18.170693999999997      s
 
 Running propoEst  ε=0.420; ñ=        6614 ...
 timing:    18.166665999999992      s
 
 Running propoEst  ε=0.410; ñ=        6614 ...
 timing:    18.170493999999991      s
 
 Running propoEst  ε=0.400; ñ=        6614 ...
 timing:    18.165655000000015      s
 
 Running propoEst  ε=0.390; ñ=        6614 ...
 timing:    18.162129999999991      s
 
 Running propoEst  ε=0.380; ñ=        6614 ...
 timing:    18.165007000000003      s
 
raw analysis saved at: Analysis/2026-03-19/analysis_XyloseIsomerase.csv 
 Finished analysis of XyloseIsomerase
STOP 0
 ====================
Warning messages:
1: Removed 208 rows containing missing values or values outside the scale range
(`geom_line()`). 
2: Removed 208 rows containing missing values or values outside the scale range
(`geom_point()`). 
3: Removed 208 rows containing missing values or values outside the scale range
(`geom_line()`). 
4: Removed 208 rows containing missing values or values outside the scale range
(`geom_point()`). 
 
 All molecules processed.
TOTAL EXECUTION TIME: 16362.8 s
