=== System Info ===
Architecture:                            aarch64
CPU op-mode(s):                          64-bit
Byte Order:                              Little Endian
CPU(s):                                  8
On-line CPU(s) list:                     0-7
Vendor ID:                               Apple
Model name:                              Blizzard-M2
Model:                                   0
Thread(s) per core:                      1
Core(s) per socket:                      4
Socket(s):                               1
Stepping:                                0x1
Frequency boost:                         disabled
CPU(s) scaling MHz:                      100%
CPU max MHz:                             2424.0000
CPU min MHz:                             600.0000
BogoMIPS:                                48.00
Linux asahi-box 6.18.15-400.asahi.fc42.aarch64+16k #1 SMP PREEMPT_DYNAMIC Wed Mar  4 13:50:11 UTC 2026 aarch64 GNU/Linux
===================
compiling: AtomXYZ/xyz_tmp/xyz_Aerolysin.f90
compiling: AtomXYZ/xyz_tmp/xyz_AntiterminatorHairpin.f90
compiling: AtomXYZ/xyz_tmp/xyz_CoiledCoil.f90
compiling: AtomXYZ/xyz_tmp/xyz_NeonMOF.f90
compiling: AtomXYZ/xyz_tmp/xyz_RhccCarborane.f90
==================================
Compilation complete (Release)
Compiled xyz molecules: _build/release/xyz_modules.txt
Executable: _build/release/exe/SaxsEst
==================================
 
 ====================
 Analyzing:    Aerolysin
 Number of atoms (n):       23303
 
 
 Running debyeEst...
 timing:    1980.9025389999999      s
 
 Running stratEst  s=0.50...
 timing:    47.297013999999990      s
 
 Running stratEst  s=0.45...
 timing:    38.039784999999938      s
 
 Running stratEst  s=0.40...
 timing:    30.105427999999847      s
 
 Running stratEst  s=0.35...
 timing:    23.131599000000278      s
 
 Running stratEst  s=0.30...
 timing:    17.011046000000078      s
 
 Running stratEst  s=0.25...
 timing:    11.803012000000308      s
 
 Running stratEst  s=0.20...
 timing:    7.5680579999998372      s
 
 Running stratEst  s=0.15...
 timing:    4.2573800000000119      s
 
 Running propoEst  ε=0.450; ñ=       23303 ...
 timing:    218.41605899999968      s
 
 Running propoEst  ε=0.440; ñ=       23303 ...
 timing:    218.41715300000033      s
 
 Running propoEst  ε=0.430; ñ=       23303 ...
 timing:    218.42579700000033      s
 
 Running propoEst  ε=0.420; ñ=       23303 ...
 timing:    218.49427100000003      s
 
 Running propoEst  ε=0.410; ñ=       23303 ...
 timing:    218.37634099999968      s
 
 Running propoEst  ε=0.400; ñ=       23303 ...
 timing:    218.36761900000010      s
 
 Running propoEst  ε=0.390; ñ=       23303 ...
 timing:    218.43267700000024      s
 
 Running propoEst  ε=0.380; ñ=       23303 ...
 timing:    218.36656099999982      s
 
raw analysis saved at: Analysis/2026-03-30/analysis_Aerolysin.csv 
 Finished analysis of Aerolysin
STOP 0
 ====================
 
 ====================
 Analyzing:    AntiterminatorHairpin
 Number of atoms (n):        1027
 
 
 Running debyeEst...
 timing:    4.1545540000000001      s
 
 Running stratEst  s=0.50...
 timing:    8.9203000000000365E-002 s
 
 Running stratEst  s=0.45...
 timing:    7.2942999999999536E-002 s
 
 Running stratEst  s=0.40...
 timing:    5.7737999999999623E-002 s
 
 Running stratEst  s=0.35...
 timing:    4.4380000000000308E-002 s
 
 Running stratEst  s=0.30...
 timing:    3.3094000000000179E-002 s
 
 Running stratEst  s=0.25...
 timing:    2.3060000000000080E-002 s
 
 Running stratEst  s=0.20...
 timing:    1.5251000000000126E-002 s
 
 Running stratEst  s=0.15...
 timing:    8.8679999999996539E-003 s
 
 Running propoEst  ε=0.450; ñ=        1027 ...
 timing:   0.39288900000000027      s
 
 Running propoEst  ε=0.440; ñ=        1027 ...
 timing:   0.39288499999999971      s
 
 Running propoEst  ε=0.430; ñ=        1027 ...
 timing:   0.39293099999999992      s
 
 Running propoEst  ε=0.420; ñ=        1027 ...
 timing:   0.39292900000000053      s
 
 Running propoEst  ε=0.410; ñ=        1027 ...
 timing:   0.39302100000000006      s
 
 Running propoEst  ε=0.400; ñ=        1027 ...
 timing:   0.39290100000000017      s
 
 Running propoEst  ε=0.390; ñ=        1027 ...
 timing:   0.39289099999999966      s
 
 Running propoEst  ε=0.380; ñ=        1027 ...
 timing:   0.39286799999999999      s
 
raw analysis saved at: Analysis/2026-03-30/analysis_AntiterminatorHairpin.csv 
 Finished analysis of AntiterminatorHairpin
STOP 0
 ====================
 
 ====================
 Analyzing:    CoiledCoil
 Number of atoms (n):        1667
 
 
 Running debyeEst...
 timing:    10.227318000000000      s
 
 Running stratEst  s=0.50...
 timing:   0.23489700000000013      s
 
 Running stratEst  s=0.45...
 timing:   0.19109500000000068      s
 
 Running stratEst  s=0.40...
 timing:   0.15119600000000055      s
 
 Running stratEst  s=0.35...
 timing:   0.11632599999999904      s
 
 Running stratEst  s=0.30...
 timing:    8.5934999999999206E-002 s
 
 Running stratEst  s=0.25...
 timing:    5.9727000000000530E-002 s
 
 Running stratEst  s=0.20...
 timing:    3.8815999999998851E-002 s
 
 Running stratEst  s=0.15...
 timing:    2.2024000000000044E-002 s
 
 Running propoEst  ε=0.450; ñ=        1667 ...
 timing:    1.1073890000000013      s
 
 Running propoEst  ε=0.440; ñ=        1667 ...
 timing:    1.1075680000000006      s
 
 Running propoEst  ε=0.430; ñ=        1667 ...
 timing:    1.1075049999999997      s
 
 Running propoEst  ε=0.420; ñ=        1667 ...
 timing:    1.1072760000000006      s
 
 Running propoEst  ε=0.410; ñ=        1667 ...
 timing:    1.1076080000000008      s
 
 Running propoEst  ε=0.400; ñ=        1667 ...
 timing:    1.1074930000000016      s
 
 Running propoEst  ε=0.390; ñ=        1667 ...
 timing:    1.1074250000000028      s
 
 Running propoEst  ε=0.380; ñ=        1667 ...
 timing:    1.1075450000000018      s
 
raw analysis saved at: Analysis/2026-03-30/analysis_CoiledCoil.csv 
 Finished analysis of CoiledCoil
STOP 0
 ====================
 
 ====================
 Analyzing:    NeonMOF
 Number of atoms (n):        4941
 
 
 Running debyeEst...
 timing:    97.239643000000001      s
 
 Running stratEst  s=0.50...
 timing:    2.0863930000000011      s
 
 Running stratEst  s=0.45...
 timing:    1.7274880000000081      s
 
 Running stratEst  s=0.40...
 timing:    1.3373830000000027      s
 
 Running stratEst  s=0.35...
 timing:    1.0244809999999944      s
 
 Running stratEst  s=0.30...
 timing:   0.75514400000000137      s
 
 Running stratEst  s=0.25...
 timing:   0.52601500000000101      s
 
 Running stratEst  s=0.20...
 timing:   0.33745999999999299      s
 
 Running stratEst  s=0.15...
 timing:   0.19105199999999911      s
 
 Running propoEst  ε=0.450; ñ=        4941 ...
 timing:    12.804130999999998      s
 
 Running propoEst  ε=0.440; ñ=        4941 ...
 timing:    12.803135999999995      s
 
 Running propoEst  ε=0.430; ñ=        4941 ...
 timing:    12.804256000000009      s
 
 Running propoEst  ε=0.420; ñ=        4941 ...
 timing:    12.804533999999990      s
 
 Running propoEst  ε=0.410; ñ=        4941 ...
 timing:    12.804969000000000      s
 
 Running propoEst  ε=0.400; ñ=        4941 ...
 timing:    12.804204999999996      s
 
 Running propoEst  ε=0.390; ñ=        4941 ...
 timing:    12.804509999999993      s
 
 Running propoEst  ε=0.380; ñ=        4941 ...
 timing:    12.798285999999990      s
 
raw analysis saved at: Analysis/2026-03-30/analysis_NeonMOF.csv 
 Finished analysis of NeonMOF
STOP 0
 ====================
 
 ====================
 Analyzing:    RhccCarborane
 Number of atoms (n):        3426
 
 
 Running debyeEst...
 timing:    45.172035999999999      s
 
 Running stratEst  s=0.50...
 timing:   0.98870299999999389      s
 
 Running stratEst  s=0.45...
 timing:   0.80304199999999781      s
 
 Running stratEst  s=0.40...
 timing:   0.63406900000000377      s
 
 Running stratEst  s=0.35...
 timing:   0.48560200000000009      s
 
 Running stratEst  s=0.30...
 timing:   0.35728600000000199      s
 
 Running stratEst  s=0.25...
 timing:   0.24970599999999621      s
 
 Running stratEst  s=0.20...
 timing:   0.16081299999999743      s
 
 Running stratEst  s=0.15...
 timing:    9.1204000000004726E-002 s
 
 Running propoEst  ε=0.450; ñ=        3426 ...
 timing:    4.8914680000000033      s
 
 Running propoEst  ε=0.440; ñ=        3426 ...
 timing:    4.8916129999999995      s
 
 Running propoEst  ε=0.430; ñ=        3426 ...
 timing:    4.8921270000000021      s
 
 Running propoEst  ε=0.420; ñ=        3426 ...
 timing:    4.8926219999999958      s
 
 Running propoEst  ε=0.410; ñ=        3426 ...
 timing:    4.8939749999999975      s
 
 Running propoEst  ε=0.400; ñ=        3426 ...
 timing:    4.8927790000000044      s
 
 Running propoEst  ε=0.390; ñ=        3426 ...
 timing:    4.8937959999999947      s
 
 Running propoEst  ε=0.380; ñ=        3426 ...
 timing:    4.8924080000000032      s
 
raw analysis saved at: Analysis/2026-03-30/analysis_RhccCarborane.csv 
 Finished analysis of RhccCarborane
STOP 0
 ====================
 
 All molecules processed.
TOTAL EXECUTION TIME: 4230.78 s
