=== System Info ===
Architecture:                            aarch64
CPU op-mode(s):                          64-bit
Byte Order:                              Little Endian
CPU(s):                                  8
On-line CPU(s) list:                     0-7
Vendor ID:                               Apple
Model name:                              Blizzard-M2
Model:                                   0
Thread(s) per core:                      1
Core(s) per socket:                      4
Socket(s):                               1
Stepping:                                0x1
Frequency boost:                         disabled
CPU(s) scaling MHz:                      100%
CPU max MHz:                             2424.0000
CPU min MHz:                             600.0000
BogoMIPS:                                48.00
Linux asahi-box 6.18.15-400.asahi.fc42.aarch64+16k #1 SMP PREEMPT_DYNAMIC Wed Mar  4 13:50:11 UTC 2026 aarch64 GNU/Linux
===================
compiling: AtomXYZ/xyz_tmp/xyz_AntiterminatorHairpin.f90
compiling: AtomXYZ/xyz_tmp/xyz_BacteriorhodopsinArEnv.f90
compiling: AtomXYZ/xyz_tmp/xyz_Plastocyanin.f90
compiling: AtomXYZ/xyz_tmp/xyz_RhccCarborane.f90
compiling: AtomXYZ/xyz_tmp/xyz_Selenow.f90
compiling: AtomXYZ/xyz_tmp/xyz_Stripak.f90
compiling: AtomXYZ/xyz_tmp/xyz_TeicoplaninUbiquitin.f90
compiling: AtomXYZ/xyz_tmp/xyz_TetToxHcGT1b.f90
compiling: AtomXYZ/xyz_tmp/xyz_VancomycinLacticAcid.f90
compiling: AtomXYZ/xyz_tmp/xyz_VATPaseLiRotor.f90
compiling: AtomXYZ/xyz_tmp/xyz_XyloseIsomerase.f90
==================================
Compilation complete (Release)
Compiled xyz molecules: _build/release/xyz_modules.txt
Executable: _build/release/exe/SaxsEst
==================================
 
 ====================
 Analyzing:    AntiterminatorHairpin
 Number of atoms (n):        1027
 
 
 Running debyeEst...
 timing:    4.1194790000000001      s
 
 Running stratEst  a=0.50...
 
 mean-weighted sampling
   -> strataBudget = ⌈a * total population⌉
   -> sumStratMean = meanLight + meanHeavy
   -> heavySamples = ⌈meanHeavy/(sumStratMean) * strataBudget
   -> lightSamples = ⌈meanLight/(sumStratMean) * strataBudget⌉
   -> totalSamples = heavySamples + lightSamples
 
 q value:            0.0000000000000000     
 advice param:      0.50000000000000000     
 
 heavy samples:            452
 light samples:             63
 
 heavy cdf size:          682
 heavy cdf mean:    14.497044021519701     
 heavy cdf stdv:    3.8433505455088643     
 
 light cdf size:          345
 light cdf mean:    1.9999769926071547     
 light cdf stdv:    0.0000000000000000     
 sampling type:   sample only first q value
 timing:    9.1790999999999734E-002 s
 
 Running stratEst  a=0.45...
 
 mean-weighted sampling
   -> strataBudget = ⌈a * total population⌉
   -> sumStratMean = meanLight + meanHeavy
   -> heavySamples = ⌈meanHeavy/(sumStratMean) * strataBudget
   -> lightSamples = ⌈meanLight/(sumStratMean) * strataBudget⌉
   -> totalSamples = heavySamples + lightSamples
 
 q value:            0.0000000000000000     
 advice param:      0.45000000000000001     
 
 heavy samples:            407
 light samples:             57
 
 heavy cdf size:          682
 heavy cdf mean:    14.497044021519701     
 heavy cdf stdv:    3.8433505455088643     
 
 light cdf size:          345
 light cdf mean:    1.9999769926071547     
 light cdf stdv:    0.0000000000000000     
 sampling type:   sample only first q value
 timing:    7.4486000000000274E-002 s
 
 Running stratEst  a=0.40...
 
 mean-weighted sampling
   -> strataBudget = ⌈a * total population⌉
   -> sumStratMean = meanLight + meanHeavy
   -> heavySamples = ⌈meanHeavy/(sumStratMean) * strataBudget
   -> lightSamples = ⌈meanLight/(sumStratMean) * strataBudget⌉
   -> totalSamples = heavySamples + lightSamples
 
 q value:            0.0000000000000000     
 advice param:      0.40000000000000002     
 
 heavy samples:            362
 light samples:             50
 
 heavy cdf size:          682
 heavy cdf mean:    14.497044021519701     
 heavy cdf stdv:    3.8433505455088643     
 
 light cdf size:          345
 light cdf mean:    1.9999769926071547     
 light cdf stdv:    0.0000000000000000     
 sampling type:   sample only first q value
 timing:    6.1221999999999888E-002 s
 
 Running stratEst  a=0.35...
 
 mean-weighted sampling
   -> strataBudget = ⌈a * total population⌉
   -> sumStratMean = meanLight + meanHeavy
   -> heavySamples = ⌈meanHeavy/(sumStratMean) * strataBudget
   -> lightSamples = ⌈meanLight/(sumStratMean) * strataBudget⌉
   -> totalSamples = heavySamples + lightSamples
 
 q value:            0.0000000000000000     
 advice param:      0.34999999999999998     
 
 heavy samples:            317
 light samples:             44
 
 heavy cdf size:          682
 heavy cdf mean:    14.497044021519701     
 heavy cdf stdv:    3.8433505455088643     
 
 light cdf size:          345
 light cdf mean:    1.9999769926071547     
 light cdf stdv:    0.0000000000000000     
 sampling type:   sample only first q value
 timing:    4.6615999999999325E-002 s
 
 Running stratEst  a=0.30...
 
 mean-weighted sampling
   -> strataBudget = ⌈a * total population⌉
   -> sumStratMean = meanLight + meanHeavy
   -> heavySamples = ⌈meanHeavy/(sumStratMean) * strataBudget
   -> lightSamples = ⌈meanLight/(sumStratMean) * strataBudget⌉
   -> totalSamples = heavySamples + lightSamples
 
 q value:            0.0000000000000000     
 advice param:      0.29999999999999999     
 
 heavy samples:            272
 light samples:             38
 
 heavy cdf size:          682
 heavy cdf mean:    14.497044021519701     
 heavy cdf stdv:    3.8433505455088643     
 
 light cdf size:          345
 light cdf mean:    1.9999769926071547     
 light cdf stdv:    0.0000000000000000     
 sampling type:   sample only first q value
 timing:    3.4396000000000093E-002 s
 
 Running stratEst  a=0.25...
 
 mean-weighted sampling
   -> strataBudget = ⌈a * total population⌉
   -> sumStratMean = meanLight + meanHeavy
   -> heavySamples = ⌈meanHeavy/(sumStratMean) * strataBudget
   -> lightSamples = ⌈meanLight/(sumStratMean) * strataBudget⌉
   -> totalSamples = heavySamples + lightSamples
 
 q value:            0.0000000000000000     
 advice param:      0.25000000000000000     
 
 heavy samples:            226
 light samples:             32
 
 heavy cdf size:          682
 heavy cdf mean:    14.497044021519701     
 heavy cdf stdv:    3.8433505455088643     
 
 light cdf size:          345
 light cdf mean:    1.9999769926071547     
 light cdf stdv:    0.0000000000000000     
 sampling type:   sample only first q value
 timing:    2.3831999999999631E-002 s
 
 Running stratEst  a=0.20...
 
 mean-weighted sampling
   -> strataBudget = ⌈a * total population⌉
   -> sumStratMean = meanLight + meanHeavy
   -> heavySamples = ⌈meanHeavy/(sumStratMean) * strataBudget
   -> lightSamples = ⌈meanLight/(sumStratMean) * strataBudget⌉
   -> totalSamples = heavySamples + lightSamples
 
 q value:            0.0000000000000000     
 advice param:      0.20000000000000001     
 
 heavy samples:            182
 light samples:             25
 
 heavy cdf size:          682
 heavy cdf mean:    14.497044021519701     
 heavy cdf stdv:    3.8433505455088643     
 
 light cdf size:          345
 light cdf mean:    1.9999769926071547     
 light cdf stdv:    0.0000000000000000     
 sampling type:   sample only first q value
 timing:    1.5886000000000067E-002 s
 
 Running stratEst  a=0.15...
 
 mean-weighted sampling
   -> strataBudget = ⌈a * total population⌉
   -> sumStratMean = meanLight + meanHeavy
   -> heavySamples = ⌈meanHeavy/(sumStratMean) * strataBudget
   -> lightSamples = ⌈meanLight/(sumStratMean) * strataBudget⌉
   -> totalSamples = heavySamples + lightSamples
 
 q value:            0.0000000000000000     
 advice param:      0.14999999999999999     
 
 heavy samples:            137
 light samples:             19
 
 heavy cdf size:          682
 heavy cdf mean:    14.497044021519701     
 heavy cdf stdv:    3.8433505455088643     
 
 light cdf size:          345
 light cdf mean:    1.9999769926071547     
 light cdf stdv:    0.0000000000000000     
 sampling type:   sample only first q value
 timing:    9.0750000000001663E-003 s
 
 Running propoEst  ε=0.450; ñ=        1027 ...
 timing:   0.39301199999999969      s
 
 Running propoEst  ε=0.440; ñ=        1027 ...
 timing:   0.39335900000000024      s
 
 Running propoEst  ε=0.430; ñ=        1027 ...
 timing:   0.39308999999999994      s
 
 Running propoEst  ε=0.420; ñ=        1027 ...
 timing:   0.39311399999999974      s
 
 Running propoEst  ε=0.410; ñ=        1027 ...
 timing:   0.39327500000000004      s
 
 Running propoEst  ε=0.400; ñ=        1027 ...
 timing:   0.39310799999999979      s
 
 Running propoEst  ε=0.390; ñ=        1027 ...
 timing:   0.39327500000000004      s
 
 Running propoEst  ε=0.380; ñ=        1027 ...
 timing:   0.39331300000000002      s
 
raw analysis saved at: Analysis/2026-04-07/analysis_AntiterminatorHairpin.csv 
 Finished analysis of AntiterminatorHairpin
STOP 0
 ====================
 
 ====================
 Analyzing:    BacteriorhodopsinArEnv
 Number of atoms (n):        2236
 
 
 Running debyeEst...
 timing:    17.687234000000000      s
 
 Running stratEst  a=0.50...
 
 mean-weighted sampling
   -> strataBudget = ⌈a * total population⌉
   -> sumStratMean = meanLight + meanHeavy
   -> heavySamples = ⌈meanHeavy/(sumStratMean) * strataBudget
   -> lightSamples = ⌈meanLight/(sumStratMean) * strataBudget⌉
   -> totalSamples = heavySamples + lightSamples
 
 q value:            0.0000000000000000     
 advice param:      0.50000000000000000     
 
 heavy samples:            653
 light samples:            466
 
 heavy cdf size:          764
 heavy cdf mean:    16.853909922397715     
 heavy cdf stdv:    5.5184316216654787     
 
 light cdf size:         1472
 light cdf mean:    12.008060513282821     
 light cdf stdv:    0.0000000000000000     
 sampling type:   sample only first q value
 timing:   0.43788999999999945      s
 
 Running stratEst  a=0.45...
 
 mean-weighted sampling
   -> strataBudget = ⌈a * total population⌉
   -> sumStratMean = meanLight + meanHeavy
   -> heavySamples = ⌈meanHeavy/(sumStratMean) * strataBudget
   -> lightSamples = ⌈meanLight/(sumStratMean) * strataBudget⌉
   -> totalSamples = heavySamples + lightSamples
 
 q value:            0.0000000000000000     
 advice param:      0.45000000000000001     
 
 heavy samples:            589
 light samples:            419
 
 heavy cdf size:          764
 heavy cdf mean:    16.853909922397715     
 heavy cdf stdv:    5.5184316216654787     
 
 light cdf size:         1472
 light cdf mean:    12.008060513282821     
 light cdf stdv:    0.0000000000000000     
 sampling type:   sample only first q value
 timing:   0.36064299999999960      s
 
 Running stratEst  a=0.40...
 
 mean-weighted sampling
   -> strataBudget = ⌈a * total population⌉
   -> sumStratMean = meanLight + meanHeavy
   -> heavySamples = ⌈meanHeavy/(sumStratMean) * strataBudget
   -> lightSamples = ⌈meanLight/(sumStratMean) * strataBudget⌉
   -> totalSamples = heavySamples + lightSamples
 
 q value:            0.0000000000000000     
 advice param:      0.40000000000000002     
 
 heavy samples:            523
 light samples:            373
 
 heavy cdf size:          764
 heavy cdf mean:    16.853909922397715     
 heavy cdf stdv:    5.5184316216654787     
 
 light cdf size:         1472
 light cdf mean:    12.008060513282821     
 light cdf stdv:    0.0000000000000000     
 sampling type:   sample only first q value
 timing:   0.28548799999999730      s
 
 Running stratEst  a=0.35...
 
 mean-weighted sampling
   -> strataBudget = ⌈a * total population⌉
   -> sumStratMean = meanLight + meanHeavy
   -> heavySamples = ⌈meanHeavy/(sumStratMean) * strataBudget
   -> lightSamples = ⌈meanLight/(sumStratMean) * strataBudget⌉
   -> totalSamples = heavySamples + lightSamples
 
 q value:            0.0000000000000000     
 advice param:      0.34999999999999998     
 
 heavy samples:            458
 light samples:            326
 
 heavy cdf size:          764
 heavy cdf mean:    16.853909922397715     
 heavy cdf stdv:    5.5184316216654787     
 
 light cdf size:         1472
 light cdf mean:    12.008060513282821     
 light cdf stdv:    0.0000000000000000     
 sampling type:   sample only first q value
 timing:   0.21841299999999819      s
 
 Running stratEst  a=0.30...
 
 mean-weighted sampling
   -> strataBudget = ⌈a * total population⌉
   -> sumStratMean = meanLight + meanHeavy
   -> heavySamples = ⌈meanHeavy/(sumStratMean) * strataBudget
   -> lightSamples = ⌈meanLight/(sumStratMean) * strataBudget⌉
   -> totalSamples = heavySamples + lightSamples
 
 q value:            0.0000000000000000     
 advice param:      0.29999999999999999     
 
 heavy samples:            392
 light samples:            280
 
 heavy cdf size:          764
 heavy cdf mean:    16.853909922397715     
 heavy cdf stdv:    5.5184316216654787     
 
 light cdf size:         1472
 light cdf mean:    12.008060513282821     
 light cdf stdv:    0.0000000000000000     
 sampling type:   sample only first q value
 timing:   0.15899700000000294      s
 
 Running stratEst  a=0.25...
 
 mean-weighted sampling
   -> strataBudget = ⌈a * total population⌉
   -> sumStratMean = meanLight + meanHeavy
   -> heavySamples = ⌈meanHeavy/(sumStratMean) * strataBudget
   -> lightSamples = ⌈meanLight/(sumStratMean) * strataBudget⌉
   -> totalSamples = heavySamples + lightSamples
 
 q value:            0.0000000000000000     
 advice param:      0.25000000000000000     
 
 heavy samples:            327
 light samples:            233
 
 heavy cdf size:          764
 heavy cdf mean:    16.853909922397715     
 heavy cdf stdv:    5.5184316216654787     
 
 light cdf size:         1472
 light cdf mean:    12.008060513282821     
 light cdf stdv:    0.0000000000000000     
 sampling type:   sample only first q value
 timing:   0.11054800000000142      s
 
 Running stratEst  a=0.20...
 
 mean-weighted sampling
   -> strataBudget = ⌈a * total population⌉
   -> sumStratMean = meanLight + meanHeavy
   -> heavySamples = ⌈meanHeavy/(sumStratMean) * strataBudget
   -> lightSamples = ⌈meanLight/(sumStratMean) * strataBudget⌉
   -> totalSamples = heavySamples + lightSamples
 
 q value:            0.0000000000000000     
 advice param:      0.20000000000000001     
 
 heavy samples:            262
 light samples:            187
 
 heavy cdf size:          764
 heavy cdf mean:    16.853909922397715     
 heavy cdf stdv:    5.5184316216654787     
 
 light cdf size:         1472
 light cdf mean:    12.008060513282821     
 light cdf stdv:    0.0000000000000000     
 sampling type:   sample only first q value
 timing:    7.3337000000002206E-002 s
 
 Running stratEst  a=0.15...
 
 mean-weighted sampling
   -> strataBudget = ⌈a * total population⌉
   -> sumStratMean = meanLight + meanHeavy
   -> heavySamples = ⌈meanHeavy/(sumStratMean) * strataBudget
   -> lightSamples = ⌈meanLight/(sumStratMean) * strataBudget⌉
   -> totalSamples = heavySamples + lightSamples
 
 q value:            0.0000000000000000     
 advice param:      0.14999999999999999     
 
 heavy samples:            197
 light samples:            140
 
 heavy cdf size:          764
 heavy cdf mean:    16.853909922397715     
 heavy cdf stdv:    5.5184316216654787     
 
 light cdf size:         1472
 light cdf mean:    12.008060513282821     
 light cdf stdv:    0.0000000000000000     
 sampling type:   sample only first q value
 timing:    4.1359999999997399E-002 s
 
 Running propoEst  ε=0.450; ñ=        2236 ...
 timing:    2.0538399999999974      s
 
 Running propoEst  ε=0.440; ñ=        2236 ...
 timing:    2.0541599999999995      s
 
 Running propoEst  ε=0.430; ñ=        2236 ...
 timing:    2.0536430000000010      s
 
 Running propoEst  ε=0.420; ñ=        2236 ...
 timing:    2.0535919999999983      s
 
 Running propoEst  ε=0.410; ñ=        2236 ...
 timing:    2.0537509999999983      s
 
 Running propoEst  ε=0.400; ñ=        2236 ...
 timing:    2.0535180000000004      s
 
 Running propoEst  ε=0.390; ñ=        2236 ...
 timing:    2.0541419999999988      s
 
 Running propoEst  ε=0.380; ñ=        2236 ...
 timing:    2.0532639999999986      s
 
raw analysis saved at: Analysis/2026-04-07/analysis_BacteriorhodopsinArEnv.csv 
 Finished analysis of BacteriorhodopsinArEnv
STOP 0
 ====================
 
 ====================
 Analyzing:    Plastocyanin
 Number of atoms (n):        1117
 
 
 Running debyeEst...
 timing:    4.9925410000000001      s
 
 Running stratEst  a=0.50...
 
 mean-weighted sampling
   -> strataBudget = ⌈a * total population⌉
   -> sumStratMean = meanLight + meanHeavy
   -> heavySamples = ⌈meanHeavy/(sumStratMean) * strataBudget
   -> lightSamples = ⌈meanLight/(sumStratMean) * strataBudget⌉
   -> totalSamples = heavySamples + lightSamples
 
 q value:            0.0000000000000000     
 advice param:      0.50000000000000000     
 
 heavy samples:            317
 light samples:            243
 
 heavy cdf size:          559
 heavy cdf mean:    15.686086129027368     
 heavy cdf stdv:    2.2701500570045470     
 
 light cdf size:          558
 light cdf mean:    12.008060513282821     
 light cdf stdv:    0.0000000000000000     
 sampling type:   sample only first q value
 timing:   0.10344999999999960      s
 
 Running stratEst  a=0.45...
 
 mean-weighted sampling
   -> strataBudget = ⌈a * total population⌉
   -> sumStratMean = meanLight + meanHeavy
   -> heavySamples = ⌈meanHeavy/(sumStratMean) * strataBudget
   -> lightSamples = ⌈meanLight/(sumStratMean) * strataBudget⌉
   -> totalSamples = heavySamples + lightSamples
 
 q value:            0.0000000000000000     
 advice param:      0.45000000000000001     
 
 heavy samples:            285
 light samples:            219
 
 heavy cdf size:          559
 heavy cdf mean:    15.686086129027368     
 heavy cdf stdv:    2.2701500570045470     
 
 light cdf size:          558
 light cdf mean:    12.008060513282821     
 light cdf stdv:    0.0000000000000000     
 sampling type:   sample only first q value
 timing:    8.4290000000000198E-002 s
 
 Running stratEst  a=0.40...
 
 mean-weighted sampling
   -> strataBudget = ⌈a * total population⌉
   -> sumStratMean = meanLight + meanHeavy
   -> heavySamples = ⌈meanHeavy/(sumStratMean) * strataBudget
   -> lightSamples = ⌈meanLight/(sumStratMean) * strataBudget⌉
   -> totalSamples = heavySamples + lightSamples
 
 q value:            0.0000000000000000     
 advice param:      0.40000000000000002     
 
 heavy samples:            254
 light samples:            194
 
 heavy cdf size:          559
 heavy cdf mean:    15.686086129027368     
 heavy cdf stdv:    2.2701500570045470     
 
 light cdf size:          558
 light cdf mean:    12.008060513282821     
 light cdf stdv:    0.0000000000000000     
 sampling type:   sample only first q value
 timing:    6.7508000000000123E-002 s
 
 Running stratEst  a=0.35...
 
 mean-weighted sampling
   -> strataBudget = ⌈a * total population⌉
   -> sumStratMean = meanLight + meanHeavy
   -> heavySamples = ⌈meanHeavy/(sumStratMean) * strataBudget
   -> lightSamples = ⌈meanLight/(sumStratMean) * strataBudget⌉
   -> totalSamples = heavySamples + lightSamples
 
 q value:            0.0000000000000000     
 advice param:      0.34999999999999998     
 
 heavy samples:            222
 light samples:            170
 
 heavy cdf size:          559
 heavy cdf mean:    15.686086129027368     
 heavy cdf stdv:    2.2701500570045470     
 
 light cdf size:          558
 light cdf mean:    12.008060513282821     
 light cdf stdv:    0.0000000000000000     
 sampling type:   sample only first q value
 timing:    5.2264000000000088E-002 s
 
 Running stratEst  a=0.30...
 
 mean-weighted sampling
   -> strataBudget = ⌈a * total population⌉
   -> sumStratMean = meanLight + meanHeavy
   -> heavySamples = ⌈meanHeavy/(sumStratMean) * strataBudget
   -> lightSamples = ⌈meanLight/(sumStratMean) * strataBudget⌉
   -> totalSamples = heavySamples + lightSamples
 
 q value:            0.0000000000000000     
 advice param:      0.29999999999999999     
 
 heavy samples:            191
 light samples:            146
 
 heavy cdf size:          559
 heavy cdf mean:    15.686086129027368     
 heavy cdf stdv:    2.2701500570045470     
 
 light cdf size:          558
 light cdf mean:    12.008060513282821     
 light cdf stdv:    0.0000000000000000     
 sampling type:   sample only first q value
 timing:    3.8847000000000520E-002 s
 
 Running stratEst  a=0.25...
 
 mean-weighted sampling
   -> strataBudget = ⌈a * total population⌉
   -> sumStratMean = meanLight + meanHeavy
   -> heavySamples = ⌈meanHeavy/(sumStratMean) * strataBudget
   -> lightSamples = ⌈meanLight/(sumStratMean) * strataBudget⌉
   -> totalSamples = heavySamples + lightSamples
 
 q value:            0.0000000000000000     
 advice param:      0.25000000000000000     
 
 heavy samples:            159
 light samples:            122
 
 heavy cdf size:          559
 heavy cdf mean:    15.686086129027368     
 heavy cdf stdv:    2.2701500570045470     
 
 light cdf size:          558
 light cdf mean:    12.008060513282821     
 light cdf stdv:    0.0000000000000000     
 sampling type:   sample only first q value
 timing:    2.7264999999999873E-002 s
 
 Running stratEst  a=0.20...
 
 mean-weighted sampling
   -> strataBudget = ⌈a * total population⌉
   -> sumStratMean = meanLight + meanHeavy
   -> heavySamples = ⌈meanHeavy/(sumStratMean) * strataBudget
   -> lightSamples = ⌈meanLight/(sumStratMean) * strataBudget⌉
   -> totalSamples = heavySamples + lightSamples
 
 q value:            0.0000000000000000     
 advice param:      0.20000000000000001     
 
 heavy samples:            127
 light samples:             98
 
 heavy cdf size:          559
 heavy cdf mean:    15.686086129027368     
 heavy cdf stdv:    2.2701500570045470     
 
 light cdf size:          558
 light cdf mean:    12.008060513282821     
 light cdf stdv:    0.0000000000000000     
 sampling type:   sample only first q value
 timing:    1.7862000000000045E-002 s
 
 Running stratEst  a=0.15...
 
 mean-weighted sampling
   -> strataBudget = ⌈a * total population⌉
   -> sumStratMean = meanLight + meanHeavy
   -> heavySamples = ⌈meanHeavy/(sumStratMean) * strataBudget
   -> lightSamples = ⌈meanLight/(sumStratMean) * strataBudget⌉
   -> totalSamples = heavySamples + lightSamples
 
 q value:            0.0000000000000000     
 advice param:      0.14999999999999999     
 
 heavy samples:             96
 light samples:             73
 
 heavy cdf size:          559
 heavy cdf mean:    15.686086129027368     
 heavy cdf stdv:    2.2701500570045470     
 
 light cdf size:          558
 light cdf mean:    12.008060513282821     
 light cdf stdv:    0.0000000000000000     
 sampling type:   sample only first q value
 timing:    1.0464000000000695E-002 s
 
 Running propoEst  ε=0.450; ñ=        1117 ...
 timing:   0.51538199999999978      s
 
 Running propoEst  ε=0.440; ñ=        1117 ...
 timing:   0.51508100000000034      s
 
 Running propoEst  ε=0.430; ñ=        1117 ...
 timing:   0.51503399999999999      s
 
 Running propoEst  ε=0.420; ñ=        1117 ...
 timing:   0.51554700000000064      s
 
 Running propoEst  ε=0.410; ñ=        1117 ...
 timing:   0.51503399999999999      s
 
 Running propoEst  ε=0.400; ñ=        1117 ...
 timing:   0.51501899999999967      s
 
 Running propoEst  ε=0.390; ñ=        1117 ...
 timing:   0.51519199999999898      s
 
 Running propoEst  ε=0.380; ñ=        1117 ...
 timing:   0.51549200000000006      s
 
raw analysis saved at: Analysis/2026-04-07/analysis_Plastocyanin.csv 
 Finished analysis of Plastocyanin
STOP 0
 ====================
 
 ====================
 Analyzing:    RhccCarborane
 Number of atoms (n):        3426
 
 
 Running debyeEst...
 timing:    44.701447999999999      s
 
 Running stratEst  a=0.50...
 
 mean-weighted sampling
   -> strataBudget = ⌈a * total population⌉
   -> sumStratMean = meanLight + meanHeavy
   -> heavySamples = ⌈meanHeavy/(sumStratMean) * strataBudget
   -> lightSamples = ⌈meanLight/(sumStratMean) * strataBudget⌉
   -> totalSamples = heavySamples + lightSamples
 
 q value:            0.0000000000000000     
 advice param:      0.50000000000000000     
 
 heavy samples:           1489
 light samples:            225
 
 heavy cdf size:         1720
 heavy cdf mean:    13.238482539531374     
 heavy cdf stdv:    1.8887928472338069     
 
 light cdf size:         1706
 light cdf mean:    1.9999769926071544     
 light cdf stdv:    0.0000000000000000     
 sampling type:   sample only first q value
 timing:    1.0303800000000010      s
 
 Running stratEst  a=0.45...
 
 mean-weighted sampling
   -> strataBudget = ⌈a * total population⌉
   -> sumStratMean = meanLight + meanHeavy
   -> heavySamples = ⌈meanHeavy/(sumStratMean) * strataBudget
   -> lightSamples = ⌈meanLight/(sumStratMean) * strataBudget⌉
   -> totalSamples = heavySamples + lightSamples
 
 q value:            0.0000000000000000     
 advice param:      0.45000000000000001     
 
 heavy samples:           1340
 light samples:            203
 
 heavy cdf size:         1720
 heavy cdf mean:    13.238482539531374     
 heavy cdf stdv:    1.8887928472338069     
 
 light cdf size:         1706
 light cdf mean:    1.9999769926071544     
 light cdf stdv:    0.0000000000000000     
 sampling type:   sample only first q value
 timing:   0.83513099999999696      s
 
 Running stratEst  a=0.40...
 
 mean-weighted sampling
   -> strataBudget = ⌈a * total population⌉
   -> sumStratMean = meanLight + meanHeavy
   -> heavySamples = ⌈meanHeavy/(sumStratMean) * strataBudget
   -> lightSamples = ⌈meanLight/(sumStratMean) * strataBudget⌉
   -> totalSamples = heavySamples + lightSamples
 
 q value:            0.0000000000000000     
 advice param:      0.40000000000000002     
 
 heavy samples:           1192
 light samples:            180
 
 heavy cdf size:         1720
 heavy cdf mean:    13.238482539531374     
 heavy cdf stdv:    1.8887928472338069     
 
 light cdf size:         1706
 light cdf mean:    1.9999769926071544     
 light cdf stdv:    0.0000000000000000     
 sampling type:   sample only first q value
 timing:   0.65001399999999876      s
 
 Running stratEst  a=0.35...
 
 mean-weighted sampling
   -> strataBudget = ⌈a * total population⌉
   -> sumStratMean = meanLight + meanHeavy
   -> heavySamples = ⌈meanHeavy/(sumStratMean) * strataBudget
   -> lightSamples = ⌈meanLight/(sumStratMean) * strataBudget⌉
   -> totalSamples = heavySamples + lightSamples
 
 q value:            0.0000000000000000     
 advice param:      0.34999999999999998     
 
 heavy samples:           1043
 light samples:            158
 
 heavy cdf size:         1720
 heavy cdf mean:    13.238482539531374     
 heavy cdf stdv:    1.8887928472338069     
 
 light cdf size:         1706
 light cdf mean:    1.9999769926071544     
 light cdf stdv:    0.0000000000000000     
 sampling type:   sample only first q value
 timing:   0.49747800000000097      s
 
 Running stratEst  a=0.30...
 
 mean-weighted sampling
   -> strataBudget = ⌈a * total population⌉
   -> sumStratMean = meanLight + meanHeavy
   -> heavySamples = ⌈meanHeavy/(sumStratMean) * strataBudget
   -> lightSamples = ⌈meanLight/(sumStratMean) * strataBudget⌉
   -> totalSamples = heavySamples + lightSamples
 
 q value:            0.0000000000000000     
 advice param:      0.29999999999999999     
 
 heavy samples:            894
 light samples:            135
 
 heavy cdf size:         1720
 heavy cdf mean:    13.238482539531374     
 heavy cdf stdv:    1.8887928472338069     
 
 light cdf size:         1706
 light cdf mean:    1.9999769926071544     
 light cdf stdv:    0.0000000000000000     
 sampling type:   sample only first q value
 timing:   0.36543600000000254      s
 
 Running stratEst  a=0.25...
 
 mean-weighted sampling
   -> strataBudget = ⌈a * total population⌉
   -> sumStratMean = meanLight + meanHeavy
   -> heavySamples = ⌈meanHeavy/(sumStratMean) * strataBudget
   -> lightSamples = ⌈meanLight/(sumStratMean) * strataBudget⌉
   -> totalSamples = heavySamples + lightSamples
 
 q value:            0.0000000000000000     
 advice param:      0.25000000000000000     
 
 heavy samples:            745
 light samples:            113
 
 heavy cdf size:         1720
 heavy cdf mean:    13.238482539531374     
 heavy cdf stdv:    1.8887928472338069     
 
 light cdf size:         1706
 light cdf mean:    1.9999769926071544     
 light cdf stdv:    0.0000000000000000     
 sampling type:   sample only first q value
 timing:   0.26295299999999600      s
 
 Running stratEst  a=0.20...
 
 mean-weighted sampling
   -> strataBudget = ⌈a * total population⌉
   -> sumStratMean = meanLight + meanHeavy
   -> heavySamples = ⌈meanHeavy/(sumStratMean) * strataBudget
   -> lightSamples = ⌈meanLight/(sumStratMean) * strataBudget⌉
   -> totalSamples = heavySamples + lightSamples
 
 q value:            0.0000000000000000     
 advice param:      0.20000000000000001     
 
 heavy samples:            596
 light samples:             91
 
 heavy cdf size:         1720
 heavy cdf mean:    13.238482539531374     
 heavy cdf stdv:    1.8887928472338069     
 
 light cdf size:         1706
 light cdf mean:    1.9999769926071544     
 light cdf stdv:    0.0000000000000000     
 sampling type:   sample only first q value
 timing:   0.16934299999999780      s
 
 Running stratEst  a=0.15...
 
 mean-weighted sampling
   -> strataBudget = ⌈a * total population⌉
   -> sumStratMean = meanLight + meanHeavy
   -> heavySamples = ⌈meanHeavy/(sumStratMean) * strataBudget
   -> lightSamples = ⌈meanLight/(sumStratMean) * strataBudget⌉
   -> totalSamples = heavySamples + lightSamples
 
 q value:            0.0000000000000000     
 advice param:      0.14999999999999999     
 
 heavy samples:            447
 light samples:             68
 
 heavy cdf size:         1720
 heavy cdf mean:    13.238482539531374     
 heavy cdf stdv:    1.8887928472338069     
 
 light cdf size:         1706
 light cdf mean:    1.9999769926071544     
 light cdf stdv:    0.0000000000000000     
 sampling type:   sample only first q value
 timing:    9.5775000000003274E-002 s
 
 Running propoEst  ε=0.450; ñ=        3426 ...
 timing:    4.8935790000000026      s
 
 Running propoEst  ε=0.440; ñ=        3426 ...
 timing:    4.8927779999999998      s
 
 Running propoEst  ε=0.430; ñ=        3426 ...
 timing:    4.8935570000000013      s
 
 Running propoEst  ε=0.420; ñ=        3426 ...
 timing:    4.8925229999999971      s
 
 Running propoEst  ε=0.410; ñ=        3426 ...
 timing:    4.8937790000000092      s
 
 Running propoEst  ε=0.400; ñ=        3426 ...
 timing:    4.8921729999999997      s
 
 Running propoEst  ε=0.390; ñ=        3426 ...
 timing:    4.8925919999999934      s
 
 Running propoEst  ε=0.380; ñ=        3426 ...
 timing:    4.8923720000000088      s
 
raw analysis saved at: Analysis/2026-04-07/analysis_RhccCarborane.csv 
 Finished analysis of RhccCarborane
STOP 0
 ====================
 
 ====================
 Analyzing:    Selenow
 Number of atoms (n):        2773
 
 
 Running debyeEst...
 timing:    28.332295999999999      s
 
 Running stratEst  a=0.50...
 
 mean-weighted sampling
   -> strataBudget = ⌈a * total population⌉
   -> sumStratMean = meanLight + meanHeavy
   -> heavySamples = ⌈meanHeavy/(sumStratMean) * strataBudget
   -> lightSamples = ⌈meanLight/(sumStratMean) * strataBudget⌉
   -> totalSamples = heavySamples + lightSamples
 
 q value:            0.0000000000000000     
 advice param:      0.50000000000000000     
 
 heavy samples:            782
 light samples:            606
 
 heavy cdf size:         1068
 heavy cdf mean:    15.506596916975669     
 heavy cdf stdv:    3.6407688697595555     
 
 light cdf size:         1705
 light cdf mean:    12.008060513282821     
 light cdf stdv:    0.0000000000000000     
 sampling type:   sample only first q value
 timing:   0.64797000000000082      s
 
 Running stratEst  a=0.45...
 
 mean-weighted sampling
   -> strataBudget = ⌈a * total population⌉
   -> sumStratMean = meanLight + meanHeavy
   -> heavySamples = ⌈meanHeavy/(sumStratMean) * strataBudget
   -> lightSamples = ⌈meanLight/(sumStratMean) * strataBudget⌉
   -> totalSamples = heavySamples + lightSamples
 
 q value:            0.0000000000000000     
 advice param:      0.45000000000000001     
 
 heavy samples:            704
 light samples:            545
 
 heavy cdf size:         1068
 heavy cdf mean:    15.506596916975669     
 heavy cdf stdv:    3.6407688697595555     
 
 light cdf size:         1705
 light cdf mean:    12.008060513282821     
 light cdf stdv:    0.0000000000000000     
 sampling type:   sample only first q value
 timing:   0.52452399999999955      s
 
 Running stratEst  a=0.40...
 
 mean-weighted sampling
   -> strataBudget = ⌈a * total population⌉
   -> sumStratMean = meanLight + meanHeavy
   -> heavySamples = ⌈meanHeavy/(sumStratMean) * strataBudget
   -> lightSamples = ⌈meanLight/(sumStratMean) * strataBudget⌉
   -> totalSamples = heavySamples + lightSamples
 
 q value:            0.0000000000000000     
 advice param:      0.40000000000000002     
 
 heavy samples:            626
 light samples:            485
 
 heavy cdf size:         1068
 heavy cdf mean:    15.506596916975669     
 heavy cdf stdv:    3.6407688697595555     
 
 light cdf size:         1705
 light cdf mean:    12.008060513282821     
 light cdf stdv:    0.0000000000000000     
 sampling type:   sample only first q value
 timing:   0.41578700000000168      s
 
 Running stratEst  a=0.35...
 
 mean-weighted sampling
   -> strataBudget = ⌈a * total population⌉
   -> sumStratMean = meanLight + meanHeavy
   -> heavySamples = ⌈meanHeavy/(sumStratMean) * strataBudget
   -> lightSamples = ⌈meanLight/(sumStratMean) * strataBudget⌉
   -> totalSamples = heavySamples + lightSamples
 
 q value:            0.0000000000000000     
 advice param:      0.34999999999999998     
 
 heavy samples:            548
 light samples:            424
 
 heavy cdf size:         1068
 heavy cdf mean:    15.506596916975669     
 heavy cdf stdv:    3.6407688697595555     
 
 light cdf size:         1705
 light cdf mean:    12.008060513282821     
 light cdf stdv:    0.0000000000000000     
 sampling type:   sample only first q value
 timing:   0.31916500000000170      s
 
 Running stratEst  a=0.30...
 
 mean-weighted sampling
   -> strataBudget = ⌈a * total population⌉
   -> sumStratMean = meanLight + meanHeavy
   -> heavySamples = ⌈meanHeavy/(sumStratMean) * strataBudget
   -> lightSamples = ⌈meanLight/(sumStratMean) * strataBudget⌉
   -> totalSamples = heavySamples + lightSamples
 
 q value:            0.0000000000000000     
 advice param:      0.29999999999999999     
 
 heavy samples:            469
 light samples:            364
 
 heavy cdf size:         1068
 heavy cdf mean:    15.506596916975669     
 heavy cdf stdv:    3.6407688697595555     
 
 light cdf size:         1705
 light cdf mean:    12.008060513282821     
 light cdf stdv:    0.0000000000000000     
 sampling type:   sample only first q value
 timing:   0.23521299999999812      s
 
 Running stratEst  a=0.25...
 
 mean-weighted sampling
   -> strataBudget = ⌈a * total population⌉
   -> sumStratMean = meanLight + meanHeavy
   -> heavySamples = ⌈meanHeavy/(sumStratMean) * strataBudget
   -> lightSamples = ⌈meanLight/(sumStratMean) * strataBudget⌉
   -> totalSamples = heavySamples + lightSamples
 
 q value:            0.0000000000000000     
 advice param:      0.25000000000000000     
 
 heavy samples:            392
 light samples:            303
 
 heavy cdf size:         1068
 heavy cdf mean:    15.506596916975669     
 heavy cdf stdv:    3.6407688697595555     
 
 light cdf size:         1705
 light cdf mean:    12.008060513282821     
 light cdf stdv:    0.0000000000000000     
 sampling type:   sample only first q value
 timing:   0.16504399999999819      s
 
 Running stratEst  a=0.20...
 
 mean-weighted sampling
   -> strataBudget = ⌈a * total population⌉
   -> sumStratMean = meanLight + meanHeavy
   -> heavySamples = ⌈meanHeavy/(sumStratMean) * strataBudget
   -> lightSamples = ⌈meanLight/(sumStratMean) * strataBudget⌉
   -> totalSamples = heavySamples + lightSamples
 
 q value:            0.0000000000000000     
 advice param:      0.20000000000000001     
 
 heavy samples:            313
 light samples:            243
 
 heavy cdf size:         1068
 heavy cdf mean:    15.506596916975669     
 heavy cdf stdv:    3.6407688697595555     
 
 light cdf size:         1705
 light cdf mean:    12.008060513282821     
 light cdf stdv:    0.0000000000000000     
 sampling type:   sample only first q value
 timing:   0.10873800000000244      s
 
 Running stratEst  a=0.15...
 
 mean-weighted sampling
   -> strataBudget = ⌈a * total population⌉
   -> sumStratMean = meanLight + meanHeavy
   -> heavySamples = ⌈meanHeavy/(sumStratMean) * strataBudget
   -> lightSamples = ⌈meanLight/(sumStratMean) * strataBudget⌉
   -> totalSamples = heavySamples + lightSamples
 
 q value:            0.0000000000000000     
 advice param:      0.14999999999999999     
 
 heavy samples:            235
 light samples:            182
 
 heavy cdf size:         1068
 heavy cdf mean:    15.506596916975669     
 heavy cdf stdv:    3.6407688697595555     
 
 light cdf size:         1705
 light cdf mean:    12.008060513282821     
 light cdf stdv:    0.0000000000000000     
 sampling type:   sample only first q value
 timing:    6.1204999999997511E-002 s
 
 Running propoEst  ε=0.450; ñ=        2773 ...
 timing:    3.0538319999999999      s
 
 Running propoEst  ε=0.440; ñ=        2773 ...
 timing:    3.0543850000000035      s
 
 Running propoEst  ε=0.430; ñ=        2773 ...
 timing:    3.0542760000000015      s
 
 Running propoEst  ε=0.420; ñ=        2773 ...
 timing:    3.0555449999999951      s
 
 Running propoEst  ε=0.410; ñ=        2773 ...
 timing:    3.0555480000000017      s
 
 Running propoEst  ε=0.400; ñ=        2773 ...
 timing:    3.0546959999999999      s
 
 Running propoEst  ε=0.390; ñ=        2773 ...
 timing:    3.0548069999999967      s
 
 Running propoEst  ε=0.380; ñ=        2773 ...
 timing:    3.0551379999999995      s
 
raw analysis saved at: Analysis/2026-04-07/analysis_Selenow.csv 
 Finished analysis of Selenow
STOP 0
 ====================
 
 ====================
 Analyzing:    Stripak
 Number of atoms (n):       16613
 
 
 Running debyeEst...
ERROR in getF0: Element "Zn" not found
ERROR STOP 

Error termination. Backtrace:
#0  0xffffba961797 in ???
#1  0xffffba962577 in ???
#2  0xffffba963b57 in ???
#3  0x4092fb in ???
#4  0x408e07 in ???
#5  0x40a907 in ???
#6  0x411e73 in ???
#7  0x4041a3 in ???
#8  0x408477 in ???
#9  0x403923 in ???
#10  0xffffba69621b in ???
#11  0xffffba6962fb in ???
#12  0x4039af in ???
#13  0xffffffffffffffff in ???
 
 **************************************
 ABORTING Stripak; CONTINUING ANALYSIS...
 **************************************
 ====================
 
 ====================
 Analyzing:    TeicoplaninUbiquitin
 Number of atoms (n):         768
 
 
 Running debyeEst...
 timing:    2.1382249999999998      s
 
 Running stratEst  a=0.50...
 
 mean-weighted sampling
   -> strataBudget = ⌈a * total population⌉
   -> sumStratMean = meanLight + meanHeavy
   -> heavySamples = ⌈meanHeavy/(sumStratMean) * strataBudget
   -> lightSamples = ⌈meanLight/(sumStratMean) * strataBudget⌉
   -> totalSamples = heavySamples + lightSamples
 
 q value:            0.0000000000000000     
 advice param:      0.50000000000000000     
 
 heavy samples:            216
 light samples:            169
 
 heavy cdf size:          287
 heavy cdf mean:    15.373850918460800     
 heavy cdf stdv:    2.0575720821603576     
 
 light cdf size:          481
 light cdf mean:    12.008060513282821     
 light cdf stdv:    0.0000000000000000     
 sampling type:   sample only first q value
 timing:    4.9945000000000128E-002 s
 
 Running stratEst  a=0.45...
 
 mean-weighted sampling
   -> strataBudget = ⌈a * total population⌉
   -> sumStratMean = meanLight + meanHeavy
   -> heavySamples = ⌈meanHeavy/(sumStratMean) * strataBudget
   -> lightSamples = ⌈meanLight/(sumStratMean) * strataBudget⌉
   -> totalSamples = heavySamples + lightSamples
 
 q value:            0.0000000000000000     
 advice param:      0.45000000000000001     
 
 heavy samples:            195
 light samples:            152
 
 heavy cdf size:          287
 heavy cdf mean:    15.373850918460800     
 heavy cdf stdv:    2.0575720821603576     
 
 light cdf size:          481
 light cdf mean:    12.008060513282821     
 light cdf stdv:    0.0000000000000000     
 sampling type:   sample only first q value
 timing:    4.0843999999999880E-002 s
 
 Running stratEst  a=0.40...
 
 mean-weighted sampling
   -> strataBudget = ⌈a * total population⌉
   -> sumStratMean = meanLight + meanHeavy
   -> heavySamples = ⌈meanHeavy/(sumStratMean) * strataBudget
   -> lightSamples = ⌈meanLight/(sumStratMean) * strataBudget⌉
   -> totalSamples = heavySamples + lightSamples
 
 q value:            0.0000000000000000     
 advice param:      0.40000000000000002     
 
 heavy samples:            173
 light samples:            136
 
 heavy cdf size:          287
 heavy cdf mean:    15.373850918460800     
 heavy cdf stdv:    2.0575720821603576     
 
 light cdf size:          481
 light cdf mean:    12.008060513282821     
 light cdf stdv:    0.0000000000000000     
 sampling type:   sample only first q value
 timing:    3.2750000000000057E-002 s
 
 Running stratEst  a=0.35...
 
 mean-weighted sampling
   -> strataBudget = ⌈a * total population⌉
   -> sumStratMean = meanLight + meanHeavy
   -> heavySamples = ⌈meanHeavy/(sumStratMean) * strataBudget
   -> lightSamples = ⌈meanLight/(sumStratMean) * strataBudget⌉
   -> totalSamples = heavySamples + lightSamples
 
 q value:            0.0000000000000000     
 advice param:      0.34999999999999998     
 
 heavy samples:            152
 light samples:            118
 
 heavy cdf size:          287
 heavy cdf mean:    15.373850918460800     
 heavy cdf stdv:    2.0575720821603576     
 
 light cdf size:          481
 light cdf mean:    12.008060513282821     
 light cdf stdv:    0.0000000000000000     
 sampling type:   sample only first q value
 timing:    2.5384999999999991E-002 s
 
 Running stratEst  a=0.30...
 
 mean-weighted sampling
   -> strataBudget = ⌈a * total population⌉
   -> sumStratMean = meanLight + meanHeavy
   -> heavySamples = ⌈meanHeavy/(sumStratMean) * strataBudget
   -> lightSamples = ⌈meanLight/(sumStratMean) * strataBudget⌉
   -> totalSamples = heavySamples + lightSamples
 
 q value:            0.0000000000000000     
 advice param:      0.29999999999999999     
 
 heavy samples:            130
 light samples:            102
 
 heavy cdf size:          287
 heavy cdf mean:    15.373850918460800     
 heavy cdf stdv:    2.0575720821603576     
 
 light cdf size:          481
 light cdf mean:    12.008060513282821     
 light cdf stdv:    0.0000000000000000     
 sampling type:   sample only first q value
 timing:    1.8860000000000099E-002 s
 
 Running stratEst  a=0.25...
 
 mean-weighted sampling
   -> strataBudget = ⌈a * total population⌉
   -> sumStratMean = meanLight + meanHeavy
   -> heavySamples = ⌈meanHeavy/(sumStratMean) * strataBudget
   -> lightSamples = ⌈meanLight/(sumStratMean) * strataBudget⌉
   -> totalSamples = heavySamples + lightSamples
 
 q value:            0.0000000000000000     
 advice param:      0.25000000000000000     
 
 heavy samples:            108
 light samples:             85
 
 heavy cdf size:          287
 heavy cdf mean:    15.373850918460800     
 heavy cdf stdv:    2.0575720821603576     
 
 light cdf size:          481
 light cdf mean:    12.008060513282821     
 light cdf stdv:    0.0000000000000000     
 sampling type:   sample only first q value
 timing:    1.3425000000000242E-002 s
 
 Running stratEst  a=0.20...
 
 mean-weighted sampling
   -> strataBudget = ⌈a * total population⌉
   -> sumStratMean = meanLight + meanHeavy
   -> heavySamples = ⌈meanHeavy/(sumStratMean) * strataBudget
   -> lightSamples = ⌈meanLight/(sumStratMean) * strataBudget⌉
   -> totalSamples = heavySamples + lightSamples
 
 q value:            0.0000000000000000     
 advice param:      0.20000000000000001     
 
 heavy samples:             87
 light samples:             68
 
 heavy cdf size:          287
 heavy cdf mean:    15.373850918460800     
 heavy cdf stdv:    2.0575720821603576     
 
 light cdf size:          481
 light cdf mean:    12.008060513282821     
 light cdf stdv:    0.0000000000000000     
 sampling type:   sample only first q value
 timing:    8.7749999999999773E-003 s
 
 Running stratEst  a=0.15...
 
 mean-weighted sampling
   -> strataBudget = ⌈a * total population⌉
   -> sumStratMean = meanLight + meanHeavy
   -> heavySamples = ⌈meanHeavy/(sumStratMean) * strataBudget
   -> lightSamples = ⌈meanLight/(sumStratMean) * strataBudget⌉
   -> totalSamples = heavySamples + lightSamples
 
 q value:            0.0000000000000000     
 advice param:      0.14999999999999999     
 
 heavy samples:             66
 light samples:             51
 
 heavy cdf size:          287
 heavy cdf mean:    15.373850918460800     
 heavy cdf stdv:    2.0575720821603576     
 
 light cdf size:          481
 light cdf mean:    12.008060513282821     
 light cdf stdv:    0.0000000000000000     
 sampling type:   sample only first q value
 timing:    5.2680000000000504E-003 s
 
 Running propoEst  ε=0.450; ñ=         768 ...
 timing:   0.23178799999999988      s
 
 Running propoEst  ε=0.440; ñ=         768 ...
 timing:   0.23187100000000038      s
 
 Running propoEst  ε=0.430; ñ=         768 ...
 timing:   0.23181399999999996      s
 
 Running propoEst  ε=0.420; ñ=         768 ...
 timing:   0.23191000000000006      s
 
 Running propoEst  ε=0.410; ñ=         768 ...
 timing:   0.23189400000000004      s
 
 Running propoEst  ε=0.400; ñ=         768 ...
 timing:   0.23183499999999979      s
 
 Running propoEst  ε=0.390; ñ=         768 ...
 timing:   0.23205499999999990      s
 
 Running propoEst  ε=0.380; ñ=         768 ...
 timing:   0.23199999999999976      s
 
raw analysis saved at: Analysis/2026-04-07/analysis_TeicoplaninUbiquitin.csv 
 Finished analysis of TeicoplaninUbiquitin
STOP 0
 ====================
 
 ====================
 Analyzing:    TetToxHcGT1b
 Number of atoms (n):        3859
 
 
 Running debyeEst...
 timing:    54.326128000000004      s
 
 Running stratEst  a=0.50...
 
 mean-weighted sampling
   -> strataBudget = ⌈a * total population⌉
   -> sumStratMean = meanLight + meanHeavy
   -> heavySamples = ⌈meanHeavy/(sumStratMean) * strataBudget
   -> lightSamples = ⌈meanLight/(sumStratMean) * strataBudget⌉
   -> totalSamples = heavySamples + lightSamples
 
 q value:            0.0000000000000000     
 advice param:      0.50000000000000000     
 
 heavy samples:           1929
 light samples:              2
 
 heavy cdf size:         1452
 heavy cdf mean:    15.282748647338227     
 heavy cdf stdv:    1.7232216486921288     
 
 light cdf size:         2407
 light cdf mean:    9.9776157152329219E-003
 light cdf stdv:   0.34606649099655601     
 sampling type:   sample only first q value
 timing:    1.3201259999999948      s
 
 Running stratEst  a=0.45...
 
 mean-weighted sampling
   -> strataBudget = ⌈a * total population⌉
   -> sumStratMean = meanLight + meanHeavy
   -> heavySamples = ⌈meanHeavy/(sumStratMean) * strataBudget
   -> lightSamples = ⌈meanLight/(sumStratMean) * strataBudget⌉
   -> totalSamples = heavySamples + lightSamples
 
 q value:            0.0000000000000000     
 advice param:      0.45000000000000001     
 
 heavy samples:           1736
 light samples:              2
 
 heavy cdf size:         1452
 heavy cdf mean:    15.282748647338227     
 heavy cdf stdv:    1.7232216486921288     
 
 light cdf size:         2407
 light cdf mean:    9.9776157152329219E-003
 light cdf stdv:   0.34606649099655601     
 sampling type:   sample only first q value
 timing:    1.1263670000000019      s
 
 Running stratEst  a=0.40...
 
 mean-weighted sampling
   -> strataBudget = ⌈a * total population⌉
   -> sumStratMean = meanLight + meanHeavy
   -> heavySamples = ⌈meanHeavy/(sumStratMean) * strataBudget
   -> lightSamples = ⌈meanLight/(sumStratMean) * strataBudget⌉
   -> totalSamples = heavySamples + lightSamples
 
 q value:            0.0000000000000000     
 advice param:      0.40000000000000002     
 
 heavy samples:           1543
 light samples:              2
 
 heavy cdf size:         1452
 heavy cdf mean:    15.282748647338227     
 heavy cdf stdv:    1.7232216486921288     
 
 light cdf size:         2407
 light cdf mean:    9.9776157152329219E-003
 light cdf stdv:   0.34606649099655601     
 sampling type:   sample only first q value
 timing:   0.89268100000000317      s
 
 Running stratEst  a=0.35...
 
 mean-weighted sampling
   -> strataBudget = ⌈a * total population⌉
   -> sumStratMean = meanLight + meanHeavy
   -> heavySamples = ⌈meanHeavy/(sumStratMean) * strataBudget
   -> lightSamples = ⌈meanLight/(sumStratMean) * strataBudget⌉
   -> totalSamples = heavySamples + lightSamples
 
 q value:            0.0000000000000000     
 advice param:      0.34999999999999998     
 
 heavy samples:           1351
 light samples:              1
 
 heavy cdf size:         1452
 heavy cdf mean:    15.282748647338227     
 heavy cdf stdv:    1.7232216486921288     
 
 light cdf size:         2407
 light cdf mean:    9.9776157152329219E-003
 light cdf stdv:   0.34606649099655601     
 sampling type:   sample only first q value
 timing:   0.67570800000000020      s
 
 Running stratEst  a=0.30...
 
 mean-weighted sampling
   -> strataBudget = ⌈a * total population⌉
   -> sumStratMean = meanLight + meanHeavy
   -> heavySamples = ⌈meanHeavy/(sumStratMean) * strataBudget
   -> lightSamples = ⌈meanLight/(sumStratMean) * strataBudget⌉
   -> totalSamples = heavySamples + lightSamples
 
 q value:            0.0000000000000000     
 advice param:      0.29999999999999999     
 
 heavy samples:           1158
 light samples:              1
 
 heavy cdf size:         1452
 heavy cdf mean:    15.282748647338227     
 heavy cdf stdv:    1.7232216486921288     
 
 light cdf size:         2407
 light cdf mean:    9.9776157152329219E-003
 light cdf stdv:   0.34606649099655601     
 sampling type:   sample only first q value
 timing:   0.50078900000000459      s
 
 Running stratEst  a=0.25...
 
 mean-weighted sampling
   -> strataBudget = ⌈a * total population⌉
   -> sumStratMean = meanLight + meanHeavy
   -> heavySamples = ⌈meanHeavy/(sumStratMean) * strataBudget
   -> lightSamples = ⌈meanLight/(sumStratMean) * strataBudget⌉
   -> totalSamples = heavySamples + lightSamples
 
 q value:            0.0000000000000000     
 advice param:      0.25000000000000000     
 
 heavy samples:            965
 light samples:              1
 
 heavy cdf size:         1452
 heavy cdf mean:    15.282748647338227     
 heavy cdf stdv:    1.7232216486921288     
 
 light cdf size:         2407
 light cdf mean:    9.9776157152329219E-003
 light cdf stdv:   0.34606649099655601     
 sampling type:   sample only first q value
 timing:   0.34241099999999847      s
 
 Running stratEst  a=0.20...
 
 mean-weighted sampling
   -> strataBudget = ⌈a * total population⌉
   -> sumStratMean = meanLight + meanHeavy
   -> heavySamples = ⌈meanHeavy/(sumStratMean) * strataBudget
   -> lightSamples = ⌈meanLight/(sumStratMean) * strataBudget⌉
   -> totalSamples = heavySamples + lightSamples
 
 q value:            0.0000000000000000     
 advice param:      0.20000000000000001     
 
 heavy samples:            772
 light samples:              1
 
 heavy cdf size:         1452
 heavy cdf mean:    15.282748647338227     
 heavy cdf stdv:    1.7232216486921288     
 
 light cdf size:         2407
 light cdf mean:    9.9776157152329219E-003
 light cdf stdv:   0.34606649099655601     
 sampling type:   sample only first q value
 timing:   0.22077099999999916      s
 
 Running stratEst  a=0.15...
 
 mean-weighted sampling
   -> strataBudget = ⌈a * total population⌉
   -> sumStratMean = meanLight + meanHeavy
   -> heavySamples = ⌈meanHeavy/(sumStratMean) * strataBudget
   -> lightSamples = ⌈meanLight/(sumStratMean) * strataBudget⌉
   -> totalSamples = heavySamples + lightSamples
 
 q value:            0.0000000000000000     
 advice param:      0.14999999999999999     
 
 heavy samples:            579
 light samples:              1
 
 heavy cdf size:         1452
 heavy cdf mean:    15.282748647338227     
 heavy cdf stdv:    1.7232216486921288     
 
 light cdf size:         2407
 light cdf mean:    9.9776157152329219E-003
 light cdf stdv:   0.34606649099655601     
 sampling type:   sample only first q value
 timing:   0.12182200000000165      s
 
 Running propoEst  ε=0.450; ñ=        3859 ...
 timing:    6.0060870000000008      s
 
 Running propoEst  ε=0.440; ñ=        3859 ...
 timing:    6.0058540000000136      s
 
 Running propoEst  ε=0.430; ñ=        3859 ...
 timing:    6.0052879999999931      s
 
 Running propoEst  ε=0.420; ñ=        3859 ...
 timing:    6.0061709999999948      s
 
 Running propoEst  ε=0.410; ñ=        3859 ...
 timing:    6.0060250000000082      s
 
 Running propoEst  ε=0.400; ñ=        3859 ...
 timing:    6.0058659999999975      s
 
 Running propoEst  ε=0.390; ñ=        3859 ...
 timing:    6.0049929999999989      s
 
 Running propoEst  ε=0.380; ñ=        3859 ...
 timing:    6.0057699999999983      s
 
raw analysis saved at: Analysis/2026-04-07/analysis_TetToxHcGT1b.csv 
 Finished analysis of TetToxHcGT1b
Note: The following floating-point exceptions are signalling: IEEE_INVALID_FLAG
STOP 0
 ====================
 
 ====================
 Analyzing:    VancomycinLacticAcid
 Number of atoms (n):         536
 
 
 Running debyeEst...
 timing:    1.1386610000000001      s
 
 Running stratEst  a=0.50...
 
 mean-weighted sampling
   -> strataBudget = ⌈a * total population⌉
   -> sumStratMean = meanLight + meanHeavy
   -> heavySamples = ⌈meanHeavy/(sumStratMean) * strataBudget
   -> lightSamples = ⌈meanLight/(sumStratMean) * strataBudget⌉
   -> totalSamples = heavySamples + lightSamples
 
 q value:            0.0000000000000000     
 advice param:      0.50000000000000000     
 
 heavy samples:            152
 light samples:            117
 
 heavy cdf size:          240
 heavy cdf mean:    15.722437296388078     
 heavy cdf stdv:   0.71908961880771849     
 
 light cdf size:          296
 light cdf mean:    12.008060513282821     
 light cdf stdv:    0.0000000000000000     
 sampling type:   sample only first q value
 timing:    2.4809999999999999E-002 s
 
 Running stratEst  a=0.45...
 
 mean-weighted sampling
   -> strataBudget = ⌈a * total population⌉
   -> sumStratMean = meanLight + meanHeavy
   -> heavySamples = ⌈meanHeavy/(sumStratMean) * strataBudget
   -> lightSamples = ⌈meanLight/(sumStratMean) * strataBudget⌉
   -> totalSamples = heavySamples + lightSamples
 
 q value:            0.0000000000000000     
 advice param:      0.45000000000000001     
 
 heavy samples:            138
 light samples:            105
 
 heavy cdf size:          240
 heavy cdf mean:    15.722437296388078     
 heavy cdf stdv:   0.71908961880771849     
 
 light cdf size:          296
 light cdf mean:    12.008060513282821     
 light cdf stdv:    0.0000000000000000     
 sampling type:   sample only first q value
 timing:    2.0277000000000100E-002 s
 
 Running stratEst  a=0.40...
 
 mean-weighted sampling
   -> strataBudget = ⌈a * total population⌉
   -> sumStratMean = meanLight + meanHeavy
   -> heavySamples = ⌈meanHeavy/(sumStratMean) * strataBudget
   -> lightSamples = ⌈meanLight/(sumStratMean) * strataBudget⌉
   -> totalSamples = heavySamples + lightSamples
 
 q value:            0.0000000000000000     
 advice param:      0.40000000000000002     
 
 heavy samples:            122
 light samples:             94
 
 heavy cdf size:          240
 heavy cdf mean:    15.722437296388078     
 heavy cdf stdv:   0.71908961880771849     
 
 light cdf size:          296
 light cdf mean:    12.008060513282821     
 light cdf stdv:    0.0000000000000000     
 sampling type:   sample only first q value
 timing:    1.6243000000000007E-002 s
 
 Running stratEst  a=0.35...
 
 mean-weighted sampling
   -> strataBudget = ⌈a * total population⌉
   -> sumStratMean = meanLight + meanHeavy
   -> heavySamples = ⌈meanHeavy/(sumStratMean) * strataBudget
   -> lightSamples = ⌈meanLight/(sumStratMean) * strataBudget⌉
   -> totalSamples = heavySamples + lightSamples
 
 q value:            0.0000000000000000     
 advice param:      0.34999999999999998     
 
 heavy samples:            107
 light samples:             82
 
 heavy cdf size:          240
 heavy cdf mean:    15.722437296388078     
 heavy cdf stdv:   0.71908961880771849     
 
 light cdf size:          296
 light cdf mean:    12.008060513282821     
 light cdf stdv:    0.0000000000000000     
 sampling type:   sample only first q value
 timing:    1.2559999999999905E-002 s
 
 Running stratEst  a=0.30...
 
 mean-weighted sampling
   -> strataBudget = ⌈a * total population⌉
   -> sumStratMean = meanLight + meanHeavy
   -> heavySamples = ⌈meanHeavy/(sumStratMean) * strataBudget
   -> lightSamples = ⌈meanLight/(sumStratMean) * strataBudget⌉
   -> totalSamples = heavySamples + lightSamples
 
 q value:            0.0000000000000000     
 advice param:      0.29999999999999999     
 
 heavy samples:             92
 light samples:             70
 
 heavy cdf size:          240
 heavy cdf mean:    15.722437296388078     
 heavy cdf stdv:   0.71908961880771849     
 
 light cdf size:          296
 light cdf mean:    12.008060513282821     
 light cdf stdv:    0.0000000000000000     
 sampling type:   sample only first q value
 timing:    9.4760000000000399E-003 s
 
 Running stratEst  a=0.25...
 
 mean-weighted sampling
   -> strataBudget = ⌈a * total population⌉
   -> sumStratMean = meanLight + meanHeavy
   -> heavySamples = ⌈meanHeavy/(sumStratMean) * strataBudget
   -> lightSamples = ⌈meanLight/(sumStratMean) * strataBudget⌉
   -> totalSamples = heavySamples + lightSamples
 
 q value:            0.0000000000000000     
 advice param:      0.25000000000000000     
 
 heavy samples:             76
 light samples:             59
 
 heavy cdf size:          240
 heavy cdf mean:    15.722437296388078     
 heavy cdf stdv:   0.71908961880771849     
 
 light cdf size:          296
 light cdf mean:    12.008060513282821     
 light cdf stdv:    0.0000000000000000     
 sampling type:   sample only first q value
 timing:    6.7030000000001255E-003 s
 
 Running stratEst  a=0.20...
 
 mean-weighted sampling
   -> strataBudget = ⌈a * total population⌉
   -> sumStratMean = meanLight + meanHeavy
   -> heavySamples = ⌈meanHeavy/(sumStratMean) * strataBudget
   -> lightSamples = ⌈meanLight/(sumStratMean) * strataBudget⌉
   -> totalSamples = heavySamples + lightSamples
 
 q value:            0.0000000000000000     
 advice param:      0.20000000000000001     
 
 heavy samples:             62
 light samples:             47
 
 heavy cdf size:          240
 heavy cdf mean:    15.722437296388078     
 heavy cdf stdv:   0.71908961880771849     
 
 light cdf size:          296
 light cdf mean:    12.008060513282821     
 light cdf stdv:    0.0000000000000000     
 sampling type:   sample only first q value
 timing:    4.5149999999998247E-003 s
 
 Running stratEst  a=0.15...
 
 mean-weighted sampling
   -> strataBudget = ⌈a * total population⌉
   -> sumStratMean = meanLight + meanHeavy
   -> heavySamples = ⌈meanHeavy/(sumStratMean) * strataBudget
   -> lightSamples = ⌈meanLight/(sumStratMean) * strataBudget⌉
   -> totalSamples = heavySamples + lightSamples
 
 q value:            0.0000000000000000     
 advice param:      0.14999999999999999     
 
 heavy samples:             46
 light samples:             36
 
 heavy cdf size:          240
 heavy cdf mean:    15.722437296388078     
 heavy cdf stdv:   0.71908961880771849     
 
 light cdf size:          296
 light cdf mean:    12.008060513282821     
 light cdf stdv:    0.0000000000000000     
 sampling type:   sample only first q value
 timing:    2.7140000000001052E-003 s
 
 Running propoEst  ε=0.450; ñ=         536 ...
 timing:   0.12092999999999998      s
 
 Running propoEst  ε=0.440; ñ=         536 ...
 timing:   0.12092999999999998      s
 
 Running propoEst  ε=0.430; ñ=         536 ...
 timing:   0.12094899999999997      s
 
 Running propoEst  ε=0.420; ñ=         536 ...
 timing:   0.12101899999999999      s
 
 Running propoEst  ε=0.410; ñ=         536 ...
 timing:   0.12096900000000010      s
 
 Running propoEst  ε=0.400; ñ=         536 ...
 timing:   0.12088599999999983      s
 
 Running propoEst  ε=0.390; ñ=         536 ...
 timing:   0.12093700000000007      s
 
 Running propoEst  ε=0.380; ñ=         536 ...
 timing:   0.12095199999999995      s
 
raw analysis saved at: Analysis/2026-04-07/analysis_VancomycinLacticAcid.csv 
 Finished analysis of VancomycinLacticAcid
STOP 0
 ====================
 
 ====================
 Analyzing:    VATPaseLiRotor
 Number of atoms (n):       12831
 
 
 Running debyeEst...
 timing:    592.56239900000003      s
 
 Running stratEst  a=0.50...
 
 mean-weighted sampling
   -> strataBudget = ⌈a * total population⌉
   -> sumStratMean = meanLight + meanHeavy
   -> heavySamples = ⌈meanHeavy/(sumStratMean) * strataBudget
   -> lightSamples = ⌈meanLight/(sumStratMean) * strataBudget⌉
   -> totalSamples = heavySamples + lightSamples
 
 q value:            0.0000000000000000     
 advice param:      0.50000000000000000     
 
 heavy samples:           4627
 light samples:           1790
 
 heavy cdf size:         4449
 heavy cdf mean:    15.534471577583489     
 heavy cdf stdv:    2.5468835019019678     
 
 light cdf size:         8382
 light cdf mean:    6.0074673865730297     
 light cdf stdv:   0.20739843660141202     
 sampling type:   sample only first q value
 timing:    14.807359000000019      s
 
 Running stratEst  a=0.45...
 
 mean-weighted sampling
   -> strataBudget = ⌈a * total population⌉
   -> sumStratMean = meanLight + meanHeavy
   -> heavySamples = ⌈meanHeavy/(sumStratMean) * strataBudget
   -> lightSamples = ⌈meanLight/(sumStratMean) * strataBudget⌉
   -> totalSamples = heavySamples + lightSamples
 
 q value:            0.0000000000000000     
 advice param:      0.45000000000000001     
 
 heavy samples:           4164
 light samples:           1611
 
 heavy cdf size:         4449
 heavy cdf mean:    15.534471577583489     
 heavy cdf stdv:    2.5468835019019678     
 
 light cdf size:         8382
 light cdf mean:    6.0074673865730297     
 light cdf stdv:   0.20739843660141202     
 sampling type:   sample only first q value
 timing:    12.106333000000063      s
 
 Running stratEst  a=0.40...
 
 mean-weighted sampling
   -> strataBudget = ⌈a * total population⌉
   -> sumStratMean = meanLight + meanHeavy
   -> heavySamples = ⌈meanHeavy/(sumStratMean) * strataBudget
   -> lightSamples = ⌈meanLight/(sumStratMean) * strataBudget⌉
   -> totalSamples = heavySamples + lightSamples
 
 q value:            0.0000000000000000     
 advice param:      0.40000000000000002     
 
 heavy samples:           3702
 light samples:           1432
 
 heavy cdf size:         4449
 heavy cdf mean:    15.534471577583489     
 heavy cdf stdv:    2.5468835019019678     
 
 light cdf size:         8382
 light cdf mean:    6.0074673865730297     
 light cdf stdv:   0.20739843660141202     
 sampling type:   sample only first q value
 timing:    9.7010070000000042      s
 
 Running stratEst  a=0.35...
 
 mean-weighted sampling
   -> strataBudget = ⌈a * total population⌉
   -> sumStratMean = meanLight + meanHeavy
   -> heavySamples = ⌈meanHeavy/(sumStratMean) * strataBudget
   -> lightSamples = ⌈meanLight/(sumStratMean) * strataBudget⌉
   -> totalSamples = heavySamples + lightSamples
 
 q value:            0.0000000000000000     
 advice param:      0.34999999999999998     
 
 heavy samples:           3239
 light samples:           1253
 
 heavy cdf size:         4449
 heavy cdf mean:    15.534471577583489     
 heavy cdf stdv:    2.5468835019019678     
 
 light cdf size:         8382
 light cdf mean:    6.0074673865730297     
 light cdf stdv:   0.20739843660141202     
 sampling type:   sample only first q value
 timing:    7.3871219999999767      s
 
 Running stratEst  a=0.30...
 
 mean-weighted sampling
   -> strataBudget = ⌈a * total population⌉
   -> sumStratMean = meanLight + meanHeavy
   -> heavySamples = ⌈meanHeavy/(sumStratMean) * strataBudget
   -> lightSamples = ⌈meanLight/(sumStratMean) * strataBudget⌉
   -> totalSamples = heavySamples + lightSamples
 
 q value:            0.0000000000000000     
 advice param:      0.29999999999999999     
 
 heavy samples:           2777
 light samples:           1074
 
 heavy cdf size:         4449
 heavy cdf mean:    15.534471577583489     
 heavy cdf stdv:    2.5468835019019678     
 
 light cdf size:         8382
 light cdf mean:    6.0074673865730297     
 light cdf stdv:   0.20739843660141202     
 sampling type:   sample only first q value
 timing:    5.4162730000000465      s
 
 Running stratEst  a=0.25...
 
 mean-weighted sampling
   -> strataBudget = ⌈a * total population⌉
   -> sumStratMean = meanLight + meanHeavy
   -> heavySamples = ⌈meanHeavy/(sumStratMean) * strataBudget
   -> lightSamples = ⌈meanLight/(sumStratMean) * strataBudget⌉
   -> totalSamples = heavySamples + lightSamples
 
 q value:            0.0000000000000000     
 advice param:      0.25000000000000000     
 
 heavy samples:           2314
 light samples:            895
 
 heavy cdf size:         4449
 heavy cdf mean:    15.534471577583489     
 heavy cdf stdv:    2.5468835019019678     
 
 light cdf size:         8382
 light cdf mean:    6.0074673865730297     
 light cdf stdv:   0.20739843660141202     
 sampling type:   sample only first q value
 timing:    3.8074740000000702      s
 
 Running stratEst  a=0.20...
 
 mean-weighted sampling
   -> strataBudget = ⌈a * total population⌉
   -> sumStratMean = meanLight + meanHeavy
   -> heavySamples = ⌈meanHeavy/(sumStratMean) * strataBudget
   -> lightSamples = ⌈meanLight/(sumStratMean) * strataBudget⌉
   -> totalSamples = heavySamples + lightSamples
 
 q value:            0.0000000000000000     
 advice param:      0.20000000000000001     
 
 heavy samples:           1852
 light samples:            716
 
 heavy cdf size:         4449
 heavy cdf mean:    15.534471577583489     
 heavy cdf stdv:    2.5468835019019678     
 
 light cdf size:         8382
 light cdf mean:    6.0074673865730297     
 light cdf stdv:   0.20739843660141202     
 sampling type:   sample only first q value
 timing:    2.4565539999999828      s
 
 Running stratEst  a=0.15...
 
 mean-weighted sampling
   -> strataBudget = ⌈a * total population⌉
   -> sumStratMean = meanLight + meanHeavy
   -> heavySamples = ⌈meanHeavy/(sumStratMean) * strataBudget
   -> lightSamples = ⌈meanLight/(sumStratMean) * strataBudget⌉
   -> totalSamples = heavySamples + lightSamples
 
 q value:            0.0000000000000000     
 advice param:      0.14999999999999999     
 
 heavy samples:           1389
 light samples:            537
 
 heavy cdf size:         4449
 heavy cdf mean:    15.534471577583489     
 heavy cdf stdv:    2.5468835019019678     
 
 light cdf size:         8382
 light cdf mean:    6.0074673865730297     
 light cdf stdv:   0.20739843660141202     
 sampling type:   sample only first q value
 timing:    1.3745020000000068      s
 
 Running propoEst  ε=0.450; ñ=       12831 ...
 timing:    67.215862000000016      s
 
 Running propoEst  ε=0.440; ñ=       12831 ...
 timing:    67.242525999999998      s
 
 Running propoEst  ε=0.430; ñ=       12831 ...
 timing:    67.253275000000031      s
 
 Running propoEst  ε=0.420; ñ=       12831 ...
 timing:    67.248751999999968      s
 
 Running propoEst  ε=0.410; ñ=       12831 ...
 timing:    67.234292999999980      s
 
 Running propoEst  ε=0.400; ñ=       12831 ...
 timing:    67.228325000000041      s
 
 Running propoEst  ε=0.390; ñ=       12831 ...
 timing:    67.233861999999817      s
 
 Running propoEst  ε=0.380; ñ=       12831 ...
 timing:    67.223993000000064      s
 
raw analysis saved at: Analysis/2026-04-07/analysis_VATPaseLiRotor.csv 
 Finished analysis of VATPaseLiRotor
STOP 0
 ====================
 
 ====================
 Analyzing:    XyloseIsomerase
 Number of atoms (n):        6614
 
 
 Running debyeEst...
 timing:    165.34075799999999      s
 
 Running stratEst  a=0.50...
 
 mean-weighted sampling
   -> strataBudget = ⌈a * total population⌉
   -> sumStratMean = meanLight + meanHeavy
   -> heavySamples = ⌈meanHeavy/(sumStratMean) * strataBudget
   -> lightSamples = ⌈meanLight/(sumStratMean) * strataBudget⌉
   -> totalSamples = heavySamples + lightSamples
 
 q value:            0.0000000000000000     
 advice param:      0.50000000000000000     
 
 heavy samples:           1855
 light samples:           1453
 
 heavy cdf size:         2766
 heavy cdf mean:    15.326759120078711     
 heavy cdf stdv:    1.2392565743095849     
 
 light cdf size:         3848
 light cdf mean:    12.008060513282821     
 light cdf stdv:    0.0000000000000000     
 sampling type:   sample only first q value
 timing:    4.0600959999999873      s
 
 Running stratEst  a=0.45...
 
 mean-weighted sampling
   -> strataBudget = ⌈a * total population⌉
   -> sumStratMean = meanLight + meanHeavy
   -> heavySamples = ⌈meanHeavy/(sumStratMean) * strataBudget
   -> lightSamples = ⌈meanLight/(sumStratMean) * strataBudget⌉
   -> totalSamples = heavySamples + lightSamples
 
 q value:            0.0000000000000000     
 advice param:      0.45000000000000001     
 
 heavy samples:           1670
 light samples:           1308
 
 heavy cdf size:         2766
 heavy cdf mean:    15.326759120078711     
 heavy cdf stdv:    1.2392565743095849     
 
 light cdf size:         3848
 light cdf mean:    12.008060513282821     
 light cdf stdv:    0.0000000000000000     
 sampling type:   sample only first q value
 timing:    3.2977120000000184      s
 
 Running stratEst  a=0.40...
 
 mean-weighted sampling
   -> strataBudget = ⌈a * total population⌉
   -> sumStratMean = meanLight + meanHeavy
   -> heavySamples = ⌈meanHeavy/(sumStratMean) * strataBudget
   -> lightSamples = ⌈meanLight/(sumStratMean) * strataBudget⌉
   -> totalSamples = heavySamples + lightSamples
 
 q value:            0.0000000000000000     
 advice param:      0.40000000000000002     
 
 heavy samples:           1484
 light samples:           1163
 
 heavy cdf size:         2766
 heavy cdf mean:    15.326759120078711     
 heavy cdf stdv:    1.2392565743095849     
 
 light cdf size:         3848
 light cdf mean:    12.008060513282821     
 light cdf stdv:    0.0000000000000000     
 sampling type:   sample only first q value
 timing:    2.5230909999999938      s
 
 Running stratEst  a=0.35...
 
 mean-weighted sampling
   -> strataBudget = ⌈a * total population⌉
   -> sumStratMean = meanLight + meanHeavy
   -> heavySamples = ⌈meanHeavy/(sumStratMean) * strataBudget
   -> lightSamples = ⌈meanLight/(sumStratMean) * strataBudget⌉
   -> totalSamples = heavySamples + lightSamples
 
 q value:            0.0000000000000000     
 advice param:      0.34999999999999998     
 
 heavy samples:           1299
 light samples:           1017
 
 heavy cdf size:         2766
 heavy cdf mean:    15.326759120078711     
 heavy cdf stdv:    1.2392565743095849     
 
 light cdf size:         3848
 light cdf mean:    12.008060513282821     
 light cdf stdv:    0.0000000000000000     
 sampling type:   sample only first q value
 timing:    1.9278679999999895      s
 
 Running stratEst  a=0.30...
 
 mean-weighted sampling
   -> strataBudget = ⌈a * total population⌉
   -> sumStratMean = meanLight + meanHeavy
   -> heavySamples = ⌈meanHeavy/(sumStratMean) * strataBudget
   -> lightSamples = ⌈meanLight/(sumStratMean) * strataBudget⌉
   -> totalSamples = heavySamples + lightSamples
 
 q value:            0.0000000000000000     
 advice param:      0.29999999999999999     
 
 heavy samples:           1113
 light samples:            873
 
 heavy cdf size:         2766
 heavy cdf mean:    15.326759120078711     
 heavy cdf stdv:    1.2392565743095849     
 
 light cdf size:         3848
 light cdf mean:    12.008060513282821     
 light cdf stdv:    0.0000000000000000     
 sampling type:   sample only first q value
 timing:    1.4285160000000019      s
 
 Running stratEst  a=0.25...
 
 mean-weighted sampling
   -> strataBudget = ⌈a * total population⌉
   -> sumStratMean = meanLight + meanHeavy
   -> heavySamples = ⌈meanHeavy/(sumStratMean) * strataBudget
   -> lightSamples = ⌈meanLight/(sumStratMean) * strataBudget⌉
   -> totalSamples = heavySamples + lightSamples
 
 q value:            0.0000000000000000     
 advice param:      0.25000000000000000     
 
 heavy samples:            928
 light samples:            727
 
 heavy cdf size:         2766
 heavy cdf mean:    15.326759120078711     
 heavy cdf stdv:    1.2392565743095849     
 
 light cdf size:         3848
 light cdf mean:    12.008060513282821     
 light cdf stdv:    0.0000000000000000     
 sampling type:   sample only first q value
 timing:   0.99185900000000515      s
 
 Running stratEst  a=0.20...
 
 mean-weighted sampling
   -> strataBudget = ⌈a * total population⌉
   -> sumStratMean = meanLight + meanHeavy
   -> heavySamples = ⌈meanHeavy/(sumStratMean) * strataBudget
   -> lightSamples = ⌈meanLight/(sumStratMean) * strataBudget⌉
   -> totalSamples = heavySamples + lightSamples
 
 q value:            0.0000000000000000     
 advice param:      0.20000000000000001     
 
 heavy samples:            742
 light samples:            582
 
 heavy cdf size:         2766
 heavy cdf mean:    15.326759120078711     
 heavy cdf stdv:    1.2392565743095849     
 
 light cdf size:         3848
 light cdf mean:    12.008060513282821     
 light cdf stdv:    0.0000000000000000     
 sampling type:   sample only first q value
 timing:   0.62940400000002228      s
 
 Running stratEst  a=0.15...
 
 mean-weighted sampling
   -> strataBudget = ⌈a * total population⌉
   -> sumStratMean = meanLight + meanHeavy
   -> heavySamples = ⌈meanHeavy/(sumStratMean) * strataBudget
   -> lightSamples = ⌈meanLight/(sumStratMean) * strataBudget⌉
   -> totalSamples = heavySamples + lightSamples
 
 q value:            0.0000000000000000     
 advice param:      0.14999999999999999     
 
 heavy samples:            557
 light samples:            437
 
 heavy cdf size:         2766
 heavy cdf mean:    15.326759120078711     
 heavy cdf stdv:    1.2392565743095849     
 
 light cdf size:         3848
 light cdf mean:    12.008060513282821     
 light cdf stdv:    0.0000000000000000     
 sampling type:   sample only first q value
 timing:   0.36495000000002165      s
 
 Running propoEst  ε=0.450; ñ=        6614 ...
 timing:    18.179438000000005      s
 
 Running propoEst  ε=0.440; ñ=        6614 ...
 timing:    18.184275000000014      s
 
 Running propoEst  ε=0.430; ñ=        6614 ...
 timing:    18.189854999999994      s
 
 Running propoEst  ε=0.420; ñ=        6614 ...
 timing:    18.188321000000002      s
 
 Running propoEst  ε=0.410; ñ=        6614 ...
 timing:    18.181839999999994      s
 
 Running propoEst  ε=0.400; ñ=        6614 ...
 timing:    18.183119000000033      s
 
 Running propoEst  ε=0.390; ñ=        6614 ...
 timing:    18.191800000000001      s
 
 Running propoEst  ε=0.380; ñ=        6614 ...
 timing:    18.187826999999970      s
 
raw analysis saved at: Analysis/2026-04-07/analysis_XyloseIsomerase.csv 
 Finished analysis of XyloseIsomerase
STOP 0
 ====================
Warning messages:
1: Removed 208 rows containing missing values or values outside the scale range
(`geom_line()`). 
2: Removed 208 rows containing missing values or values outside the scale range
(`geom_point()`). 
3: Removed 208 rows containing missing values or values outside the scale range
(`geom_line()`). 
4: Removed 208 rows containing missing values or values outside the scale range
(`geom_point()`). 
 
 All molecules processed.
TOTAL EXECUTION TIME: 1823.46 s
