=== System Info ===
Architecture:                            aarch64
CPU op-mode(s):                          64-bit
Byte Order:                              Little Endian
CPU(s):                                  8
On-line CPU(s) list:                     0-7
Vendor ID:                               Apple
Model name:                              Blizzard-M2
Model:                                   0
Thread(s) per core:                      1
Core(s) per socket:                      4
Socket(s):                               1
Stepping:                                0x1
Frequency boost:                         disabled
CPU(s) scaling MHz:                      100%
CPU max MHz:                             2424.0000
CPU min MHz:                             600.0000
BogoMIPS:                                48.00
Linux asahi-box 6.18.15-400.asahi.fc42.aarch64+16k #1 SMP PREEMPT_DYNAMIC Wed Mar  4 13:50:11 UTC 2026 aarch64 GNU/Linux
===================
compiling: AtomXYZ/xyz_tmp/xyz_AntiterminatorHairpin.f90
compiling: AtomXYZ/xyz_tmp/xyz_BacteriorhodopsinArEnv.f90
compiling: AtomXYZ/xyz_tmp/xyz_Plastocyanin.f90
compiling: AtomXYZ/xyz_tmp/xyz_RhccCarborane.f90
compiling: AtomXYZ/xyz_tmp/xyz_Selenow.f90
compiling: AtomXYZ/xyz_tmp/xyz_Stripak.f90
compiling: AtomXYZ/xyz_tmp/xyz_TeicoplaninUbiquitin.f90
compiling: AtomXYZ/xyz_tmp/xyz_TetToxHcGT1b.f90
compiling: AtomXYZ/xyz_tmp/xyz_VancomycinLacticAcid.f90
compiling: AtomXYZ/xyz_tmp/xyz_VATPaseLiRotor.f90
compiling: AtomXYZ/xyz_tmp/xyz_XyloseIsomerase.f90
==================================
Compilation complete (Release)
Compiled xyz molecules: _build/release/xyz_modules.txt
Executable: _build/release/exe/SaxsEst
==================================
 
 ====================
 Analyzing:    AntiterminatorHairpin
 Number of atoms (n):        1027
 
 
 Running debyeEst...
 timing:    4.1303560000000008      s
 
 Running stratEst  a=0.50...
 
 heavy-rounded proportional sampling
   -> totalSamples = ⌈a * total population⌉
   -> heavySamples = ⌈a * heavyPopulation⌉
   -> lightSamples = totalSamples - heavySamples
 
 q value:            0.0000000000000000     
 advice param:      0.50000000000000000     
 
 heavy samples:            341
 light samples:            173
 
 heavy cdf size:          682
 heavy cdf mean:    14.497044021519701     
 heavy cdf stdv:    3.8433505455088643     
 
 light cdf size:          345
 light cdf mean:    1.9999769926071547     
 light cdf stdv:    0.0000000000000000     
 sampling type:   sample only first q value
 timing:    9.1326999999999714E-002 s
 
 Running stratEst  a=0.45...
 
 heavy-rounded proportional sampling
   -> totalSamples = ⌈a * total population⌉
   -> heavySamples = ⌈a * heavyPopulation⌉
   -> lightSamples = totalSamples - heavySamples
 
 q value:            0.0000000000000000     
 advice param:      0.45000000000000001     
 
 heavy samples:            307
 light samples:            156
 
 heavy cdf size:          682
 heavy cdf mean:    14.497044021519701     
 heavy cdf stdv:    3.8433505455088643     
 
 light cdf size:          345
 light cdf mean:    1.9999769926071547     
 light cdf stdv:    0.0000000000000000     
 sampling type:   sample only first q value
 timing:    7.5199999999999712E-002 s
 
 Running stratEst  a=0.40...
 
 heavy-rounded proportional sampling
   -> totalSamples = ⌈a * total population⌉
   -> heavySamples = ⌈a * heavyPopulation⌉
   -> lightSamples = totalSamples - heavySamples
 
 q value:            0.0000000000000000     
 advice param:      0.40000000000000002     
 
 heavy samples:            273
 light samples:            138
 
 heavy cdf size:          682
 heavy cdf mean:    14.497044021519701     
 heavy cdf stdv:    3.8433505455088643     
 
 light cdf size:          345
 light cdf mean:    1.9999769926071547     
 light cdf stdv:    0.0000000000000000     
 sampling type:   sample only first q value
 timing:    5.9766999999999904E-002 s
 
 Running stratEst  a=0.35...
 
 heavy-rounded proportional sampling
   -> totalSamples = ⌈a * total population⌉
   -> heavySamples = ⌈a * heavyPopulation⌉
   -> lightSamples = totalSamples - heavySamples
 
 q value:            0.0000000000000000     
 advice param:      0.34999999999999998     
 
 heavy samples:            239
 light samples:            121
 
 heavy cdf size:          682
 heavy cdf mean:    14.497044021519701     
 heavy cdf stdv:    3.8433505455088643     
 
 light cdf size:          345
 light cdf mean:    1.9999769926071547     
 light cdf stdv:    0.0000000000000000     
 sampling type:   sample only first q value
 timing:    4.5639999999999681E-002 s
 
 Running stratEst  a=0.30...
 
 heavy-rounded proportional sampling
   -> totalSamples = ⌈a * total population⌉
   -> heavySamples = ⌈a * heavyPopulation⌉
   -> lightSamples = totalSamples - heavySamples
 
 q value:            0.0000000000000000     
 advice param:      0.29999999999999999     
 
 heavy samples:            205
 light samples:            104
 
 heavy cdf size:          682
 heavy cdf mean:    14.497044021519701     
 heavy cdf stdv:    3.8433505455088643     
 
 light cdf size:          345
 light cdf mean:    1.9999769926071547     
 light cdf stdv:    0.0000000000000000     
 sampling type:   sample only first q value
 timing:    3.3966999999999636E-002 s
 
 Running stratEst  a=0.25...
 
 heavy-rounded proportional sampling
   -> totalSamples = ⌈a * total population⌉
   -> heavySamples = ⌈a * heavyPopulation⌉
   -> lightSamples = totalSamples - heavySamples
 
 q value:            0.0000000000000000     
 advice param:      0.25000000000000000     
 
 heavy samples:            171
 light samples:             86
 
 heavy cdf size:          682
 heavy cdf mean:    14.497044021519701     
 heavy cdf stdv:    3.8433505455088643     
 
 light cdf size:          345
 light cdf mean:    1.9999769926071547     
 light cdf stdv:    0.0000000000000000     
 sampling type:   sample only first q value
 timing:    2.3864000000000551E-002 s
 
 Running stratEst  a=0.20...
 
 heavy-rounded proportional sampling
   -> totalSamples = ⌈a * total population⌉
   -> heavySamples = ⌈a * heavyPopulation⌉
   -> lightSamples = totalSamples - heavySamples
 
 q value:            0.0000000000000000     
 advice param:      0.20000000000000001     
 
 heavy samples:            137
 light samples:             69
 
 heavy cdf size:          682
 heavy cdf mean:    14.497044021519701     
 heavy cdf stdv:    3.8433505455088643     
 
 light cdf size:          345
 light cdf mean:    1.9999769926071547     
 light cdf stdv:    0.0000000000000000     
 sampling type:   sample only first q value
 timing:    1.5444999999999709E-002 s
 
 Running stratEst  a=0.15...
 
 heavy-rounded proportional sampling
   -> totalSamples = ⌈a * total population⌉
   -> heavySamples = ⌈a * heavyPopulation⌉
   -> lightSamples = totalSamples - heavySamples
 
 q value:            0.0000000000000000     
 advice param:      0.14999999999999999     
 
 heavy samples:            103
 light samples:             52
 
 heavy cdf size:          682
 heavy cdf mean:    14.497044021519701     
 heavy cdf stdv:    3.8433505455088643     
 
 light cdf size:          345
 light cdf mean:    1.9999769926071547     
 light cdf stdv:    0.0000000000000000     
 sampling type:   sample only first q value
 timing:    9.0989999999999682E-003 s
 
 Running propoEst  ε=0.450; ñ=        1027 ...
 timing:   0.39257099999999934      s
 
 Running propoEst  ε=0.440; ñ=        1027 ...
 timing:   0.39266399999999990      s
 
 Running propoEst  ε=0.430; ñ=        1027 ...
 timing:   0.39267800000000008      s
 
 Running propoEst  ε=0.420; ñ=        1027 ...
 timing:   0.39283199999999940      s
 
 Running propoEst  ε=0.410; ñ=        1027 ...
 timing:   0.39289800000000064      s
 
 Running propoEst  ε=0.400; ñ=        1027 ...
 timing:   0.39285600000000009      s
 
 Running propoEst  ε=0.390; ñ=        1027 ...
 timing:   0.39278399999999980      s
 
 Running propoEst  ε=0.380; ñ=        1027 ...
 timing:   0.39271900000000048      s
 
raw analysis saved at: Analysis/2026-04-03_01/analysis_AntiterminatorHairpin.csv 
 Finished analysis of AntiterminatorHairpin
STOP 0
 ====================
 
 ====================
 Analyzing:    BacteriorhodopsinArEnv
 Number of atoms (n):        2236
 
 
 Running debyeEst...
 timing:    17.703417000000002      s
 
 Running stratEst  a=0.50...
 
 heavy-rounded proportional sampling
   -> totalSamples = ⌈a * total population⌉
   -> heavySamples = ⌈a * heavyPopulation⌉
   -> lightSamples = totalSamples - heavySamples
 
 q value:            0.0000000000000000     
 advice param:      0.50000000000000000     
 
 heavy samples:            382
 light samples:            736
 
 heavy cdf size:          764
 heavy cdf mean:    16.853909922397715     
 heavy cdf stdv:    5.5184316216654787     
 
 light cdf size:         1472
 light cdf mean:    12.008060513282821     
 light cdf stdv:    0.0000000000000000     
 sampling type:   sample only first q value
 timing:   0.42485300000000237      s
 
 Running stratEst  a=0.45...
 
 heavy-rounded proportional sampling
   -> totalSamples = ⌈a * total population⌉
   -> heavySamples = ⌈a * heavyPopulation⌉
   -> lightSamples = totalSamples - heavySamples
 
 q value:            0.0000000000000000     
 advice param:      0.45000000000000001     
 
 heavy samples:            344
 light samples:            663
 
 heavy cdf size:          764
 heavy cdf mean:    16.853909922397715     
 heavy cdf stdv:    5.5184316216654787     
 
 light cdf size:         1472
 light cdf mean:    12.008060513282821     
 light cdf stdv:    0.0000000000000000     
 sampling type:   sample only first q value
 timing:   0.34985400000000055      s
 
 Running stratEst  a=0.40...
 
 heavy-rounded proportional sampling
   -> totalSamples = ⌈a * total population⌉
   -> heavySamples = ⌈a * heavyPopulation⌉
   -> lightSamples = totalSamples - heavySamples
 
 q value:            0.0000000000000000     
 advice param:      0.40000000000000002     
 
 heavy samples:            306
 light samples:            589
 
 heavy cdf size:          764
 heavy cdf mean:    16.853909922397715     
 heavy cdf stdv:    5.5184316216654787     
 
 light cdf size:         1472
 light cdf mean:    12.008060513282821     
 light cdf stdv:    0.0000000000000000     
 sampling type:   sample only first q value
 timing:   0.27789599999999837      s
 
 Running stratEst  a=0.35...
 
 heavy-rounded proportional sampling
   -> totalSamples = ⌈a * total population⌉
   -> heavySamples = ⌈a * heavyPopulation⌉
   -> lightSamples = totalSamples - heavySamples
 
 q value:            0.0000000000000000     
 advice param:      0.34999999999999998     
 
 heavy samples:            268
 light samples:            515
 
 heavy cdf size:          764
 heavy cdf mean:    16.853909922397715     
 heavy cdf stdv:    5.5184316216654787     
 
 light cdf size:         1472
 light cdf mean:    12.008060513282821     
 light cdf stdv:    0.0000000000000000     
 sampling type:   sample only first q value
 timing:   0.20990600000000015      s
 
 Running stratEst  a=0.30...
 
 heavy-rounded proportional sampling
   -> totalSamples = ⌈a * total population⌉
   -> heavySamples = ⌈a * heavyPopulation⌉
   -> lightSamples = totalSamples - heavySamples
 
 q value:            0.0000000000000000     
 advice param:      0.29999999999999999     
 
 heavy samples:            230
 light samples:            441
 
 heavy cdf size:          764
 heavy cdf mean:    16.853909922397715     
 heavy cdf stdv:    5.5184316216654787     
 
 light cdf size:         1472
 light cdf mean:    12.008060513282821     
 light cdf stdv:    0.0000000000000000     
 sampling type:   sample only first q value
 timing:   0.15602000000000160      s
 
 Running stratEst  a=0.25...
 
 heavy-rounded proportional sampling
   -> totalSamples = ⌈a * total population⌉
   -> heavySamples = ⌈a * heavyPopulation⌉
   -> lightSamples = totalSamples - heavySamples
 
 q value:            0.0000000000000000     
 advice param:      0.25000000000000000     
 
 heavy samples:            191
 light samples:            368
 
 heavy cdf size:          764
 heavy cdf mean:    16.853909922397715     
 heavy cdf stdv:    5.5184316216654787     
 
 light cdf size:         1472
 light cdf mean:    12.008060513282821     
 light cdf stdv:    0.0000000000000000     
 sampling type:   sample only first q value
 timing:   0.10944800000000043      s
 
 Running stratEst  a=0.20...
 
 heavy-rounded proportional sampling
   -> totalSamples = ⌈a * total population⌉
   -> heavySamples = ⌈a * heavyPopulation⌉
   -> lightSamples = totalSamples - heavySamples
 
 q value:            0.0000000000000000     
 advice param:      0.20000000000000001     
 
 heavy samples:            153
 light samples:            295
 
 heavy cdf size:          764
 heavy cdf mean:    16.853909922397715     
 heavy cdf stdv:    5.5184316216654787     
 
 light cdf size:         1472
 light cdf mean:    12.008060513282821     
 light cdf stdv:    0.0000000000000000     
 sampling type:   sample only first q value
 timing:    7.0111000000000701E-002 s
 
 Running stratEst  a=0.15...
 
 heavy-rounded proportional sampling
   -> totalSamples = ⌈a * total population⌉
   -> heavySamples = ⌈a * heavyPopulation⌉
   -> lightSamples = totalSamples - heavySamples
 
 q value:            0.0000000000000000     
 advice param:      0.14999999999999999     
 
 heavy samples:            115
 light samples:            221
 
 heavy cdf size:          764
 heavy cdf mean:    16.853909922397715     
 heavy cdf stdv:    5.5184316216654787     
 
 light cdf size:         1472
 light cdf mean:    12.008060513282821     
 light cdf stdv:    0.0000000000000000     
 sampling type:   sample only first q value
 timing:    4.0183999999999997E-002 s
 
 Running propoEst  ε=0.450; ñ=        2236 ...
 timing:    2.0509089999999972      s
 
 Running propoEst  ε=0.440; ñ=        2236 ...
 timing:    2.0508640000000007      s
 
 Running propoEst  ε=0.430; ñ=        2236 ...
 timing:    2.0506080000000004      s
 
 Running propoEst  ε=0.420; ñ=        2236 ...
 timing:    2.0503359999999979      s
 
 Running propoEst  ε=0.410; ñ=        2236 ...
 timing:    2.0506129999999985      s
 
 Running propoEst  ε=0.400; ñ=        2236 ...
 timing:    2.0510929999999981      s
 
 Running propoEst  ε=0.390; ñ=        2236 ...
 timing:    2.0505889999999987      s
 
 Running propoEst  ε=0.380; ñ=        2236 ...
 timing:    2.0513029999999972      s
 
raw analysis saved at: Analysis/2026-04-03_01/analysis_BacteriorhodopsinArEnv.csv 
 Finished analysis of BacteriorhodopsinArEnv
STOP 0
 ====================
 
 ====================
 Analyzing:    Plastocyanin
 Number of atoms (n):        1117
 
 
 Running debyeEst...
 timing:    4.9900709999999995      s
 
 Running stratEst  a=0.50...
 
 heavy-rounded proportional sampling
   -> totalSamples = ⌈a * total population⌉
   -> heavySamples = ⌈a * heavyPopulation⌉
   -> lightSamples = totalSamples - heavySamples
 
 q value:            0.0000000000000000     
 advice param:      0.50000000000000000     
 
 heavy samples:            280
 light samples:            279
 
 heavy cdf size:          559
 heavy cdf mean:    15.686086129027368     
 heavy cdf stdv:    2.2701500570045470     
 
 light cdf size:          558
 light cdf mean:    12.008060513282821     
 light cdf stdv:    0.0000000000000000     
 sampling type:   sample only first q value
 timing:   0.10345000000000049      s
 
 Running stratEst  a=0.45...
 
 heavy-rounded proportional sampling
   -> totalSamples = ⌈a * total population⌉
   -> heavySamples = ⌈a * heavyPopulation⌉
   -> lightSamples = totalSamples - heavySamples
 
 q value:            0.0000000000000000     
 advice param:      0.45000000000000001     
 
 heavy samples:            252
 light samples:            251
 
 heavy cdf size:          559
 heavy cdf mean:    15.686086129027368     
 heavy cdf stdv:    2.2701500570045470     
 
 light cdf size:          558
 light cdf mean:    12.008060513282821     
 light cdf stdv:    0.0000000000000000     
 sampling type:   sample only first q value
 timing:    8.5016999999999676E-002 s
 
 Running stratEst  a=0.40...
 
 heavy-rounded proportional sampling
   -> totalSamples = ⌈a * total population⌉
   -> heavySamples = ⌈a * heavyPopulation⌉
   -> lightSamples = totalSamples - heavySamples
 
 q value:            0.0000000000000000     
 advice param:      0.40000000000000002     
 
 heavy samples:            224
 light samples:            223
 
 heavy cdf size:          559
 heavy cdf mean:    15.686086129027368     
 heavy cdf stdv:    2.2701500570045470     
 
 light cdf size:          558
 light cdf mean:    12.008060513282821     
 light cdf stdv:    0.0000000000000000     
 sampling type:   sample only first q value
 timing:    6.7203999999999375E-002 s
 
 Running stratEst  a=0.35...
 
 heavy-rounded proportional sampling
   -> totalSamples = ⌈a * total population⌉
   -> heavySamples = ⌈a * heavyPopulation⌉
   -> lightSamples = totalSamples - heavySamples
 
 q value:            0.0000000000000000     
 advice param:      0.34999999999999998     
 
 heavy samples:            196
 light samples:            195
 
 heavy cdf size:          559
 heavy cdf mean:    15.686086129027368     
 heavy cdf stdv:    2.2701500570045470     
 
 light cdf size:          558
 light cdf mean:    12.008060513282821     
 light cdf stdv:    0.0000000000000000     
 sampling type:   sample only first q value
 timing:    5.2137000000000100E-002 s
 
 Running stratEst  a=0.30...
 
 heavy-rounded proportional sampling
   -> totalSamples = ⌈a * total population⌉
   -> heavySamples = ⌈a * heavyPopulation⌉
   -> lightSamples = totalSamples - heavySamples
 
 q value:            0.0000000000000000     
 advice param:      0.29999999999999999     
 
 heavy samples:            168
 light samples:            168
 
 heavy cdf size:          559
 heavy cdf mean:    15.686086129027368     
 heavy cdf stdv:    2.2701500570045470     
 
 light cdf size:          558
 light cdf mean:    12.008060513282821     
 light cdf stdv:    0.0000000000000000     
 sampling type:   sample only first q value
 timing:    3.8454999999999906E-002 s
 
 Running stratEst  a=0.25...
 
 heavy-rounded proportional sampling
   -> totalSamples = ⌈a * total population⌉
   -> heavySamples = ⌈a * heavyPopulation⌉
   -> lightSamples = totalSamples - heavySamples
 
 q value:            0.0000000000000000     
 advice param:      0.25000000000000000     
 
 heavy samples:            140
 light samples:            140
 
 heavy cdf size:          559
 heavy cdf mean:    15.686086129027368     
 heavy cdf stdv:    2.2701500570045470     
 
 light cdf size:          558
 light cdf mean:    12.008060513282821     
 light cdf stdv:    0.0000000000000000     
 sampling type:   sample only first q value
 timing:    2.6927999999999841E-002 s
 
 Running stratEst  a=0.20...
 
 heavy-rounded proportional sampling
   -> totalSamples = ⌈a * total population⌉
   -> heavySamples = ⌈a * heavyPopulation⌉
   -> lightSamples = totalSamples - heavySamples
 
 q value:            0.0000000000000000     
 advice param:      0.20000000000000001     
 
 heavy samples:            112
 light samples:            112
 
 heavy cdf size:          559
 heavy cdf mean:    15.686086129027368     
 heavy cdf stdv:    2.2701500570045470     
 
 light cdf size:          558
 light cdf mean:    12.008060513282821     
 light cdf stdv:    0.0000000000000000     
 sampling type:   sample only first q value
 timing:    1.7735999999999308E-002 s
 
 Running stratEst  a=0.15...
 
 heavy-rounded proportional sampling
   -> totalSamples = ⌈a * total population⌉
   -> heavySamples = ⌈a * heavyPopulation⌉
   -> lightSamples = totalSamples - heavySamples
 
 q value:            0.0000000000000000     
 advice param:      0.14999999999999999     
 
 heavy samples:             84
 light samples:             84
 
 heavy cdf size:          559
 heavy cdf mean:    15.686086129027368     
 heavy cdf stdv:    2.2701500570045470     
 
 light cdf size:          558
 light cdf mean:    12.008060513282821     
 light cdf stdv:    0.0000000000000000     
 sampling type:   sample only first q value
 timing:    1.0221999999999731E-002 s
 
 Running propoEst  ε=0.450; ñ=        1117 ...
 timing:   0.51477800000000062      s
 
 Running propoEst  ε=0.440; ñ=        1117 ...
 timing:   0.51469399999999954      s
 
 Running propoEst  ε=0.430; ñ=        1117 ...
 timing:   0.51483100000000004      s
 
 Running propoEst  ε=0.420; ñ=        1117 ...
 timing:   0.51460599999999967      s
 
 Running propoEst  ε=0.410; ñ=        1117 ...
 timing:   0.51468799999999959      s
 
 Running propoEst  ε=0.400; ñ=        1117 ...
 timing:   0.51461800000000046      s
 
 Running propoEst  ε=0.390; ñ=        1117 ...
 timing:   0.51492700000000013      s
 
 Running propoEst  ε=0.380; ñ=        1117 ...
 timing:   0.51448399999999950      s
 
raw analysis saved at: Analysis/2026-04-03_01/analysis_Plastocyanin.csv 
 Finished analysis of Plastocyanin
STOP 0
 ====================
 
 ====================
 Analyzing:    RhccCarborane
 Number of atoms (n):        3426
 
 
 Running debyeEst...
 timing:    44.706328999999997      s
 
 Running stratEst  a=0.50...
 
 heavy-rounded proportional sampling
   -> totalSamples = ⌈a * total population⌉
   -> heavySamples = ⌈a * heavyPopulation⌉
   -> lightSamples = totalSamples - heavySamples
 
 q value:            0.0000000000000000     
 advice param:      0.50000000000000000     
 
 heavy samples:            860
 light samples:            853
 
 heavy cdf size:         1720
 heavy cdf mean:    13.238482539531374     
 heavy cdf stdv:    1.8887928472338069     
 
 light cdf size:         1706
 light cdf mean:    1.9999769926071544     
 light cdf stdv:    0.0000000000000000     
 sampling type:   sample only first q value
 timing:    1.0215219999999974      s
 
 Running stratEst  a=0.45...
 
 heavy-rounded proportional sampling
   -> totalSamples = ⌈a * total population⌉
   -> heavySamples = ⌈a * heavyPopulation⌉
   -> lightSamples = totalSamples - heavySamples
 
 q value:            0.0000000000000000     
 advice param:      0.45000000000000001     
 
 heavy samples:            774
 light samples:            768
 
 heavy cdf size:         1720
 heavy cdf mean:    13.238482539531374     
 heavy cdf stdv:    1.8887928472338069     
 
 light cdf size:         1706
 light cdf mean:    1.9999769926071544     
 light cdf stdv:    0.0000000000000000     
 sampling type:   sample only first q value
 timing:   0.83423700000000167      s
 
 Running stratEst  a=0.40...
 
 heavy-rounded proportional sampling
   -> totalSamples = ⌈a * total population⌉
   -> heavySamples = ⌈a * heavyPopulation⌉
   -> lightSamples = totalSamples - heavySamples
 
 q value:            0.0000000000000000     
 advice param:      0.40000000000000002     
 
 heavy samples:            688
 light samples:            683
 
 heavy cdf size:         1720
 heavy cdf mean:    13.238482539531374     
 heavy cdf stdv:    1.8887928472338069     
 
 light cdf size:         1706
 light cdf mean:    1.9999769926071544     
 light cdf stdv:    0.0000000000000000     
 sampling type:   sample only first q value
 timing:   0.65405099999999550      s
 
 Running stratEst  a=0.35...
 
 heavy-rounded proportional sampling
   -> totalSamples = ⌈a * total population⌉
   -> heavySamples = ⌈a * heavyPopulation⌉
   -> lightSamples = totalSamples - heavySamples
 
 q value:            0.0000000000000000     
 advice param:      0.34999999999999998     
 
 heavy samples:            602
 light samples:            598
 
 heavy cdf size:         1720
 heavy cdf mean:    13.238482539531374     
 heavy cdf stdv:    1.8887928472338069     
 
 light cdf size:         1706
 light cdf mean:    1.9999769926071544     
 light cdf stdv:    0.0000000000000000     
 sampling type:   sample only first q value
 timing:   0.50411200000000633      s
 
 Running stratEst  a=0.30...
 
 heavy-rounded proportional sampling
   -> totalSamples = ⌈a * total population⌉
   -> heavySamples = ⌈a * heavyPopulation⌉
   -> lightSamples = totalSamples - heavySamples
 
 q value:            0.0000000000000000     
 advice param:      0.29999999999999999     
 
 heavy samples:            516
 light samples:            512
 
 heavy cdf size:         1720
 heavy cdf mean:    13.238482539531374     
 heavy cdf stdv:    1.8887928472338069     
 
 light cdf size:         1706
 light cdf mean:    1.9999769926071544     
 light cdf stdv:    0.0000000000000000     
 sampling type:   sample only first q value
 timing:   0.36998799999999932      s
 
 Running stratEst  a=0.25...
 
 heavy-rounded proportional sampling
   -> totalSamples = ⌈a * total population⌉
   -> heavySamples = ⌈a * heavyPopulation⌉
   -> lightSamples = totalSamples - heavySamples
 
 q value:            0.0000000000000000     
 advice param:      0.25000000000000000     
 
 heavy samples:            430
 light samples:            427
 
 heavy cdf size:         1720
 heavy cdf mean:    13.238482539531374     
 heavy cdf stdv:    1.8887928472338069     
 
 light cdf size:         1706
 light cdf mean:    1.9999769926071544     
 light cdf stdv:    0.0000000000000000     
 sampling type:   sample only first q value
 timing:   0.25731100000000140      s
 
 Running stratEst  a=0.20...
 
 heavy-rounded proportional sampling
   -> totalSamples = ⌈a * total population⌉
   -> heavySamples = ⌈a * heavyPopulation⌉
   -> lightSamples = totalSamples - heavySamples
 
 q value:            0.0000000000000000     
 advice param:      0.20000000000000001     
 
 heavy samples:            344
 light samples:            342
 
 heavy cdf size:         1720
 heavy cdf mean:    13.238482539531374     
 heavy cdf stdv:    1.8887928472338069     
 
 light cdf size:         1706
 light cdf mean:    1.9999769926071544     
 light cdf stdv:    0.0000000000000000     
 sampling type:   sample only first q value
 timing:   0.16635000000000133      s
 
 Running stratEst  a=0.15...
 
 heavy-rounded proportional sampling
   -> totalSamples = ⌈a * total population⌉
   -> heavySamples = ⌈a * heavyPopulation⌉
   -> lightSamples = totalSamples - heavySamples
 
 q value:            0.0000000000000000     
 advice param:      0.14999999999999999     
 
 heavy samples:            258
 light samples:            256
 
 heavy cdf size:         1720
 heavy cdf mean:    13.238482539531374     
 heavy cdf stdv:    1.8887928472338069     
 
 light cdf size:         1706
 light cdf mean:    1.9999769926071544     
 light cdf stdv:    0.0000000000000000     
 sampling type:   sample only first q value
 timing:    9.3932000000002347E-002 s
 
 Running propoEst  ε=0.450; ñ=        3426 ...
 timing:    4.8879910000000066      s
 
 Running propoEst  ε=0.440; ñ=        3426 ...
 timing:    4.8869799999999941      s
 
 Running propoEst  ε=0.430; ñ=        3426 ...
 timing:    4.8883080000000021      s
 
 Running propoEst  ε=0.420; ñ=        3426 ...
 timing:    4.8885589999999937      s
 
 Running propoEst  ε=0.410; ñ=        3426 ...
 timing:    4.8871670000000051      s
 
 Running propoEst  ε=0.400; ñ=        3426 ...
 timing:    4.8882700000000057      s
 
 Running propoEst  ε=0.390; ñ=        3426 ...
 timing:    4.8885750000000030      s
 
 Running propoEst  ε=0.380; ñ=        3426 ...
 timing:    4.8881400000000070      s
 
raw analysis saved at: Analysis/2026-04-03_01/analysis_RhccCarborane.csv 
 Finished analysis of RhccCarborane
STOP 0
 ====================
 
 ====================
 Analyzing:    Selenow
 Number of atoms (n):        2773
 
 
 Running debyeEst...
 timing:    28.264659000000002      s
 
 Running stratEst  a=0.50...
 
 heavy-rounded proportional sampling
   -> totalSamples = ⌈a * total population⌉
   -> heavySamples = ⌈a * heavyPopulation⌉
   -> lightSamples = totalSamples - heavySamples
 
 q value:            0.0000000000000000     
 advice param:      0.50000000000000000     
 
 heavy samples:            534
 light samples:            853
 
 heavy cdf size:         1068
 heavy cdf mean:    15.506596916975669     
 heavy cdf stdv:    3.6407688697595555     
 
 light cdf size:         1705
 light cdf mean:    12.008060513282821     
 light cdf stdv:    0.0000000000000000     
 sampling type:   sample only first q value
 timing:   0.65389899999999912      s
 
 Running stratEst  a=0.45...
 
 heavy-rounded proportional sampling
   -> totalSamples = ⌈a * total population⌉
   -> heavySamples = ⌈a * heavyPopulation⌉
   -> lightSamples = totalSamples - heavySamples
 
 q value:            0.0000000000000000     
 advice param:      0.45000000000000001     
 
 heavy samples:            481
 light samples:            767
 
 heavy cdf size:         1068
 heavy cdf mean:    15.506596916975669     
 heavy cdf stdv:    3.6407688697595555     
 
 light cdf size:         1705
 light cdf mean:    12.008060513282821     
 light cdf stdv:    0.0000000000000000     
 sampling type:   sample only first q value
 timing:   0.52641299999999802      s
 
 Running stratEst  a=0.40...
 
 heavy-rounded proportional sampling
   -> totalSamples = ⌈a * total population⌉
   -> heavySamples = ⌈a * heavyPopulation⌉
   -> lightSamples = totalSamples - heavySamples
 
 q value:            0.0000000000000000     
 advice param:      0.40000000000000002     
 
 heavy samples:            428
 light samples:            682
 
 heavy cdf size:         1068
 heavy cdf mean:    15.506596916975669     
 heavy cdf stdv:    3.6407688697595555     
 
 light cdf size:         1705
 light cdf mean:    12.008060513282821     
 light cdf stdv:    0.0000000000000000     
 sampling type:   sample only first q value
 timing:   0.41647700000000043      s
 
 Running stratEst  a=0.35...
 
 heavy-rounded proportional sampling
   -> totalSamples = ⌈a * total population⌉
   -> heavySamples = ⌈a * heavyPopulation⌉
   -> lightSamples = totalSamples - heavySamples
 
 q value:            0.0000000000000000     
 advice param:      0.34999999999999998     
 
 heavy samples:            374
 light samples:            597
 
 heavy cdf size:         1068
 heavy cdf mean:    15.506596916975669     
 heavy cdf stdv:    3.6407688697595555     
 
 light cdf size:         1705
 light cdf mean:    12.008060513282821     
 light cdf stdv:    0.0000000000000000     
 sampling type:   sample only first q value
 timing:   0.31804300000000296      s
 
 Running stratEst  a=0.30...
 
 heavy-rounded proportional sampling
   -> totalSamples = ⌈a * total population⌉
   -> heavySamples = ⌈a * heavyPopulation⌉
   -> lightSamples = totalSamples - heavySamples
 
 q value:            0.0000000000000000     
 advice param:      0.29999999999999999     
 
 heavy samples:            321
 light samples:            511
 
 heavy cdf size:         1068
 heavy cdf mean:    15.506596916975669     
 heavy cdf stdv:    3.6407688697595555     
 
 light cdf size:         1705
 light cdf mean:    12.008060513282821     
 light cdf stdv:    0.0000000000000000     
 sampling type:   sample only first q value
 timing:   0.23569700000000182      s
 
 Running stratEst  a=0.25...
 
 heavy-rounded proportional sampling
   -> totalSamples = ⌈a * total population⌉
   -> heavySamples = ⌈a * heavyPopulation⌉
   -> lightSamples = totalSamples - heavySamples
 
 q value:            0.0000000000000000     
 advice param:      0.25000000000000000     
 
 heavy samples:            267
 light samples:            427
 
 heavy cdf size:         1068
 heavy cdf mean:    15.506596916975669     
 heavy cdf stdv:    3.6407688697595555     
 
 light cdf size:         1705
 light cdf mean:    12.008060513282821     
 light cdf stdv:    0.0000000000000000     
 sampling type:   sample only first q value
 timing:   0.16510699999999900      s
 
 Running stratEst  a=0.20...
 
 heavy-rounded proportional sampling
   -> totalSamples = ⌈a * total population⌉
   -> heavySamples = ⌈a * heavyPopulation⌉
   -> lightSamples = totalSamples - heavySamples
 
 q value:            0.0000000000000000     
 advice param:      0.20000000000000001     
 
 heavy samples:            214
 light samples:            341
 
 heavy cdf size:         1068
 heavy cdf mean:    15.506596916975669     
 heavy cdf stdv:    3.6407688697595555     
 
 light cdf size:         1705
 light cdf mean:    12.008060513282821     
 light cdf stdv:    0.0000000000000000     
 sampling type:   sample only first q value
 timing:   0.10831400000000002      s
 
 Running stratEst  a=0.15...
 
 heavy-rounded proportional sampling
   -> totalSamples = ⌈a * total population⌉
   -> heavySamples = ⌈a * heavyPopulation⌉
   -> lightSamples = totalSamples - heavySamples
 
 q value:            0.0000000000000000     
 advice param:      0.14999999999999999     
 
 heavy samples:            161
 light samples:            255
 
 heavy cdf size:         1068
 heavy cdf mean:    15.506596916975669     
 heavy cdf stdv:    3.6407688697595555     
 
 light cdf size:         1705
 light cdf mean:    12.008060513282821     
 light cdf stdv:    0.0000000000000000     
 sampling type:   sample only first q value
 timing:    6.0805000000001996E-002 s
 
 Running propoEst  ε=0.450; ñ=        2773 ...
 timing:    3.0508309999999987      s
 
 Running propoEst  ε=0.440; ñ=        2773 ...
 timing:    3.0506600000000006      s
 
 Running propoEst  ε=0.430; ñ=        2773 ...
 timing:    3.0513910000000024      s
 
 Running propoEst  ε=0.420; ñ=        2773 ...
 timing:    3.0510870000000025      s
 
 Running propoEst  ε=0.410; ñ=        2773 ...
 timing:    3.0510410000000050      s
 
 Running propoEst  ε=0.400; ñ=        2773 ...
 timing:    3.0505279999999999      s
 
 Running propoEst  ε=0.390; ñ=        2773 ...
 timing:    3.0504990000000021      s
 
 Running propoEst  ε=0.380; ñ=        2773 ...
 timing:    3.0504549999999995      s
 
raw analysis saved at: Analysis/2026-04-03_01/analysis_Selenow.csv 
 Finished analysis of Selenow
STOP 0
 ====================
 
 ====================
 Analyzing:    Stripak
 Number of atoms (n):       16613
 
 
 Running debyeEst...
ERROR in getF0: Element "Zn" not found
ERROR STOP 

Error termination. Backtrace:
#0  0xfffec9751797 in ???
#1  0xfffec9752577 in ???
#2  0xfffec9753b57 in ???
#3  0x4092fb in ???
#4  0x408e07 in ???
#5  0x40a907 in ???
#6  0x411db3 in ???
#7  0x4041a3 in ???
#8  0x408477 in ???
#9  0x403923 in ???
#10  0xfffec948621b in ???
#11  0xfffec94862fb in ???
#12  0x4039af in ???
#13  0xffffffffffffffff in ???
 
 **************************************
 ABORTING Stripak; CONTINUING ANALYSIS...
 **************************************
 ====================
 
 ====================
 Analyzing:    TeicoplaninUbiquitin
 Number of atoms (n):         768
 
 
 Running debyeEst...
 timing:    2.1443029999999998      s
 
 Running stratEst  a=0.50...
 
 heavy-rounded proportional sampling
   -> totalSamples = ⌈a * total population⌉
   -> heavySamples = ⌈a * heavyPopulation⌉
   -> lightSamples = totalSamples - heavySamples
 
 q value:            0.0000000000000000     
 advice param:      0.50000000000000000     
 
 heavy samples:            144
 light samples:            240
 
 heavy cdf size:          287
 heavy cdf mean:    15.373850918460800     
 heavy cdf stdv:    2.0575720821603576     
 
 light cdf size:          481
 light cdf mean:    12.008060513282821     
 light cdf stdv:    0.0000000000000000     
 sampling type:   sample only first q value
 timing:    4.9611000000000072E-002 s
 
 Running stratEst  a=0.45...
 
 heavy-rounded proportional sampling
   -> totalSamples = ⌈a * total population⌉
   -> heavySamples = ⌈a * heavyPopulation⌉
   -> lightSamples = totalSamples - heavySamples
 
 q value:            0.0000000000000000     
 advice param:      0.45000000000000001     
 
 heavy samples:            130
 light samples:            216
 
 heavy cdf size:          287
 heavy cdf mean:    15.373850918460800     
 heavy cdf stdv:    2.0575720821603576     
 
 light cdf size:          481
 light cdf mean:    12.008060513282821     
 light cdf stdv:    0.0000000000000000     
 sampling type:   sample only first q value
 timing:    4.0648999999999713E-002 s
 
 Running stratEst  a=0.40...
 
 heavy-rounded proportional sampling
   -> totalSamples = ⌈a * total population⌉
   -> heavySamples = ⌈a * heavyPopulation⌉
   -> lightSamples = totalSamples - heavySamples
 
 q value:            0.0000000000000000     
 advice param:      0.40000000000000002     
 
 heavy samples:            115
 light samples:            193
 
 heavy cdf size:          287
 heavy cdf mean:    15.373850918460800     
 heavy cdf stdv:    2.0575720821603576     
 
 light cdf size:          481
 light cdf mean:    12.008060513282821     
 light cdf stdv:    0.0000000000000000     
 sampling type:   sample only first q value
 timing:    3.2307000000000308E-002 s
 
 Running stratEst  a=0.35...
 
 heavy-rounded proportional sampling
   -> totalSamples = ⌈a * total population⌉
   -> heavySamples = ⌈a * heavyPopulation⌉
   -> lightSamples = totalSamples - heavySamples
 
 q value:            0.0000000000000000     
 advice param:      0.34999999999999998     
 
 heavy samples:            101
 light samples:            168
 
 heavy cdf size:          287
 heavy cdf mean:    15.373850918460800     
 heavy cdf stdv:    2.0575720821603576     
 
 light cdf size:          481
 light cdf mean:    12.008060513282821     
 light cdf stdv:    0.0000000000000000     
 sampling type:   sample only first q value
 timing:    2.4894000000000194E-002 s
 
 Running stratEst  a=0.30...
 
 heavy-rounded proportional sampling
   -> totalSamples = ⌈a * total population⌉
   -> heavySamples = ⌈a * heavyPopulation⌉
   -> lightSamples = totalSamples - heavySamples
 
 q value:            0.0000000000000000     
 advice param:      0.29999999999999999     
 
 heavy samples:             87
 light samples:            144
 
 heavy cdf size:          287
 heavy cdf mean:    15.373850918460800     
 heavy cdf stdv:    2.0575720821603576     
 
 light cdf size:          481
 light cdf mean:    12.008060513282821     
 light cdf stdv:    0.0000000000000000     
 sampling type:   sample only first q value
 timing:    1.8568000000000140E-002 s
 
 Running stratEst  a=0.25...
 
 heavy-rounded proportional sampling
   -> totalSamples = ⌈a * total population⌉
   -> heavySamples = ⌈a * heavyPopulation⌉
   -> lightSamples = totalSamples - heavySamples
 
 q value:            0.0000000000000000     
 advice param:      0.25000000000000000     
 
 heavy samples:             72
 light samples:            120
 
 heavy cdf size:          287
 heavy cdf mean:    15.373850918460800     
 heavy cdf stdv:    2.0575720821603576     
 
 light cdf size:          481
 light cdf mean:    12.008060513282821     
 light cdf stdv:    0.0000000000000000     
 sampling type:   sample only first q value
 timing:    1.3047000000000253E-002 s
 
 Running stratEst  a=0.20...
 
 heavy-rounded proportional sampling
   -> totalSamples = ⌈a * total population⌉
   -> heavySamples = ⌈a * heavyPopulation⌉
   -> lightSamples = totalSamples - heavySamples
 
 q value:            0.0000000000000000     
 advice param:      0.20000000000000001     
 
 heavy samples:             58
 light samples:             96
 
 heavy cdf size:          287
 heavy cdf mean:    15.373850918460800     
 heavy cdf stdv:    2.0575720821603576     
 
 light cdf size:          481
 light cdf mean:    12.008060513282821     
 light cdf stdv:    0.0000000000000000     
 sampling type:   sample only first q value
 timing:    8.7030000000001273E-003 s
 
 Running stratEst  a=0.15...
 
 heavy-rounded proportional sampling
   -> totalSamples = ⌈a * total population⌉
   -> heavySamples = ⌈a * heavyPopulation⌉
   -> lightSamples = totalSamples - heavySamples
 
 q value:            0.0000000000000000     
 advice param:      0.14999999999999999     
 
 heavy samples:             44
 light samples:             72
 
 heavy cdf size:          287
 heavy cdf mean:    15.373850918460800     
 heavy cdf stdv:    2.0575720821603576     
 
 light cdf size:          481
 light cdf mean:    12.008060513282821     
 light cdf stdv:    0.0000000000000000     
 sampling type:   sample only first q value
 timing:    5.0790000000002777E-003 s
 
 Running propoEst  ε=0.450; ñ=         768 ...
 timing:   0.23178799999999988      s
 
 Running propoEst  ε=0.440; ñ=         768 ...
 timing:   0.23185000000000011      s
 
 Running propoEst  ε=0.430; ñ=         768 ...
 timing:   0.23182999999999998      s
 
 Running propoEst  ε=0.420; ñ=         768 ...
 timing:   0.23194499999999962      s
 
 Running propoEst  ε=0.410; ñ=         768 ...
 timing:   0.23202400000000001      s
 
 Running propoEst  ε=0.400; ñ=         768 ...
 timing:   0.23204000000000002      s
 
 Running propoEst  ε=0.390; ñ=         768 ...
 timing:   0.23185199999999995      s
 
 Running propoEst  ε=0.380; ñ=         768 ...
 timing:   0.23186700000000027      s
 
raw analysis saved at: Analysis/2026-04-03_01/analysis_TeicoplaninUbiquitin.csv 
 Finished analysis of TeicoplaninUbiquitin
STOP 0
 ====================
 
 ====================
 Analyzing:    TetToxHcGT1b
 Number of atoms (n):        3859
 
 
 Running debyeEst...
 timing:    54.334288000000001      s
 
 Running stratEst  a=0.50...
 
 heavy-rounded proportional sampling
   -> totalSamples = ⌈a * total population⌉
   -> heavySamples = ⌈a * heavyPopulation⌉
   -> lightSamples = totalSamples - heavySamples
 
 q value:            0.0000000000000000     
 advice param:      0.50000000000000000     
 
 heavy samples:            726
 light samples:           1204
 
 heavy cdf size:         1452
 heavy cdf mean:    15.282748647338227     
 heavy cdf stdv:    1.7232216486921288     
 
 light cdf size:         2407
 light cdf mean:    9.9776157152329219E-003
 light cdf stdv:   0.34606649099655601     
 sampling type:   sample only first q value
 timing:    1.3036180000000002      s
 
 Running stratEst  a=0.45...
 
 heavy-rounded proportional sampling
   -> totalSamples = ⌈a * total population⌉
   -> heavySamples = ⌈a * heavyPopulation⌉
   -> lightSamples = totalSamples - heavySamples
 
 q value:            0.0000000000000000     
 advice param:      0.45000000000000001     
 
 heavy samples:            654
 light samples:           1083
 
 heavy cdf size:         1452
 heavy cdf mean:    15.282748647338227     
 heavy cdf stdv:    1.7232216486921288     
 
 light cdf size:         2407
 light cdf mean:    9.9776157152329219E-003
 light cdf stdv:   0.34606649099655601     
 sampling type:   sample only first q value
 timing:    1.0566609999999983      s
 
 Running stratEst  a=0.40...
 
 heavy-rounded proportional sampling
   -> totalSamples = ⌈a * total population⌉
   -> heavySamples = ⌈a * heavyPopulation⌉
   -> lightSamples = totalSamples - heavySamples
 
 q value:            0.0000000000000000     
 advice param:      0.40000000000000002     
 
 heavy samples:            581
 light samples:            963
 
 heavy cdf size:         1452
 heavy cdf mean:    15.282748647338227     
 heavy cdf stdv:    1.7232216486921288     
 
 light cdf size:         2407
 light cdf mean:    9.9776157152329219E-003
 light cdf stdv:   0.34606649099655601     
 sampling type:   sample only first q value
 timing:   0.83424999999999727      s
 
 Running stratEst  a=0.35...
 
 heavy-rounded proportional sampling
   -> totalSamples = ⌈a * total population⌉
   -> heavySamples = ⌈a * heavyPopulation⌉
   -> lightSamples = totalSamples - heavySamples
 
 q value:            0.0000000000000000     
 advice param:      0.34999999999999998     
 
 heavy samples:            509
 light samples:            842
 
 heavy cdf size:         1452
 heavy cdf mean:    15.282748647338227     
 heavy cdf stdv:    1.7232216486921288     
 
 light cdf size:         2407
 light cdf mean:    9.9776157152329219E-003
 light cdf stdv:   0.34606649099655601     
 sampling type:   sample only first q value
 timing:   0.63811599999999657      s
 
 Running stratEst  a=0.30...
 
 heavy-rounded proportional sampling
   -> totalSamples = ⌈a * total population⌉
   -> heavySamples = ⌈a * heavyPopulation⌉
   -> lightSamples = totalSamples - heavySamples
 
 q value:            0.0000000000000000     
 advice param:      0.29999999999999999     
 
 heavy samples:            436
 light samples:            722
 
 heavy cdf size:         1452
 heavy cdf mean:    15.282748647338227     
 heavy cdf stdv:    1.7232216486921288     
 
 light cdf size:         2407
 light cdf mean:    9.9776157152329219E-003
 light cdf stdv:   0.34606649099655601     
 sampling type:   sample only first q value
 timing:   0.46975199999999973      s
 
 Running stratEst  a=0.25...
 
 heavy-rounded proportional sampling
   -> totalSamples = ⌈a * total population⌉
   -> heavySamples = ⌈a * heavyPopulation⌉
   -> lightSamples = totalSamples - heavySamples
 
 q value:            0.0000000000000000     
 advice param:      0.25000000000000000     
 
 heavy samples:            363
 light samples:            602
 
 heavy cdf size:         1452
 heavy cdf mean:    15.282748647338227     
 heavy cdf stdv:    1.7232216486921288     
 
 light cdf size:         2407
 light cdf mean:    9.9776157152329219E-003
 light cdf stdv:   0.34606649099655601     
 sampling type:   sample only first q value
 timing:   0.32761399999999696      s
 
 Running stratEst  a=0.20...
 
 heavy-rounded proportional sampling
   -> totalSamples = ⌈a * total population⌉
   -> heavySamples = ⌈a * heavyPopulation⌉
   -> lightSamples = totalSamples - heavySamples
 
 q value:            0.0000000000000000     
 advice param:      0.20000000000000001     
 
 heavy samples:            291
 light samples:            481
 
 heavy cdf size:         1452
 heavy cdf mean:    15.282748647338227     
 heavy cdf stdv:    1.7232216486921288     
 
 light cdf size:         2407
 light cdf mean:    9.9776157152329219E-003
 light cdf stdv:   0.34606649099655601     
 sampling type:   sample only first q value
 timing:   0.20943100000000214      s
 
 Running stratEst  a=0.15...
 
 heavy-rounded proportional sampling
   -> totalSamples = ⌈a * total population⌉
   -> heavySamples = ⌈a * heavyPopulation⌉
   -> lightSamples = totalSamples - heavySamples
 
 q value:            0.0000000000000000     
 advice param:      0.14999999999999999     
 
 heavy samples:            218
 light samples:            361
 
 heavy cdf size:         1452
 heavy cdf mean:    15.282748647338227     
 heavy cdf stdv:    1.7232216486921288     
 
 light cdf size:         2407
 light cdf mean:    9.9776157152329219E-003
 light cdf stdv:   0.34606649099655601     
 sampling type:   sample only first q value
 timing:   0.11927599999999927      s
 
 Running propoEst  ε=0.450; ñ=        3859 ...
 timing:    5.9843280000000050      s
 
 Running propoEst  ε=0.440; ñ=        3859 ...
 timing:    5.9844629999999910      s
 
 Running propoEst  ε=0.430; ñ=        3859 ...
 timing:    5.9836899999999957      s
 
 Running propoEst  ε=0.420; ñ=        3859 ...
 timing:    5.9838440000000048      s
 
 Running propoEst  ε=0.410; ñ=        3859 ...
 timing:    5.9842919999999964      s
 
 Running propoEst  ε=0.400; ñ=        3859 ...
 timing:    5.9835429999999974      s
 
 Running propoEst  ε=0.390; ñ=        3859 ...
 timing:    5.9845619999999968      s
 
 Running propoEst  ε=0.380; ñ=        3859 ...
 timing:    5.9849909999999937      s
 
raw analysis saved at: Analysis/2026-04-03_01/analysis_TetToxHcGT1b.csv 
 Finished analysis of TetToxHcGT1b
Note: The following floating-point exceptions are signalling: IEEE_INVALID_FLAG
STOP 0
 ====================
 
 ====================
 Analyzing:    VancomycinLacticAcid
 Number of atoms (n):         536
 
 
 Running debyeEst...
 timing:    1.1331439999999999      s
 
 Running stratEst  a=0.50...
 
 heavy-rounded proportional sampling
   -> totalSamples = ⌈a * total population⌉
   -> heavySamples = ⌈a * heavyPopulation⌉
   -> lightSamples = totalSamples - heavySamples
 
 q value:            0.0000000000000000     
 advice param:      0.50000000000000000     
 
 heavy samples:            120
 light samples:            148
 
 heavy cdf size:          240
 heavy cdf mean:    15.722437296388078     
 heavy cdf stdv:   0.71908961880771849     
 
 light cdf size:          296
 light cdf mean:    12.008060513282821     
 light cdf stdv:    0.0000000000000000     
 sampling type:   sample only first q value
 timing:    2.4432999999999927E-002 s
 
 Running stratEst  a=0.45...
 
 heavy-rounded proportional sampling
   -> totalSamples = ⌈a * total population⌉
   -> heavySamples = ⌈a * heavyPopulation⌉
   -> lightSamples = totalSamples - heavySamples
 
 q value:            0.0000000000000000     
 advice param:      0.45000000000000001     
 
 heavy samples:            108
 light samples:            134
 
 heavy cdf size:          240
 heavy cdf mean:    15.722437296388078     
 heavy cdf stdv:   0.71908961880771849     
 
 light cdf size:          296
 light cdf mean:    12.008060513282821     
 light cdf stdv:    0.0000000000000000     
 sampling type:   sample only first q value
 timing:    1.9897000000000054E-002 s
 
 Running stratEst  a=0.40...
 
 heavy-rounded proportional sampling
   -> totalSamples = ⌈a * total population⌉
   -> heavySamples = ⌈a * heavyPopulation⌉
   -> lightSamples = totalSamples - heavySamples
 
 q value:            0.0000000000000000     
 advice param:      0.40000000000000002     
 
 heavy samples:             96
 light samples:            119
 
 heavy cdf size:          240
 heavy cdf mean:    15.722437296388078     
 heavy cdf stdv:   0.71908961880771849     
 
 light cdf size:          296
 light cdf mean:    12.008060513282821     
 light cdf stdv:    0.0000000000000000     
 sampling type:   sample only first q value
 timing:    1.5888000000000124E-002 s
 
 Running stratEst  a=0.35...
 
 heavy-rounded proportional sampling
   -> totalSamples = ⌈a * total population⌉
   -> heavySamples = ⌈a * heavyPopulation⌉
   -> lightSamples = totalSamples - heavySamples
 
 q value:            0.0000000000000000     
 advice param:      0.34999999999999998     
 
 heavy samples:             84
 light samples:            104
 
 heavy cdf size:          240
 heavy cdf mean:    15.722437296388078     
 heavy cdf stdv:   0.71908961880771849     
 
 light cdf size:          296
 light cdf mean:    12.008060513282821     
 light cdf stdv:    0.0000000000000000     
 sampling type:   sample only first q value
 timing:    1.2369000000000074E-002 s
 
 Running stratEst  a=0.30...
 
 heavy-rounded proportional sampling
   -> totalSamples = ⌈a * total population⌉
   -> heavySamples = ⌈a * heavyPopulation⌉
   -> lightSamples = totalSamples - heavySamples
 
 q value:            0.0000000000000000     
 advice param:      0.29999999999999999     
 
 heavy samples:             72
 light samples:             89
 
 heavy cdf size:          240
 heavy cdf mean:    15.722437296388078     
 heavy cdf stdv:   0.71908961880771849     
 
 light cdf size:          296
 light cdf mean:    12.008060513282821     
 light cdf stdv:    0.0000000000000000     
 sampling type:   sample only first q value
 timing:    9.2799999999999550E-003 s
 
 Running stratEst  a=0.25...
 
 heavy-rounded proportional sampling
   -> totalSamples = ⌈a * total population⌉
   -> heavySamples = ⌈a * heavyPopulation⌉
   -> lightSamples = totalSamples - heavySamples
 
 q value:            0.0000000000000000     
 advice param:      0.25000000000000000     
 
 heavy samples:             60
 light samples:             74
 
 heavy cdf size:          240
 heavy cdf mean:    15.722437296388078     
 heavy cdf stdv:   0.71908961880771849     
 
 light cdf size:          296
 light cdf mean:    12.008060513282821     
 light cdf stdv:    0.0000000000000000     
 sampling type:   sample only first q value
 timing:    6.5770000000000550E-003 s
 
 Running stratEst  a=0.20...
 
 heavy-rounded proportional sampling
   -> totalSamples = ⌈a * total population⌉
   -> heavySamples = ⌈a * heavyPopulation⌉
   -> lightSamples = totalSamples - heavySamples
 
 q value:            0.0000000000000000     
 advice param:      0.20000000000000001     
 
 heavy samples:             48
 light samples:             60
 
 heavy cdf size:          240
 heavy cdf mean:    15.722437296388078     
 heavy cdf stdv:   0.71908961880771849     
 
 light cdf size:          296
 light cdf mean:    12.008060513282821     
 light cdf stdv:    0.0000000000000000     
 sampling type:   sample only first q value
 timing:    4.4379999999999420E-003 s
 
 Running stratEst  a=0.15...
 
 heavy-rounded proportional sampling
   -> totalSamples = ⌈a * total population⌉
   -> heavySamples = ⌈a * heavyPopulation⌉
   -> lightSamples = totalSamples - heavySamples
 
 q value:            0.0000000000000000     
 advice param:      0.14999999999999999     
 
 heavy samples:             36
 light samples:             45
 
 heavy cdf size:          240
 heavy cdf mean:    15.722437296388078     
 heavy cdf stdv:   0.71908961880771849     
 
 light cdf size:          296
 light cdf mean:    12.008060513282821     
 light cdf stdv:    0.0000000000000000     
 sampling type:   sample only first q value
 timing:    2.6700000000001722E-003 s
 
 Running propoEst  ε=0.450; ñ=         536 ...
 timing:   0.12087200000000009      s
 
 Running propoEst  ε=0.440; ñ=         536 ...
 timing:   0.12098799999999987      s
 
 Running propoEst  ε=0.430; ñ=         536 ...
 timing:   0.12084600000000001      s
 
 Running propoEst  ε=0.420; ñ=         536 ...
 timing:   0.12085400000000002      s
 
 Running propoEst  ε=0.410; ñ=         536 ...
 timing:   0.12088699999999997      s
 
 Running propoEst  ε=0.400; ñ=         536 ...
 timing:   0.12083900000000014      s
 
 Running propoEst  ε=0.390; ñ=         536 ...
 timing:   0.12090100000000015      s
 
 Running propoEst  ε=0.380; ñ=         536 ...
 timing:   0.12088500000000035      s
 
raw analysis saved at: Analysis/2026-04-03_01/analysis_VancomycinLacticAcid.csv 
 Finished analysis of VancomycinLacticAcid
STOP 0
 ====================
 
 ====================
 Analyzing:    VATPaseLiRotor
 Number of atoms (n):       12831
 
 
 Running debyeEst...
 timing:    594.34949799999993      s
 
 Running stratEst  a=0.50...
 
 heavy-rounded proportional sampling
   -> totalSamples = ⌈a * total population⌉
   -> heavySamples = ⌈a * heavyPopulation⌉
   -> lightSamples = totalSamples - heavySamples
 
 q value:            0.0000000000000000     
 advice param:      0.50000000000000000     
 
 heavy samples:           2225
 light samples:           4191
 
 heavy cdf size:         4449
 heavy cdf mean:    15.534471577583489     
 heavy cdf stdv:    2.5468835019019678     
 
 light cdf size:         8382
 light cdf mean:    6.0074673865730297     
 light cdf stdv:   0.20739843660141202     
 sampling type:   sample only first q value
 timing:    14.503053000000023      s
 
 Running stratEst  a=0.45...
 
 heavy-rounded proportional sampling
   -> totalSamples = ⌈a * total population⌉
   -> heavySamples = ⌈a * heavyPopulation⌉
   -> lightSamples = totalSamples - heavySamples
 
 q value:            0.0000000000000000     
 advice param:      0.45000000000000001     
 
 heavy samples:           2003
 light samples:           3771
 
 heavy cdf size:         4449
 heavy cdf mean:    15.534471577583489     
 heavy cdf stdv:    2.5468835019019678     
 
 light cdf size:         8382
 light cdf mean:    6.0074673865730297     
 light cdf stdv:   0.20739843660141202     
 sampling type:   sample only first q value
 timing:    11.745773999999983      s
 
 Running stratEst  a=0.40...
 
 heavy-rounded proportional sampling
   -> totalSamples = ⌈a * total population⌉
   -> heavySamples = ⌈a * heavyPopulation⌉
   -> lightSamples = totalSamples - heavySamples
 
 q value:            0.0000000000000000     
 advice param:      0.40000000000000002     
 
 heavy samples:           1780
 light samples:           3353
 
 heavy cdf size:         4449
 heavy cdf mean:    15.534471577583489     
 heavy cdf stdv:    2.5468835019019678     
 
 light cdf size:         8382
 light cdf mean:    6.0074673865730297     
 light cdf stdv:   0.20739843660141202     
 sampling type:   sample only first q value
 timing:    9.2844860000000153      s
 
 Running stratEst  a=0.35...
 
 heavy-rounded proportional sampling
   -> totalSamples = ⌈a * total population⌉
   -> heavySamples = ⌈a * heavyPopulation⌉
   -> lightSamples = totalSamples - heavySamples
 
 q value:            0.0000000000000000     
 advice param:      0.34999999999999998     
 
 heavy samples:           1558
 light samples:           2933
 
 heavy cdf size:         4449
 heavy cdf mean:    15.534471577583489     
 heavy cdf stdv:    2.5468835019019678     
 
 light cdf size:         8382
 light cdf mean:    6.0074673865730297     
 light cdf stdv:   0.20739843660141202     
 sampling type:   sample only first q value
 timing:    7.1171800000000758      s
 
 Running stratEst  a=0.30...
 
 heavy-rounded proportional sampling
   -> totalSamples = ⌈a * total population⌉
   -> heavySamples = ⌈a * heavyPopulation⌉
   -> lightSamples = totalSamples - heavySamples
 
 q value:            0.0000000000000000     
 advice param:      0.29999999999999999     
 
 heavy samples:           1335
 light samples:           2515
 
 heavy cdf size:         4449
 heavy cdf mean:    15.534471577583489     
 heavy cdf stdv:    2.5468835019019678     
 
 light cdf size:         8382
 light cdf mean:    6.0074673865730297     
 light cdf stdv:   0.20739843660141202     
 sampling type:   sample only first q value
 timing:    5.2331750000000739      s
 
 Running stratEst  a=0.25...
 
 heavy-rounded proportional sampling
   -> totalSamples = ⌈a * total population⌉
   -> heavySamples = ⌈a * heavyPopulation⌉
   -> lightSamples = totalSamples - heavySamples
 
 q value:            0.0000000000000000     
 advice param:      0.25000000000000000     
 
 heavy samples:           1113
 light samples:           2095
 
 heavy cdf size:         4449
 heavy cdf mean:    15.534471577583489     
 heavy cdf stdv:    2.5468835019019678     
 
 light cdf size:         8382
 light cdf mean:    6.0074673865730297     
 light cdf stdv:   0.20739843660141202     
 sampling type:   sample only first q value
 timing:    3.6392839999999751      s
 
 Running stratEst  a=0.20...
 
 heavy-rounded proportional sampling
   -> totalSamples = ⌈a * total population⌉
   -> heavySamples = ⌈a * heavyPopulation⌉
   -> lightSamples = totalSamples - heavySamples
 
 q value:            0.0000000000000000     
 advice param:      0.20000000000000001     
 
 heavy samples:            890
 light samples:           1677
 
 heavy cdf size:         4449
 heavy cdf mean:    15.534471577583489     
 heavy cdf stdv:    2.5468835019019678     
 
 light cdf size:         8382
 light cdf mean:    6.0074673865730297     
 light cdf stdv:   0.20739843660141202     
 sampling type:   sample only first q value
 timing:    2.3271280000000161      s
 
 Running stratEst  a=0.15...
 
 heavy-rounded proportional sampling
   -> totalSamples = ⌈a * total population⌉
   -> heavySamples = ⌈a * heavyPopulation⌉
   -> lightSamples = totalSamples - heavySamples
 
 q value:            0.0000000000000000     
 advice param:      0.14999999999999999     
 
 heavy samples:            668
 light samples:           1257
 
 heavy cdf size:         4449
 heavy cdf mean:    15.534471577583489     
 heavy cdf stdv:    2.5468835019019678     
 
 light cdf size:         8382
 light cdf mean:    6.0074673865730297     
 light cdf stdv:   0.20739843660141202     
 sampling type:   sample only first q value
 timing:    1.3069819999999481      s
 
 Running propoEst  ε=0.450; ñ=       12831 ...
 timing:    67.181146000000012      s
 
 Running propoEst  ε=0.440; ñ=       12831 ...
 timing:    67.170213999999987      s
 
 Running propoEst  ε=0.430; ñ=       12831 ...
 timing:    67.182707000000050      s
 
 Running propoEst  ε=0.420; ñ=       12831 ...
 timing:    67.177965000000086      s
 
 Running propoEst  ε=0.410; ñ=       12831 ...
 timing:    67.227016999999933      s
 
 Running propoEst  ε=0.400; ñ=       12831 ...
 timing:    67.212075000000027      s
 
 Running propoEst  ε=0.390; ñ=       12831 ...
 timing:    67.193835000000036      s
 
 Running propoEst  ε=0.380; ñ=       12831 ...
 timing:    67.194670000000087      s
 
raw analysis saved at: Analysis/2026-04-03_01/analysis_VATPaseLiRotor.csv 
 Finished analysis of VATPaseLiRotor
STOP 0
 ====================
 
 ====================
 Analyzing:    XyloseIsomerase
 Number of atoms (n):        6614
 
 
 Running debyeEst...
 timing:    165.23905300000001      s
 
 Running stratEst  a=0.50...
 
 heavy-rounded proportional sampling
   -> totalSamples = ⌈a * total population⌉
   -> heavySamples = ⌈a * heavyPopulation⌉
   -> lightSamples = totalSamples - heavySamples
 
 q value:            0.0000000000000000     
 advice param:      0.50000000000000000     
 
 heavy samples:           1383
 light samples:           1924
 
 heavy cdf size:         2766
 heavy cdf mean:    15.326759120078711     
 heavy cdf stdv:    1.2392565743095849     
 
 light cdf size:         3848
 light cdf mean:    12.008060513282821     
 light cdf stdv:    0.0000000000000000     
 sampling type:   sample only first q value
 timing:    3.8553890000000024      s
 
 Running stratEst  a=0.45...
 
 heavy-rounded proportional sampling
   -> totalSamples = ⌈a * total population⌉
   -> heavySamples = ⌈a * heavyPopulation⌉
   -> lightSamples = totalSamples - heavySamples
 
 q value:            0.0000000000000000     
 advice param:      0.45000000000000001     
 
 heavy samples:           1245
 light samples:           1732
 
 heavy cdf size:         2766
 heavy cdf mean:    15.326759120078711     
 heavy cdf stdv:    1.2392565743095849     
 
 light cdf size:         3848
 light cdf mean:    12.008060513282821     
 light cdf stdv:    0.0000000000000000     
 sampling type:   sample only first q value
 timing:    3.1138959999999827      s
 
 Running stratEst  a=0.40...
 
 heavy-rounded proportional sampling
   -> totalSamples = ⌈a * total population⌉
   -> heavySamples = ⌈a * heavyPopulation⌉
   -> lightSamples = totalSamples - heavySamples
 
 q value:            0.0000000000000000     
 advice param:      0.40000000000000002     
 
 heavy samples:           1107
 light samples:           1539
 
 heavy cdf size:         2766
 heavy cdf mean:    15.326759120078711     
 heavy cdf stdv:    1.2392565743095849     
 
 light cdf size:         3848
 light cdf mean:    12.008060513282821     
 light cdf stdv:    0.0000000000000000     
 sampling type:   sample only first q value
 timing:    2.4576920000000086      s
 
 Running stratEst  a=0.35...
 
 heavy-rounded proportional sampling
   -> totalSamples = ⌈a * total population⌉
   -> heavySamples = ⌈a * heavyPopulation⌉
   -> lightSamples = totalSamples - heavySamples
 
 q value:            0.0000000000000000     
 advice param:      0.34999999999999998     
 
 heavy samples:            969
 light samples:           1346
 
 heavy cdf size:         2766
 heavy cdf mean:    15.326759120078711     
 heavy cdf stdv:    1.2392565743095849     
 
 light cdf size:         3848
 light cdf mean:    12.008060513282821     
 light cdf stdv:    0.0000000000000000     
 sampling type:   sample only first q value
 timing:    1.8859700000000146      s
 
 Running stratEst  a=0.30...
 
 heavy-rounded proportional sampling
   -> totalSamples = ⌈a * total population⌉
   -> heavySamples = ⌈a * heavyPopulation⌉
   -> lightSamples = totalSamples - heavySamples
 
 q value:            0.0000000000000000     
 advice param:      0.29999999999999999     
 
 heavy samples:            830
 light samples:           1155
 
 heavy cdf size:         2766
 heavy cdf mean:    15.326759120078711     
 heavy cdf stdv:    1.2392565743095849     
 
 light cdf size:         3848
 light cdf mean:    12.008060513282821     
 light cdf stdv:    0.0000000000000000     
 sampling type:   sample only first q value
 timing:    1.3898829999999975      s
 
 Running stratEst  a=0.25...
 
 heavy-rounded proportional sampling
   -> totalSamples = ⌈a * total population⌉
   -> heavySamples = ⌈a * heavyPopulation⌉
   -> lightSamples = totalSamples - heavySamples
 
 q value:            0.0000000000000000     
 advice param:      0.25000000000000000     
 
 heavy samples:            692
 light samples:            962
 
 heavy cdf size:         2766
 heavy cdf mean:    15.326759120078711     
 heavy cdf stdv:    1.2392565743095849     
 
 light cdf size:         3848
 light cdf mean:    12.008060513282821     
 light cdf stdv:    0.0000000000000000     
 sampling type:   sample only first q value
 timing:   0.96581900000001042      s
 
 Running stratEst  a=0.20...
 
 heavy-rounded proportional sampling
   -> totalSamples = ⌈a * total population⌉
   -> heavySamples = ⌈a * heavyPopulation⌉
   -> lightSamples = totalSamples - heavySamples
 
 q value:            0.0000000000000000     
 advice param:      0.20000000000000001     
 
 heavy samples:            554
 light samples:            769
 
 heavy cdf size:         2766
 heavy cdf mean:    15.326759120078711     
 heavy cdf stdv:    1.2392565743095849     
 
 light cdf size:         3848
 light cdf mean:    12.008060513282821     
 light cdf stdv:    0.0000000000000000     
 sampling type:   sample only first q value
 timing:   0.62260699999998792      s
 
 Running stratEst  a=0.15...
 
 heavy-rounded proportional sampling
   -> totalSamples = ⌈a * total population⌉
   -> heavySamples = ⌈a * heavyPopulation⌉
   -> lightSamples = totalSamples - heavySamples
 
 q value:            0.0000000000000000     
 advice param:      0.14999999999999999     
 
 heavy samples:            415
 light samples:            578
 
 heavy cdf size:         2766
 heavy cdf mean:    15.326759120078711     
 heavy cdf stdv:    1.2392565743095849     
 
 light cdf size:         3848
 light cdf mean:    12.008060513282821     
 light cdf stdv:    0.0000000000000000     
 sampling type:   sample only first q value
 timing:   0.35031599999999230      s
 
 Running propoEst  ε=0.450; ñ=        6614 ...
 timing:    18.140365000000003      s
 
 Running propoEst  ε=0.440; ñ=        6614 ...
 timing:    18.138282000000004      s
 
 Running propoEst  ε=0.430; ñ=        6614 ...
 timing:    18.134159000000011      s
 
 Running propoEst  ε=0.420; ñ=        6614 ...
 timing:    18.131645999999989      s
 
 Running propoEst  ε=0.410; ñ=        6614 ...
 timing:    18.145515999999986      s
 
 Running propoEst  ε=0.400; ñ=        6614 ...
 timing:    18.146045999999956      s
 
 Running propoEst  ε=0.390; ñ=        6614 ...
 timing:    18.139738999999963      s
 
 Running propoEst  ε=0.380; ñ=        6614 ...
 timing:    18.141024000000016      s
 
raw analysis saved at: Analysis/2026-04-03_01/analysis_XyloseIsomerase.csv 
 Finished analysis of XyloseIsomerase
STOP 0
 ====================
Warning messages:
1: Removed 208 rows containing missing values or values outside the scale range
(`geom_line()`). 
2: Removed 208 rows containing missing values or values outside the scale range
(`geom_point()`). 
3: Removed 208 rows containing missing values or values outside the scale range
(`geom_line()`). 
4: Removed 208 rows containing missing values or values outside the scale range
(`geom_point()`). 
 
 All molecules processed.
TOTAL EXECUTION TIME: 1821.35 s
